Archive member included to satisfy reference by file (symbol)

c:/progra~2/gnuarm~1/102021~1.10/bin/../lib/gcc/arm-none-eabi/10.3.1/thumb/v6-m/nofp\libgcc.a(_dvmd_tls.o)
                              CMakeFiles/Brushed_main.dir/C_/Users/Pablo/Documents/Programacion/Firmware/RP2040/pico-sdk/src/rp2_common/pico_divider/divider.S.obj (__aeabi_idiv0)
c:/progra~2/gnuarm~1/102021~1.10/bin/../lib/gcc/arm-none-eabi/10.3.1/../../../../arm-none-eabi/lib/thumb/v6-m/nofp\libg.a(lib_a-calloc.o)
                              CMakeFiles/Brushed_main.dir/C_/Users/Pablo/Documents/Programacion/Firmware/RP2040/pico-sdk/src/rp2_common/pico_malloc/pico_malloc.c.obj (calloc)
c:/progra~2/gnuarm~1/102021~1.10/bin/../lib/gcc/arm-none-eabi/10.3.1/../../../../arm-none-eabi/lib/thumb/v6-m/nofp\libg.a(lib_a-callocr.o)
                              c:/progra~2/gnuarm~1/102021~1.10/bin/../lib/gcc/arm-none-eabi/10.3.1/../../../../arm-none-eabi/lib/thumb/v6-m/nofp\libg.a(lib_a-calloc.o) (_calloc_r)
c:/progra~2/gnuarm~1/102021~1.10/bin/../lib/gcc/arm-none-eabi/10.3.1/../../../../arm-none-eabi/lib/thumb/v6-m/nofp\libg.a(lib_a-ctype_.o)
                              CMakeFiles/Brushed_main.dir/C_/Users/Pablo/Documents/Programacion/Firmware/RP2040/pico-sdk/lib/tinyusb/src/tusb.c.obj (_ctype_)
c:/progra~2/gnuarm~1/102021~1.10/bin/../lib/gcc/arm-none-eabi/10.3.1/../../../../arm-none-eabi/lib/thumb/v6-m/nofp\libg.a(lib_a-errno.o)
                              c:/progra~2/gnuarm~1/102021~1.10/bin/../lib/gcc/arm-none-eabi/10.3.1/../../../../arm-none-eabi/lib/thumb/v6-m/nofp\libg.a(lib_a-callocr.o) (__errno)
c:/progra~2/gnuarm~1/102021~1.10/bin/../lib/gcc/arm-none-eabi/10.3.1/../../../../arm-none-eabi/lib/thumb/v6-m/nofp\libg.a(lib_a-impure.o)
                              c:/progra~2/gnuarm~1/102021~1.10/bin/../lib/gcc/arm-none-eabi/10.3.1/../../../../arm-none-eabi/lib/thumb/v6-m/nofp\libg.a(lib_a-calloc.o) (_impure_ptr)
c:/progra~2/gnuarm~1/102021~1.10/bin/../lib/gcc/arm-none-eabi/10.3.1/../../../../arm-none-eabi/lib/thumb/v6-m/nofp\libg.a(lib_a-init.o)
                              c:/progra~2/gnuarm~1/102021~1.10/bin/../lib/gcc/arm-none-eabi/10.3.1/../../../../arm-none-eabi/lib/thumb/v6-m/nofp/crt0.o (__libc_init_array)
c:/progra~2/gnuarm~1/102021~1.10/bin/../lib/gcc/arm-none-eabi/10.3.1/../../../../arm-none-eabi/lib/thumb/v6-m/nofp\libg.a(lib_a-malloc.o)
                              CMakeFiles/Brushed_main.dir/C_/Users/Pablo/Documents/Programacion/Firmware/RP2040/pico-sdk/src/rp2_common/pico_malloc/pico_malloc.c.obj (malloc)
c:/progra~2/gnuarm~1/102021~1.10/bin/../lib/gcc/arm-none-eabi/10.3.1/../../../../arm-none-eabi/lib/thumb/v6-m/nofp\libg.a(lib_a-mallocr.o)
                              c:/progra~2/gnuarm~1/102021~1.10/bin/../lib/gcc/arm-none-eabi/10.3.1/../../../../arm-none-eabi/lib/thumb/v6-m/nofp\libg.a(lib_a-callocr.o) (_malloc_r)
c:/progra~2/gnuarm~1/102021~1.10/bin/../lib/gcc/arm-none-eabi/10.3.1/../../../../arm-none-eabi/lib/thumb/v6-m/nofp\libg.a(lib_a-mlock.o)
                              c:/progra~2/gnuarm~1/102021~1.10/bin/../lib/gcc/arm-none-eabi/10.3.1/../../../../arm-none-eabi/lib/thumb/v6-m/nofp\libg.a(lib_a-mallocr.o) (__malloc_lock)
c:/progra~2/gnuarm~1/102021~1.10/bin/../lib/gcc/arm-none-eabi/10.3.1/../../../../arm-none-eabi/lib/thumb/v6-m/nofp\libg.a(lib_a-realloc.o)
                              CMakeFiles/Brushed_main.dir/C_/Users/Pablo/Documents/Programacion/Firmware/RP2040/pico-sdk/src/rp2_common/pico_malloc/pico_malloc.c.obj (realloc)
c:/progra~2/gnuarm~1/102021~1.10/bin/../lib/gcc/arm-none-eabi/10.3.1/../../../../arm-none-eabi/lib/thumb/v6-m/nofp\libg.a(lib_a-reallocr.o)
                              c:/progra~2/gnuarm~1/102021~1.10/bin/../lib/gcc/arm-none-eabi/10.3.1/../../../../arm-none-eabi/lib/thumb/v6-m/nofp\libg.a(lib_a-realloc.o) (_realloc_r)
c:/progra~2/gnuarm~1/102021~1.10/bin/../lib/gcc/arm-none-eabi/10.3.1/../../../../arm-none-eabi/lib/thumb/v6-m/nofp\libg.a(lib_a-sbrkr.o)
                              c:/progra~2/gnuarm~1/102021~1.10/bin/../lib/gcc/arm-none-eabi/10.3.1/../../../../arm-none-eabi/lib/thumb/v6-m/nofp\libg.a(lib_a-mallocr.o) (_sbrk_r)
c:/progra~2/gnuarm~1/102021~1.10/bin/../lib/gcc/arm-none-eabi/10.3.1/../../../../arm-none-eabi/lib/thumb/v6-m/nofp\libg.a(lib_a-strlen-stub.o)
                              CMakeFiles/Brushed_main.dir/C_/Users/Pablo/Documents/Programacion/Firmware/RP2040/pico-sdk/src/rp2_common/pico_stdio/stdio.c.obj (strlen)
c:/progra~2/gnuarm~1/102021~1.10/bin/../lib/gcc/arm-none-eabi/10.3.1/../../../../arm-none-eabi/lib/thumb/v6-m/nofp\libg.a(lib_a-freer.o)
                              c:/progra~2/gnuarm~1/102021~1.10/bin/../lib/gcc/arm-none-eabi/10.3.1/../../../../arm-none-eabi/lib/thumb/v6-m/nofp\libg.a(lib_a-malloc.o) (_free_r)
c:/progra~2/gnuarm~1/102021~1.10/bin/../lib/gcc/arm-none-eabi/10.3.1/../../../../arm-none-eabi/lib/thumb/v6-m/nofp\libg.a(lib_a-lock.o)
[...]
Memory Configuration

Name             Origin             Length             Attributes
FLASH            0x10000000         0x00200000         xr
RAM              0x20000000         0x00040000         xrw
SCRATCH_X        0x20040000         0x00001000         xrw
SCRATCH_Y        0x20041000         0x00001000         xrw
*default*        0x00000000         0xffffffff

Linker script and memory map

LOAD c:/progra~2/gnuarm~1/102021~1.10/bin/../lib/gcc/arm-none-eabi/10.3.1/thumb/v6-m/nofp/crti.o
LOAD c:/progra~2/gnuarm~1/102021~1.10/bin/../lib/gcc/arm-none-eabi/10.3.1/thumb/v6-m/nofp/crtbegin.o
LOAD c:/progra~2/gnuarm~1/102021~1.10/bin/../lib/gcc/arm-none-eabi/10.3.1/../../../../arm-none-eabi/lib/thumb/v6-m/nofp/crt0.o

.flash_begin    0x10000000        0x0
                0x10000000                __flash_binary_start = .

.boot2          0x10000000      0x100
                0x10000000                __boot2_start__ = .
 *(.boot2)
 .boot2         0x10000000      0x100 C:\Users\Pablo\AppData\Local\Temp\ccYDX70c.o
                0x10000100                __boot2_end__ = .
                0x00000001                ASSERT (((__boot2_end__ - __boot2_start__) == 0x100), ERROR: Pico second stage bootloader must be 256 bytes in size)

.text           0x10000100     0x7a28
                0x10000100                __logical_binary_start = .
 *(.vectors)
 .vectors       0x10000100       0xd4 CMakeFiles/Brushed_main.dir/C_/Users/Pablo/Documents/Programacion/Firmware/RP2040/pico-sdk/src/rp2_common/pico_standard_link/crt0.S.obj
                0x10000100                __VECTOR_TABLE
                0x10000100                __vectors
                0x100001c0                isr_invalid
                0x100001c0                __default_isrs_start
                0x100001c2                isr_nmi
                0x100001c4                isr_hardfault
                0x100001c6                isr_svcall
                0x100001c8                isr_pendsv
                0x100001ca                isr_systick
                0x100001cc                isr_irq23
                0x100001cc                isr_irq18
                0x100001cc                isr_irq11
                0x100001cc                isr_irq28
                0x100001cc                isr_irq19
                0x100001cc                isr_irq0
                0x100001cc                isr_irq6
                0x100001cc                isr_irq5
                0x100001cc                isr_irq12
                0x100001cc                isr_irq22
                0x100001cc                isr_irq31
                0x100001cc                isr_irq17
                0x100001cc                isr_irq27
                0x100001cc                isr_irq30
                0x100001cc                isr_irq2
                0x100001cc                isr_irq10
                0x100001cc                isr_irq8
                0x100001cc                isr_irq24
                0x100001cc                isr_irq1
                0x100001cc                isr_irq7
                0x100001cc                isr_irq21
                0x100001cc                isr_irq20
                0x100001cc                isr_irq15
                0x100001cc                isr_irq25
                0x100001cc                isr_irq13
                0x100001cc                __unhandled_user_irq
                0x100001cc                isr_irq4
                0x100001cc                isr_irq16
                0x100001cc                isr_irq29
                0x100001cc                isr_irq26
                0x100001cc                __default_isrs_end
                0x100001cc                isr_irq3
                0x100001cc                isr_irq14
                0x100001cc                isr_irq9
                0x100001d2                unhandled_user_irq_num_in_r0
 *(.binary_info_header)
 .binary_info_header
                0x100001d4       0x14 CMakeFiles/Brushed_main.dir/C_/Users/Pablo/Documents/Programacion/Firmware/RP2040/pico-sdk/src/rp2_common/pico_standard_link/crt0.S.obj
                0x100001e8                __binary_info_header_end = .
 *(.reset)
 .reset         0x100001e8       0xa8 CMakeFiles/Brushed_main.dir/C_/Users/Pablo/Documents/Programacion/Firmware/RP2040/pico-sdk/src/rp2_common/pico_standard_link/crt0.S.obj
                0x100001e8                _entry_point
                0x10000266                __get_current_exception
 .reset         0x10000290       0x30 CMakeFiles/Brushed_main.dir/C_/Users/Pablo/Documents/Programacion/Firmware/RP2040/pico-sdk/src/rp2_common/pico_standard_link/binary_info.c.obj
 *(.init)
 .init          0x100002c0        0x4 c:/progra~2/gnuarm~1/102021~1.10/bin/../lib/gcc/arm-none-eabi/10.3.1/thumb/v6-m/nofp/crti.o
                0x100002c0                _init
 *(EXCLUDE_FILE(*libm.a: *libc.a:*lib_a-mem*.o *libgcc.a:) .text*)
 .text          0x100002c4       0x48 c:/progra~2/gnuarm~1/102021~1.10/bin/../lib/gcc/arm-none-eabi/10.3.1/thumb/v6-m/nofp/crtbegin.o
 .text.repeating_timer_callback
                0x1000030c       0xd8 CMakeFiles/Brushed_main.dir/Brushed_main.c.obj
                0x1000030c                repeating_timer_callback
 .text.setupADC
                0x100003e4       0x40 CMakeFiles/Brushed_main.dir/Brushed_main.c.obj
                0x100003e4                setupADC
 .text.main     0x10000424       0x80 CMakeFiles/Brushed_main.dir/Brushed_main.c.obj
                0x10000424                main
 .text.motor_setup
                0x100004a4       0x68 CMakeFiles/Brushed_main.dir/Motor.c.obj
                0x100004a4                motor_setup
 .text.diagnosis
                0x1000050c      0x178 CMakeFiles/Brushed_main.dir/Motor.c.obj
                0x1000050c                diagnosis
 .text.motor_pwm
                0x10000684       0x90 CMakeFiles/Brushed_main.dir/Motor.c.obj
                0x10000684                motor_pwm
 .text.gpio_set_function
                0x10000714       0x30 CMakeFiles/Brushed_main.dir/C_/Users/Pablo/Documents/Programacion/Firmware/RP2040/pico-sdk/src/rp2_common/hardware_gpio/gpio.c.obj
                0x10000714                gpio_set_function
 .text.gpio_set_pulls
                0x10000744       0x34 CMakeFiles/Brushed_main.dir/C_/Users/Pablo/Documents/Programacion/Firmware/RP2040/pico-sdk/src/rp2_common/hardware_gpio/gpio.c.obj
                0x10000744                gpio_set_pulls
 .text.gpio_set_input_enabled
                0x10000778       0x30 CMakeFiles/Brushed_main.dir/C_/Users/Pablo/Documents/Programacion/Firmware/RP2040/pico-sdk/src/rp2_common/hardware_gpio/gpio.c.obj
                0x10000778                gpio_set_input_enabled
 .text.gpio_init
                0x100007a8       0x16 CMakeFiles/Brushed_main.dir/C_/Users/Pablo/Documents/Programacion/Firmware/RP2040/pico-sdk/src/rp2_common/hardware_gpio/gpio.c.obj
                0x100007a8                gpio_init
 *fill*         0x100007be        0x2 
 .text.hw_claim_lock
                0x100007c0       0x18 CMakeFiles/Brushed_main.dir/C_/Users/Pablo/Documents/Programacion/Firmware/RP2040/pico-sdk/src/rp2_common/hardware_claim/claim.c.obj
                0x100007c0                hw_claim_lock
 .text.hw_claim_unlock
                0x100007d8       0x14 CMakeFiles/Brushed_main.dir/C_/Users/Pablo/Documents/Programacion/Firmware/RP2040/pico-sdk/src/rp2_common/hardware_claim/claim.c.obj
                0x100007d8                hw_claim_unlock
 .text.hw_claim_or_assert
                0x100007ec       0x32 CMakeFiles/Brushed_main.dir/C_/Users/Pablo/Documents/Programacion/Firmware/RP2040/pico-sdk/src/rp2_common/hardware_claim/claim.c.obj
                0x100007ec                hw_claim_or_assert
 .text.hw_claim_unused_from_range
                0x1000081e       0x50 CMakeFiles/Brushed_main.dir/C_/Users/Pablo/Documents/Programacion/Firmware/RP2040/pico-sdk/src/rp2_common/hardware_claim/claim.c.obj
                0x1000081e                hw_claim_unused_from_range
 *fill*         0x1000086e        0x2 
 .text.running_on_fpga
                0x10000870       0x14 CMakeFiles/Brushed_main.dir/C_/Users/Pablo/Documents/Programacion/Firmware/RP2040/pico-sdk/src/rp2_common/pico_platform/platform.c.obj
                0x10000870                running_on_fpga
 .text.spin_locks_reset
                0x10000884       0x20 CMakeFiles/Brushed_main.dir/C_/Users/Pablo/Documents/Programacion/Firmware/RP2040/pico-sdk/src/rp2_common/hardware_sync/sync.c.obj
                0x10000884                spin_locks_reset
 .text.next_striped_spin_lock_num
                0x100008a4       0x1c CMakeFiles/Brushed_main.dir/C_/Users/Pablo/Documents/Programacion/Firmware/RP2040/pico-sdk/src/rp2_common/hardware_sync/sync.c.obj
                0x100008a4                next_striped_spin_lock_num
 .text.spin_lock_claim_unused
                0x100008c0       0x20 CMakeFiles/Brushed_main.dir/C_/Users/Pablo/Documents/Programacion/Firmware/RP2040/pico-sdk/src/rp2_common/hardware_sync/sync.c.obj
                0x100008c0                spin_lock_claim_unused
 .text.set_raw_irq_handler_and_unlock
                0x100008e0       0x28 CMakeFiles/Brushed_main.dir/C_/Users/Pablo/Documents/Programacion/Firmware/RP2040/pico-sdk/src/rp2_common/hardware_irq/irq.c.obj
 .text.make_branch
                0x10000908       0x48 CMakeFiles/Brushed_main.dir/C_/Users/Pablo/Documents/Programacion/Firmware/RP2040/pico-sdk/src/rp2_common/hardware_irq/irq.c.obj
 .text.insert_branch_and_link
                0x10000950       0x40 CMakeFiles/Brushed_main.dir/C_/Users/Pablo/Documents/Programacion/Firmware/RP2040/pico-sdk/src/rp2_common/hardware_irq/irq.c.obj
 .text.irq_is_enabled
                0x10000990       0x18 CMakeFiles/Brushed_main.dir/C_/Users/Pablo/Documents/Programacion/Firmware/RP2040/pico-sdk/src/rp2_common/hardware_irq/irq.c.obj
                0x10000990                irq_is_enabled
 .text.irq_set_mask_enabled
                0x100009a8       0x20 CMakeFiles/Brushed_main.dir/C_/Users/Pablo/Documents/Programacion/Firmware/RP2040/pico-sdk/src/rp2_common/hardware_irq/irq.c.obj
                0x100009a8                irq_set_mask_enabled
 .text.irq_set_enabled
                0x100009c8        0xe CMakeFiles/Brushed_main.dir/C_/Users/Pablo/Documents/Programacion/Firmware/RP2040/pico-sdk/src/rp2_common/hardware_irq/irq.c.obj
                0x100009c8                irq_set_enabled
 *fill*         0x100009d6        0x2 
 .text.irq_set_pending
                0x100009d8       0x10 CMakeFiles/Brushed_main.dir/C_/Users/Pablo/Documents/Programacion/Firmware/RP2040/pico-sdk/src/rp2_common/hardware_irq/irq.c.obj
                0x100009d8                irq_set_pending
 .text.irq_get_vtable_handler
                0x100009e8       0x10 CMakeFiles/Brushed_main.dir/C_/Users/Pablo/Documents/Programacion/Firmware/RP2040/pico-sdk/src/rp2_common/hardware_irq/irq.c.obj
                0x100009e8                irq_get_vtable_handler
 .text.irq_has_shared_handler
                0x100009f8       0x24 CMakeFiles/Brushed_main.dir/C_/Users/Pablo/Documents/Programacion/Firmware/RP2040/pico-sdk/src/rp2_common/hardware_irq/irq.c.obj
                0x100009f8                irq_has_shared_handler
 .text.irq_set_exclusive_handler
                0x10000a1c       0x54 CMakeFiles/Brushed_main.dir/C_/Users/Pablo/Documents/Programacion/Firmware/RP2040/pico-sdk/src/rp2_common/hardware_irq/irq.c.obj
                0x10000a1c                irq_set_exclusive_handler
 .text.irq_add_shared_handler
                0x10000a70      0x230 CMakeFiles/Brushed_main.dir/C_/Users/Pablo/Documents/Programacion/Firmware/RP2040/pico-sdk/src/rp2_common/hardware_irq/irq.c.obj
                0x10000a70                irq_add_shared_handler
 .text.irq_remove_handler
                0x10000ca0      0x1a8 CMakeFiles/Brushed_main.dir/C_/Users/Pablo/Documents/Programacion/Firmware/RP2040/pico-sdk/src/rp2_common/hardware_irq/irq.c.obj
                0x10000ca0                irq_remove_handler
 .text.irq_add_tail_to_free_list
                0x10000e48       0xf0 CMakeFiles/Brushed_main.dir/C_/Users/Pablo/Documents/Programacion/Firmware/RP2040/pico-sdk/src/rp2_common/hardware_irq/irq.c.obj
                0x10000e48                irq_add_tail_to_free_list
 .text.irq_init_priorities
                0x10000f38       0x1c CMakeFiles/Brushed_main.dir/C_/Users/Pablo/Documents/Programacion/Firmware/RP2040/pico-sdk/src/rp2_common/hardware_irq/irq.c.obj
                0x10000f38                irq_init_priorities
 .text.user_irq_claim_unused
                0x10000f54       0x30 CMakeFiles/Brushed_main.dir/C_/Users/Pablo/Documents/Programacion/Firmware/RP2040/pico-sdk/src/rp2_common/hardware_irq/irq.c.obj
                0x10000f54                user_irq_claim_unused
 .text.lock_init
                0x10000f84       0x10 CMakeFiles/Brushed_main.dir/C_/Users/Pablo/Documents/Programacion/Firmware/RP2040/pico-sdk/src/common/pico_sync/lock_core.c.obj
                0x10000f84                lock_init
 .text.repeating_timer_callback
                0x10000f94       0x40 CMakeFiles/Brushed_main.dir/C_/Users/Pablo/Documents/Programacion/Firmware/RP2040/pico-sdk/src/common/pico_time/time.c.obj
 .text.alarm_pool_post_alloc_init
                0x10000fd4       0x40 CMakeFiles/Brushed_main.dir/C_/Users/Pablo/Documents/Programacion/Firmware/RP2040/pico-sdk/src/common/pico_time/time.c.obj
 .text.sleep_until_callback
                0x10001014       0x30 CMakeFiles/Brushed_main.dir/C_/Users/Pablo/Documents/Programacion/Firmware/RP2040/pico-sdk/src/common/pico_time/time.c.obj
 .text.timer_pool_entry_comparator
                0x10001044       0x7c CMakeFiles/Brushed_main.dir/C_/Users/Pablo/Documents/Programacion/Firmware/RP2040/pico-sdk/src/common/pico_time/time.c.obj
                0x10001044                timer_pool_entry_comparator
 .text.ph_add_child_node
                0x100010c0       0xa4 CMakeFiles/Brushed_main.dir/C_/Users/Pablo/Documents/Programacion/Firmware/RP2040/pico-sdk/src/common/pico_time/time.c.obj
 .text.ph_merge_nodes
                0x10001164       0x3e CMakeFiles/Brushed_main.dir/C_/Users/Pablo/Documents/Programacion/Firmware/RP2040/pico-sdk/src/common/pico_time/time.c.obj
 *fill*         0x100011a2        0x2 
 .text.add_alarm_under_lock
                0x100011a4      0x174 CMakeFiles/Brushed_main.dir/C_/Users/Pablo/Documents/Programacion/Firmware/RP2040/pico-sdk/src/common/pico_time/time.c.obj
 .text.alarm_pool_alarm_callback
                0x10001318      0x328 CMakeFiles/Brushed_main.dir/C_/Users/Pablo/Documents/Programacion/Firmware/RP2040/pico-sdk/src/common/pico_time/time.c.obj
 .text.alarm_pool_init_default
                0x10001640       0x38 CMakeFiles/Brushed_main.dir/C_/Users/Pablo/Documents/Programacion/Firmware/RP2040/pico-sdk/src/common/pico_time/time.c.obj
                0x10001640                alarm_pool_init_default
 .text.alarm_pool_get_default
                0x10001678       0x2c CMakeFiles/Brushed_main.dir/C_/Users/Pablo/Documents/Programacion/Firmware/RP2040/pico-sdk/src/common/pico_time/time.c.obj
                0x10001678                alarm_pool_get_default
 .text.alarm_pool_add_alarm_at
                0x100016a4      0x170 CMakeFiles/Brushed_main.dir/C_/Users/Pablo/Documents/Programacion/Firmware/RP2040/pico-sdk/src/common/pico_time/time.c.obj
                0x100016a4                alarm_pool_add_alarm_at
 .text.alarm_pool_cancel_alarm
                0x10001814       0xf0 CMakeFiles/Brushed_main.dir/C_/Users/Pablo/Documents/Programacion/Firmware/RP2040/pico-sdk/src/common/pico_time/time.c.obj
                0x10001814                alarm_pool_cancel_alarm
 .text.alarm_pool_add_repeating_timer_us
                0x10001904       0x9c CMakeFiles/Brushed_main.dir/C_/Users/Pablo/Documents/Programacion/Firmware/RP2040/pico-sdk/src/common/pico_time/time.c.obj
                0x10001904                alarm_pool_add_repeating_timer_us
 .text.sleep_until
                0x100019a0       0xfc CMakeFiles/Brushed_main.dir/C_/Users/Pablo/Documents/Programacion/Firmware/RP2040/pico-sdk/src/common/pico_time/time.c.obj
                0x100019a0                sleep_until
 .text.sleep_us
                0x10001a9c       0x58 CMakeFiles/Brushed_main.dir/C_/Users/Pablo/Documents/Programacion/Firmware/RP2040/pico-sdk/src/common/pico_time/time.c.obj
                0x10001a9c                sleep_us
 .text.sleep_ms
                0x10001af4       0x14 CMakeFiles/Brushed_main.dir/C_/Users/Pablo/Documents/Programacion/Firmware/RP2040/pico-sdk/src/common/pico_time/time.c.obj
                0x10001af4                sleep_ms
 .text.best_effort_wfe_or_timeout
                0x10001b08       0x80 CMakeFiles/Brushed_main.dir/C_/Users/Pablo/Documents/Programacion/Firmware/RP2040/pico-sdk/src/common/pico_time/time.c.obj
                0x10001b08                best_effort_wfe_or_timeout
 .text.hardware_alarm_irq_handler
                0x10001b88       0x8c CMakeFiles/Brushed_main.dir/C_/Users/Pablo/Documents/Programacion/Firmware/RP2040/pico-sdk/src/rp2_common/hardware_timer/timer.c.obj
 .text.hardware_alarm_claim
                0x10001c14       0x18 CMakeFiles/Brushed_main.dir/C_/Users/Pablo/Documents/Programacion/Firmware/RP2040/pico-sdk/src/rp2_common/hardware_timer/timer.c.obj
                0x10001c14                hardware_alarm_claim
 .text.time_us_64
                0x10001c2c       0x18 CMakeFiles/Brushed_main.dir/C_/Users/Pablo/Documents/Programacion/Firmware/RP2040/pico-sdk/src/rp2_common/hardware_timer/timer.c.obj
                0x10001c2c                time_us_64
 .text.busy_wait_until
                0x10001c44       0x28 CMakeFiles/Brushed_main.dir/C_/Users/Pablo/Documents/Programacion/Firmware/RP2040/pico-sdk/src/rp2_common/hardware_timer/timer.c.obj
                0x10001c44                busy_wait_until
 .text.busy_wait_us
                0x10001c6c       0x48 CMakeFiles/Brushed_main.dir/C_/Users/Pablo/Documents/Programacion/Firmware/RP2040/pico-sdk/src/rp2_common/hardware_timer/timer.c.obj
                0x10001c6c                busy_wait_us
 .text.hardware_alarm_set_callback
                0x10001cb4       0x90 CMakeFiles/Brushed_main.dir/C_/Users/Pablo/Documents/Programacion/Firmware/RP2040/pico-sdk/src/rp2_common/hardware_timer/timer.c.obj
                0x10001cb4                hardware_alarm_set_callback
 .text.hardware_alarm_set_target
                0x10001d44       0xe8 CMakeFiles/Brushed_main.dir/C_/Users/Pablo/Documents/Programacion/Firmware/RP2040/pico-sdk/src/rp2_common/hardware_timer/timer.c.obj
                0x10001d44                hardware_alarm_set_target
 .text.hardware_alarm_cancel
                0x10001e2c       0x40 CMakeFiles/Brushed_main.dir/C_/Users/Pablo/Documents/Programacion/Firmware/RP2040/pico-sdk/src/rp2_common/hardware_timer/timer.c.obj
                0x10001e2c                hardware_alarm_cancel
 .text.ph_add_child_node
                0x10001e6c       0xa4 CMakeFiles/Brushed_main.dir/C_/Users/Pablo/Documents/Programacion/Firmware/RP2040/pico-sdk/src/common/pico_util/pheap.c.obj
 .text.ph_merge_nodes
                0x10001f10       0x3e CMakeFiles/Brushed_main.dir/C_/Users/Pablo/Documents/Programacion/Firmware/RP2040/pico-sdk/src/common/pico_util/pheap.c.obj
 *fill*         0x10001f4e        0x2 
 .text.ph_clear
                0x10001f50       0x70 CMakeFiles/Brushed_main.dir/C_/Users/Pablo/Documents/Programacion/Firmware/RP2040/pico-sdk/src/common/pico_util/pheap.c.obj
                0x10001f50                ph_clear
 .text.ph_post_alloc_init
                0x10001fc0        0xe CMakeFiles/Brushed_main.dir/C_/Users/Pablo/Documents/Programacion/Firmware/RP2040/pico-sdk/src/common/pico_util/pheap.c.obj
                0x10001fc0                ph_post_alloc_init
 *fill*         0x10001fce        0x2 
 .text.ph_merge_two_pass
                0x10001fd0       0xa8 CMakeFiles/Brushed_main.dir/C_/Users/Pablo/Documents/Programacion/Firmware/RP2040/pico-sdk/src/common/pico_util/pheap.c.obj
                0x10001fd0                ph_merge_two_pass
 .text.ph_remove_any_head
                0x10002078      0x108 CMakeFiles/Brushed_main.dir/C_/Users/Pablo/Documents/Programacion/Firmware/RP2040/pico-sdk/src/common/pico_util/pheap.c.obj
 .text.ph_remove_head
                0x10002180       0x14 CMakeFiles/Brushed_main.dir/C_/Users/Pablo/Documents/Programacion/Firmware/RP2040/pico-sdk/src/common/pico_util/pheap.c.obj
                0x10002180                ph_remove_head
 .text.ph_remove_and_free_node
                0x10002194       0xf8 CMakeFiles/Brushed_main.dir/C_/Users/Pablo/Documents/Programacion/Firmware/RP2040/pico-sdk/src/common/pico_util/pheap.c.obj
                0x10002194                ph_remove_and_free_node
 .text.mutex_init
                0x1000228c       0x1a CMakeFiles/Brushed_main.dir/C_/Users/Pablo/Documents/Programacion/Firmware/RP2040/pico-sdk/src/common/pico_sync/mutex.c.obj
                0x1000228c                mutex_init
 .text.recursive_mutex_init
                0x100022a6       0x1e CMakeFiles/Brushed_main.dir/C_/Users/Pablo/Documents/Programacion/Firmware/RP2040/pico-sdk/src/common/pico_sync/mutex.c.obj
                0x100022a6                recursive_mutex_init
 .text.critical_section_init_with_lock_num
                0x100022c4       0x14 CMakeFiles/Brushed_main.dir/C_/Users/Pablo/Documents/Programacion/Firmware/RP2040/pico-sdk/src/common/pico_sync/critical_section.c.obj
                0x100022c4                critical_section_init_with_lock_num
 .text.critical_section_init
                0x100022d8       0x14 CMakeFiles/Brushed_main.dir/C_/Users/Pablo/Documents/Programacion/Firmware/RP2040/pico-sdk/src/common/pico_sync/critical_section.c.obj
                0x100022d8                critical_section_init
 .text._exit    0x100022ec        0x4 CMakeFiles/Brushed_main.dir/C_/Users/Pablo/Documents/Programacion/Firmware/RP2040/pico-sdk/src/rp2_common/pico_runtime/runtime.c.obj
                0x100022ec                _exit
 .text.exit     0x100022f0        0x6 CMakeFiles/Brushed_main.dir/C_/Users/Pablo/Documents/Programacion/Firmware/RP2040/pico-sdk/src/rp2_common/pico_runtime/runtime.c.obj
                0x100022f0                exit
 *fill*         0x100022f6        0x2 
 .text.__assert_func
                0x100022f8       0x3c CMakeFiles/Brushed_main.dir/C_/Users/Pablo/Documents/Programacion/Firmware/RP2040/pico-sdk/src/rp2_common/pico_runtime/runtime.c.obj
                0x100022f8                __assert_func
 .text.runtime_init
                0x10002334       0xf8 CMakeFiles/Brushed_main.dir/C_/Users/Pablo/Documents/Programacion/Firmware/RP2040/pico-sdk/src/rp2_common/pico_runtime/runtime.c.obj
                0x10002334                runtime_init
 .text.panic    0x1000242c       0x30 CMakeFiles/Brushed_main.dir/C_/Users/Pablo/Documents/Programacion/Firmware/RP2040/pico-sdk/src/rp2_common/pico_runtime/runtime.c.obj
                0x1000242c                panic
 .text.clock_configure
                0x1000245c      0x104 CMakeFiles/Brushed_main.dir/C_/Users/Pablo/Documents/Programacion/Firmware/RP2040/pico-sdk/src/rp2_common/hardware_clocks/clocks.c.obj
                0x1000245c                clock_configure
 .text.clocks_init
                0x10002560      0x100 CMakeFiles/Brushed_main.dir/C_/Users/Pablo/Documents/Programacion/Firmware/RP2040/pico-sdk/src/rp2_common/hardware_clocks/clocks.c.obj
                0x10002560                clocks_init
 .text.clock_get_hz
                0x10002660        0xc CMakeFiles/Brushed_main.dir/C_/Users/Pablo/Documents/Programacion/Firmware/RP2040/pico-sdk/src/rp2_common/hardware_clocks/clocks.c.obj
                0x10002660                clock_get_hz
 .text.pll_init
                0x1000266c      0x140 CMakeFiles/Brushed_main.dir/C_/Users/Pablo/Documents/Programacion/Firmware/RP2040/pico-sdk/src/rp2_common/hardware_pll/pll.c.obj
                0x1000266c                pll_init
 .text.watchdog_start_tick
                0x100027ac       0x10 CMakeFiles/Brushed_main.dir/C_/Users/Pablo/Documents/Programacion/Firmware/RP2040/pico-sdk/src/rp2_common/hardware_watchdog/watchdog.c.obj
                0x100027ac                watchdog_start_tick
 .text.watchdog_update
                0x100027bc       0x14 CMakeFiles/Brushed_main.dir/C_/Users/Pablo/Documents/Programacion/Firmware/RP2040/pico-sdk/src/rp2_common/hardware_watchdog/watchdog.c.obj
                0x100027bc                watchdog_update
 .text._watchdog_enable
                0x100027d0       0x78 CMakeFiles/Brushed_main.dir/C_/Users/Pablo/Documents/Programacion/Firmware/RP2040/pico-sdk/src/rp2_common/hardware_watchdog/watchdog.c.obj
                0x100027d0                _watchdog_enable
 .text.watchdog_reboot
                0x10002848       0x48 CMakeFiles/Brushed_main.dir/C_/Users/Pablo/Documents/Programacion/Firmware/RP2040/pico-sdk/src/rp2_common/hardware_watchdog/watchdog.c.obj
                0x10002848                watchdog_reboot
 .text.xosc_init
                0x10002890       0x28 CMakeFiles/Brushed_main.dir/C_/Users/Pablo/Documents/Programacion/Firmware/RP2040/pico-sdk/src/rp2_common/hardware_xosc/xosc.c.obj
                0x10002890                xosc_init
 .text._out_null
                0x100028b8        0x2 CMakeFiles/Brushed_main.dir/C_/Users/Pablo/Documents/Programacion/Firmware/RP2040/pico-sdk/src/rp2_common/pico_printf/printf.c.obj
 .text._out_fct
                0x100028ba        0xe CMakeFiles/Brushed_main.dir/C_/Users/Pablo/Documents/Programacion/Firmware/RP2040/pico-sdk/src/rp2_common/pico_printf/printf.c.obj
 .text._atoi    0x100028c8       0x24 CMakeFiles/Brushed_main.dir/C_/Users/Pablo/Documents/Programacion/Firmware/RP2040/pico-sdk/src/rp2_common/pico_printf/printf.c.obj
 .text._out_rev
                0x100028ec       0xae CMakeFiles/Brushed_main.dir/C_/Users/Pablo/Documents/Programacion/Firmware/RP2040/pico-sdk/src/rp2_common/pico_printf/printf.c.obj
 .text._ntoa_format
                0x1000299a      0x112 CMakeFiles/Brushed_main.dir/C_/Users/Pablo/Documents/Programacion/Firmware/RP2040/pico-sdk/src/rp2_common/pico_printf/printf.c.obj
 .text._ntoa_long
                0x10002aac       0xbc CMakeFiles/Brushed_main.dir/C_/Users/Pablo/Documents/Programacion/Firmware/RP2040/pico-sdk/src/rp2_common/pico_printf/printf.c.obj
 .text._ntoa_long_long
                0x10002b68       0xe2 CMakeFiles/Brushed_main.dir/C_/Users/Pablo/Documents/Programacion/Firmware/RP2040/pico-sdk/src/rp2_common/pico_printf/printf.c.obj
 *fill*         0x10002c4a        0x2 
 .text._etoa    0x10002c4c      0x414 CMakeFiles/Brushed_main.dir/C_/Users/Pablo/Documents/Programacion/Firmware/RP2040/pico-sdk/src/rp2_common/pico_printf/printf.c.obj
 .text._ftoa    0x10003060      0x354 CMakeFiles/Brushed_main.dir/C_/Users/Pablo/Documents/Programacion/Firmware/RP2040/pico-sdk/src/rp2_common/pico_printf/printf.c.obj
 .text._vsnprintf
                0x100033b4      0x624 CMakeFiles/Brushed_main.dir/C_/Users/Pablo/Documents/Programacion/Firmware/RP2040/pico-sdk/src/rp2_common/pico_printf/printf.c.obj
 .text.vfctprintf
                0x100039d8       0x20 CMakeFiles/Brushed_main.dir/C_/Users/Pablo/Documents/Programacion/Firmware/RP2040/pico-sdk/src/rp2_common/pico_printf/printf.c.obj
                0x100039d8                vfctprintf
 .text          0x100039f8       0x10 CMakeFiles/Brushed_main.dir/C_/Users/Pablo/Documents/Programacion/Firmware/RP2040/pico-sdk/src/rp2_common/pico_bit_ops/bit_ops_aeabi.S.obj
 .text.rom_func_lookup
                0x10003a08       0x10 CMakeFiles/Brushed_main.dir/C_/Users/Pablo/Documents/Programacion/Firmware/RP2040/pico-sdk/src/rp2_common/pico_bootrom/bootrom.c.obj
                0x10003a08                rom_func_lookup
 .text.rom_data_lookup
                0x10003a18       0x10 CMakeFiles/Brushed_main.dir/C_/Users/Pablo/Documents/Programacion/Firmware/RP2040/pico-sdk/src/rp2_common/pico_bootrom/bootrom.c.obj
                0x10003a18                rom_data_lookup
 .text.rom_funcs_lookup
                0x10003a28       0x36 CMakeFiles/Brushed_main.dir/C_/Users/Pablo/Documents/Programacion/Firmware/RP2040/pico-sdk/src/rp2_common/pico_bootrom/bootrom.c.obj
                0x10003a28                rom_funcs_lookup
 *fill*         0x10003a5e        0x2 
 .text.__wrap___aeabi_idiv
                0x10003a60       0x50 CMakeFiles/Brushed_main.dir/C_/Users/Pablo/Documents/Programacion/Firmware/RP2040/pico-sdk/src/rp2_common/pico_divider/divider.S.obj
                0x10003a60                __wrap___aeabi_idivmod
                0x10003a60                divmod_s32s32
                0x10003a60                div_s32s32
                0x10003a60                __wrap___aeabi_idiv
                0x10003a68                divmod_s32s32_unsafe
                0x10003a94                divmod_s32s32_savestate
 .text.__wrap___aeabi_uidiv
                0x10003ab0       0x4c CMakeFiles/Brushed_main.dir/C_/Users/Pablo/Documents/Programacion/Firmware/RP2040/pico-sdk/src/rp2_common/pico_divider/divider.S.obj
                0x10003ab0                __wrap___aeabi_uidiv
                0x10003ab0                __wrap___aeabi_uidivmod
                0x10003ab0                div_u32u32
                0x10003ab0                divmod_u32u32
                0x10003ab8                divmod_u32u32_unsafe
                0x10003ae0                divmod_u32u32_savestate
 .text.__wrap___aeabi_ldiv
                0x10003afc      0x434 CMakeFiles/Brushed_main.dir/C_/Users/Pablo/Documents/Programacion/Firmware/RP2040/pico-sdk/src/rp2_common/pico_divider/divider.S.obj
                0x10003afc                div_s64s64
                0x10003afc                divmod_s64s64
                0x10003afc                __wrap___aeabi_ldivmod
                0x10003b34                divmod_u64u64
                0x10003b34                div_u64u64
                0x10003b34                __wrap___aeabi_uldivmod
                0x10003b44                divmod_u64u64_savestate
                0x10003b6c                divmod_s64s64_unsafe
                0x10003bf4                divmod_u64u64_unsafe
 .text.__wrap___aeabi_darithmetic
                0x10003f30       0x80 CMakeFiles/Brushed_main.dir/C_/Users/Pablo/Documents/Programacion/Firmware/RP2040/pico-sdk/src/rp2_common/pico_double/double_aeabi.S.obj
                0x10003f30                __wrap___aeabi_drsub
                0x10003f36                __wrap___aeabi_dsub
                0x10003f48                __wrap___aeabi_dadd
                0x10003f5a                __wrap___aeabi_ddiv
                0x10003f96                __wrap___aeabi_dmul
 .text.__wrap___aeabi_cdcmple
                0x10003fb0       0x6c CMakeFiles/Brushed_main.dir/C_/Users/Pablo/Documents/Programacion/Firmware/RP2040/pico-sdk/src/rp2_common/pico_double/double_aeabi.S.obj
                0x10003fb0                __wrap___aeabi_cdrcmple
                0x10003fc0                __wrap___aeabi_cdcmpeq
                0x10003fc0                __wrap___aeabi_cdcmple
 .text.__wrap___aeabi_dcmplt
                0x1000401c        0xc CMakeFiles/Brushed_main.dir/C_/Users/Pablo/Documents/Programacion/Firmware/RP2040/pico-sdk/src/rp2_common/pico_double/double_aeabi.S.obj
                0x1000401c                __wrap___aeabi_dcmplt
 .text.__wrap___aeabi_dcmple
                0x10004028       0x10 CMakeFiles/Brushed_main.dir/C_/Users/Pablo/Documents/Programacion/Firmware/RP2040/pico-sdk/src/rp2_common/pico_double/double_aeabi.S.obj
                0x10004028                __wrap___aeabi_dcmple
 .text.__wrap___aeabi_dcmpge
                0x10004038       0x10 CMakeFiles/Brushed_main.dir/C_/Users/Pablo/Documents/Programacion/Firmware/RP2040/pico-sdk/src/rp2_common/pico_double/double_aeabi.S.obj
                0x10004038                __wrap___aeabi_dcmpge
 .text.__wrap___aeabi_dcmpgt
                0x10004048        0xa CMakeFiles/Brushed_main.dir/C_/Users/Pablo/Documents/Programacion/Firmware/RP2040/pico-sdk/src/rp2_common/pico_double/double_aeabi.S.obj
                0x10004048                __wrap___aeabi_dcmpgt
 .text.__wrap___aeabi_dcmpun
                0x10004052       0x1c CMakeFiles/Brushed_main.dir/C_/Users/Pablo/Documents/Programacion/Firmware/RP2040/pico-sdk/src/rp2_common/pico_double/double_aeabi.S.obj
                0x10004052                __wrap___aeabi_dcmpun
 *fill*         0x1000406e        0x2 
 .text.__wrap___aeabi_i2d
                0x10004070       0x38 CMakeFiles/Brushed_main.dir/C_/Users/Pablo/Documents/Programacion/Firmware/RP2040/pico-sdk/src/rp2_common/pico_double/double_aeabi.S.obj
                0x10004070                __wrap___aeabi_ui2d
                0x10004078                __wrap___aeabi_i2d
 .text.__wrap___aeabi_d2iz
                0x100040a8       0x48 CMakeFiles/Brushed_main.dir/C_/Users/Pablo/Documents/Programacion/Firmware/RP2040/pico-sdk/src/rp2_common/pico_double/double_aeabi.S.obj
                0x100040a8                double2int_z
                0x100040a8                __wrap___aeabi_d2iz
 .text.__wrap___aeabi_d2uiz
                0x100040f0       0x18 CMakeFiles/Brushed_main.dir/C_/Users/Pablo/Documents/Programacion/Firmware/RP2040/pico-sdk/src/rp2_common/pico_double/double_aeabi.S.obj
                0x100040f0                __wrap___aeabi_d2uiz
                0x100040f0                double2uint
 .text.__wrap___aeabi_d2f
                0x10004108       0x18 CMakeFiles/Brushed_main.dir/C_/Users/Pablo/Documents/Programacion/Firmware/RP2040/pico-sdk/src/rp2_common/pico_double/double_aeabi.S.obj
                0x10004108                __wrap___aeabi_d2f
 .text.__aeabi_double_init
                0x10004120       0xc8 CMakeFiles/Brushed_main.dir/C_/Users/Pablo/Documents/Programacion/Firmware/RP2040/pico-sdk/src/rp2_common/pico_double/double_init_rom.c.obj
                0x10004120                __aeabi_double_init
 .text.double_table_shim_on_use_helper
                0x100041e8       0x34 CMakeFiles/Brushed_main.dir/C_/Users/Pablo/Documents/Programacion/Firmware/RP2040/pico-sdk/src/rp2_common/pico_double/double_v1_rom_shim.S.obj
                0x100041e8                double_table_shim_on_use_helper
 .text.__wrap___aeabi_dsub
                0x1000421c       0x10 CMakeFiles/Brushed_main.dir/C_/Users/Pablo/Documents/Programacion/Firmware/RP2040/pico-sdk/src/rp2_common/pico_double/double_v1_rom_shim.S.obj
                0x1000421c                drsub_shim
                0x10004222                dsub_shim
 .text.dadd_shim
                0x1000422c      0x15c CMakeFiles/Brushed_main.dir/C_/Users/Pablo/Documents/Programacion/Firmware/RP2040/pico-sdk/src/rp2_common/pico_double/double_v1_rom_shim.S.obj
                0x1000422c                dadd_shim
 .text.dmul_shim
                0x10004388      0x15c CMakeFiles/Brushed_main.dir/C_/Users/Pablo/Documents/Programacion/Firmware/RP2040/pico-sdk/src/rp2_common/pico_double/double_v1_rom_shim.S.obj
                0x10004388                dmul_shim
 .text.ddiv_shim
                0x100044e4      0x1b0 CMakeFiles/Brushed_main.dir/C_/Users/Pablo/Documents/Programacion/Firmware/RP2040/pico-sdk/src/rp2_common/pico_double/double_v1_rom_shim.S.obj
                0x100044e4                ddiv_shim
 .text.double2uint_shim
                0x10004694        0xe CMakeFiles/Brushed_main.dir/C_/Users/Pablo/Documents/Programacion/Firmware/RP2040/pico-sdk/src/rp2_common/pico_double/double_v1_rom_shim.S.obj
                0x10004694                double2uint_shim
                0x10004696                double2ufix_shim
 *fill*         0x100046a2        0x2 
 .text.double2uint64_shim
                0x100046a4       0x70 CMakeFiles/Brushed_main.dir/C_/Users/Pablo/Documents/Programacion/Firmware/RP2040/pico-sdk/src/rp2_common/pico_double/double_v1_rom_shim.S.obj
                0x100046a4                double2uint64_shim
                0x100046a6                double2ufix64_shim
                0x100046c6                d2fix_a
 .text.double2float_shim
                0x10004714       0x5c CMakeFiles/Brushed_main.dir/C_/Users/Pablo/Documents/Programacion/Firmware/RP2040/pico-sdk/src/rp2_common/pico_double/double_v1_rom_shim.S.obj
                0x10004714                double2float_shim
 .text.dunpacks
                0x10004770       0x3c CMakeFiles/Brushed_main.dir/C_/Users/Pablo/Documents/Programacion/Firmware/RP2040/pico-sdk/src/rp2_common/pico_double/double_v1_rom_shim.S.obj
                0x10004770                dunpacks
 .text.__aeabi_lmul
                0x100047ac       0x32 CMakeFiles/Brushed_main.dir/C_/Users/Pablo/Documents/Programacion/Firmware/RP2040/pico-sdk/src/rp2_common/pico_int64_ops/pico_int64_ops_aeabi.S.obj
                0x100047ac                __wrap___aeabi_lmul
 *fill*         0x100047de        0x2 
 .text.__aeabi_float_init
                0x100047e0       0xfc CMakeFiles/Brushed_main.dir/C_/Users/Pablo/Documents/Programacion/Firmware/RP2040/pico-sdk/src/rp2_common/pico_float/float_init_rom.c.obj
                0x100047e0                __aeabi_float_init
 .text.float_table_shim_on_use_helper
                0x100048dc       0x34 CMakeFiles/Brushed_main.dir/C_/Users/Pablo/Documents/Programacion/Firmware/RP2040/pico-sdk/src/rp2_common/pico_float/float_v1_rom_shim.S.obj
                0x100048dc                float_table_shim_on_use_helper
 .text          0x10004910       0x10 CMakeFiles/Brushed_main.dir/C_/Users/Pablo/Documents/Programacion/Firmware/RP2040/pico-sdk/src/rp2_common/pico_mem_ops/mem_ops_aeabi.S.obj
                0x10004910                __aeabi_mem_init
 .text.memset   0x10004920        0xc CMakeFiles/Brushed_main.dir/C_/Users/Pablo/Documents/Programacion/Firmware/RP2040/pico-sdk/src/rp2_common/pico_mem_ops/mem_ops_aeabi.S.obj
                0x10004920                __wrap_memset
 .text.memcpy   0x1000492c        0xc CMakeFiles/Brushed_main.dir/C_/Users/Pablo/Documents/Programacion/Firmware/RP2040/pico-sdk/src/rp2_common/pico_mem_ops/mem_ops_aeabi.S.obj
                0x1000492c                __wrap_memcpy
                0x1000492c                __wrap___aeabi_memcpy
 .text.stdio_out_chars_no_crlf
                0x10004938        0xe CMakeFiles/Brushed_main.dir/C_/Users/Pablo/Documents/Programacion/Firmware/RP2040/pico-sdk/src/rp2_common/pico_stdio/stdio.c.obj
 *fill*         0x10004946        0x2 
 .text.stdio_out_chars_crlf
                0x10004948       0x80 CMakeFiles/Brushed_main.dir/C_/Users/Pablo/Documents/Programacion/Firmware/RP2040/pico-sdk/src/rp2_common/pico_stdio/stdio.c.obj
 .text.stdio_stack_buffer_flush
                0x100049c8       0x44 CMakeFiles/Brushed_main.dir/C_/Users/Pablo/Documents/Programacion/Firmware/RP2040/pico-sdk/src/rp2_common/pico_stdio/stdio.c.obj
 .text.stdio_buffered_printer
                0x10004a0c       0x20 CMakeFiles/Brushed_main.dir/C_/Users/Pablo/Documents/Programacion/Firmware/RP2040/pico-sdk/src/rp2_common/pico_stdio/stdio.c.obj
 .text.stdio_get_until
                0x10004a2c       0x80 CMakeFiles/Brushed_main.dir/C_/Users/Pablo/Documents/Programacion/Firmware/RP2040/pico-sdk/src/rp2_common/pico_stdio/stdio.c.obj
 .text.stdout_serialize_begin
                0x10004aac       0x30 CMakeFiles/Brushed_main.dir/C_/Users/Pablo/Documents/Programacion/Firmware/RP2040/pico-sdk/src/rp2_common/pico_stdio/stdio.c.obj
                0x10004aac                stdout_serialize_begin
 .text.stdout_serialize_end
                0x10004adc       0x10 CMakeFiles/Brushed_main.dir/C_/Users/Pablo/Documents/Programacion/Firmware/RP2040/pico-sdk/src/rp2_common/pico_stdio/stdio.c.obj
                0x10004adc                stdout_serialize_end
 .text.stdio_put_string
                0x10004aec       0x98 CMakeFiles/Brushed_main.dir/C_/Users/Pablo/Documents/Programacion/Firmware/RP2040/pico-sdk/src/rp2_common/pico_stdio/stdio.c.obj
 .text.__wrap_putchar
                0x10004b84       0x1c CMakeFiles/Brushed_main.dir/C_/Users/Pablo/Documents/Programacion/Firmware/RP2040/pico-sdk/src/rp2_common/pico_stdio/stdio.c.obj
                0x10004b84                __wrap_putchar
 .text.stdio_set_driver_enabled
                0x10004ba0       0x2c CMakeFiles/Brushed_main.dir/C_/Users/Pablo/Documents/Programacion/Firmware/RP2040/pico-sdk/src/rp2_common/pico_stdio/stdio.c.obj
                0x10004ba0                stdio_set_driver_enabled
 .text.stdio_flush
                0x10004bcc       0x20 CMakeFiles/Brushed_main.dir/C_/Users/Pablo/Documents/Programacion/Firmware/RP2040/pico-sdk/src/rp2_common/pico_stdio/stdio.c.obj
                0x10004bcc                stdio_flush
 .text.__wrap_puts
                0x10004bec       0x1e CMakeFiles/Brushed_main.dir/C_/Users/Pablo/Documents/Programacion/Firmware/RP2040/pico-sdk/src/rp2_common/pico_stdio/stdio.c.obj
                0x10004bec                __wrap_puts
 *fill*         0x10004c0a        0x2 
 .text.__wrap_vprintf
                0x10004c0c       0x44 CMakeFiles/Brushed_main.dir/C_/Users/Pablo/Documents/Programacion/Firmware/RP2040/pico-sdk/src/rp2_common/pico_stdio/stdio.c.obj
                0x10004c0c                __wrap_vprintf
 .text.__wrap_printf
                0x10004c50       0x18 CMakeFiles/Brushed_main.dir/C_/Users/Pablo/Documents/Programacion/Firmware/RP2040/pico-sdk/src/rp2_common/pico_stdio/stdio.c.obj
                0x10004c50                __wrap_printf
 .text.stdio_init_all
                0x10004c68        0x8 CMakeFiles/Brushed_main.dir/C_/Users/Pablo/Documents/Programacion/Firmware/RP2040/pico-sdk/src/rp2_common/pico_stdio/stdio.c.obj
                0x10004c68                stdio_init_all
 .text.getchar_timeout_us
                0x10004c70       0x80 CMakeFiles/Brushed_main.dir/C_/Users/Pablo/Documents/Programacion/Firmware/RP2040/pico-sdk/src/rp2_common/pico_stdio/stdio.c.obj
                0x10004c70                getchar_timeout_us
 .text.resetd_init
                0x10004cf0        0x2 CMakeFiles/Brushed_main.dir/C_/Users/Pablo/Documents/Programacion/Firmware/RP2040/pico-sdk/src/rp2_common/pico_stdio_usb/reset_interface.c.obj
 *fill*         0x10004cf2        0x2 
 .text.resetd_reset
                0x10004cf4        0xc CMakeFiles/Brushed_main.dir/C_/Users/Pablo/Documents/Programacion/Firmware/RP2040/pico-sdk/src/rp2_common/pico_stdio_usb/reset_interface.c.obj
 .text.resetd_open
                0x10004d00       0x34 CMakeFiles/Brushed_main.dir/C_/Users/Pablo/Documents/Programacion/Firmware/RP2040/pico-sdk/src/rp2_common/pico_stdio_usb/reset_interface.c.obj
 .text.resetd_xfer_cb
                0x10004d34        0x4 CMakeFiles/Brushed_main.dir/C_/Users/Pablo/Documents/Programacion/Firmware/RP2040/pico-sdk/src/rp2_common/pico_stdio_usb/reset_interface.c.obj
 .text.reset_usb_boot
                0x10004d38       0x18 CMakeFiles/Brushed_main.dir/C_/Users/Pablo/Documents/Programacion/Firmware/RP2040/pico-sdk/src/rp2_common/pico_stdio_usb/reset_interface.c.obj
 .text.resetd_control_xfer_cb
                0x10004d50       0x5c CMakeFiles/Brushed_main.dir/C_/Users/Pablo/Documents/Programacion/Firmware/RP2040/pico-sdk/src/rp2_common/pico_stdio_usb/reset_interface.c.obj
 .text.usbd_app_driver_get_cb
                0x10004dac        0xc CMakeFiles/Brushed_main.dir/C_/Users/Pablo/Documents/Programacion/Firmware/RP2040/pico-sdk/src/rp2_common/pico_stdio_usb/reset_interface.c.obj
                0x10004dac                usbd_app_driver_get_cb
 .text.tud_cdc_line_coding_cb
                0x10004db8       0x28 CMakeFiles/Brushed_main.dir/C_/Users/Pablo/Documents/Programacion/Firmware/RP2040/pico-sdk/src/rp2_common/pico_stdio_usb/reset_interface.c.obj
                0x10004db8                tud_cdc_line_coding_cb
 .text.stdio_usb_in_chars
                0x10004de0       0x70 CMakeFiles/Brushed_main.dir/C_/Users/Pablo/Documents/Programacion/Firmware/RP2040/pico-sdk/src/rp2_common/pico_stdio_usb/stdio_usb.c.obj
                0x10004de0                stdio_usb_in_chars
 .text.low_priority_worker_irq
                0x10004e50       0x20 CMakeFiles/Brushed_main.dir/C_/Users/Pablo/Documents/Programacion/Firmware/RP2040/pico-sdk/src/rp2_common/pico_stdio_usb/stdio_usb.c.obj
 .text.stdio_usb_out_chars
                0x10004e70       0xd4 CMakeFiles/Brushed_main.dir/C_/Users/Pablo/Documents/Programacion/Firmware/RP2040/pico-sdk/src/rp2_common/pico_stdio_usb/stdio_usb.c.obj
 .text.timer_task
                0x10004f44       0x40 CMakeFiles/Brushed_main.dir/C_/Users/Pablo/Documents/Programacion/Firmware/RP2040/pico-sdk/src/rp2_common/pico_stdio_usb/stdio_usb.c.obj
 .text.usb_irq  0x10004f84       0x10 CMakeFiles/Brushed_main.dir/C_/Users/Pablo/Documents/Programacion/Firmware/RP2040/pico-sdk/src/rp2_common/pico_stdio_usb/stdio_usb.c.obj
 .text.stdio_usb_init
                0x10004f94       0xec CMakeFiles/Brushed_main.dir/C_/Users/Pablo/Documents/Programacion/Firmware/RP2040/pico-sdk/src/rp2_common/pico_stdio_usb/stdio_usb.c.obj
                0x10004f94                stdio_usb_init
 .text.tud_descriptor_device_cb
                0x10005080        0x8 CMakeFiles/Brushed_main.dir/C_/Users/Pablo/Documents/Programacion/Firmware/RP2040/pico-sdk/src/rp2_common/pico_stdio_usb/stdio_usb_descriptors.c.obj
                0x10005080                tud_descriptor_device_cb
 .text.tud_descriptor_configuration_cb
                0x10005088        0x8 CMakeFiles/Brushed_main.dir/C_/Users/Pablo/Documents/Programacion/Firmware/RP2040/pico-sdk/src/rp2_common/pico_stdio_usb/stdio_usb_descriptors.c.obj
                0x10005088                tud_descriptor_configuration_cb
 .text.tud_descriptor_string_cb
                0x10005090       0x6c CMakeFiles/Brushed_main.dir/C_/Users/Pablo/Documents/Programacion/Firmware/RP2040/pico-sdk/src/rp2_common/pico_stdio_usb/stdio_usb_descriptors.c.obj
                0x10005090                tud_descriptor_string_cb
 .text.hw_endpoint_get_by_addr
                0x100050fc       0x18 CMakeFiles/Brushed_main.dir/C_/Users/Pablo/Documents/Programacion/Firmware/RP2040/pico-sdk/lib/tinyusb/src/portable/raspberrypi/rp2040/dcd_rp2040.c.obj
 .text.reset_ep0_pid
                0x10005114       0x28 CMakeFiles/Brushed_main.dir/C_/Users/Pablo/Documents/Programacion/Firmware/RP2040/pico-sdk/lib/tinyusb/src/portable/raspberrypi/rp2040/dcd_rp2040.c.obj
 .text._hw_endpoint_alloc
                0x1000513c       0x70 CMakeFiles/Brushed_main.dir/C_/Users/Pablo/Documents/Programacion/Firmware/RP2040/pico-sdk/lib/tinyusb/src/portable/raspberrypi/rp2040/dcd_rp2040.c.obj
 .text.hw_endpoint_init
                0x100051ac       0x88 CMakeFiles/Brushed_main.dir/C_/Users/Pablo/Documents/Programacion/Firmware/RP2040/pico-sdk/lib/tinyusb/src/portable/raspberrypi/rp2040/dcd_rp2040.c.obj
 .text.reset_non_control_endpoints
                0x10005234       0x40 CMakeFiles/Brushed_main.dir/C_/Users/Pablo/Documents/Programacion/Firmware/RP2040/pico-sdk/lib/tinyusb/src/portable/raspberrypi/rp2040/dcd_rp2040.c.obj
 .text.hw_handle_buff_status
                0x10005274       0x8c CMakeFiles/Brushed_main.dir/C_/Users/Pablo/Documents/Programacion/Firmware/RP2040/pico-sdk/lib/tinyusb/src/portable/raspberrypi/rp2040/dcd_rp2040.c.obj
 .text.dcd_rp2040_irq
                0x10005300       0xc0 CMakeFiles/Brushed_main.dir/C_/Users/Pablo/Documents/Programacion/Firmware/RP2040/pico-sdk/lib/tinyusb/src/portable/raspberrypi/rp2040/dcd_rp2040.c.obj
 .text.hw_endpoint_xfer
                0x100053c0       0x14 CMakeFiles/Brushed_main.dir/C_/Users/Pablo/Documents/Programacion/Firmware/RP2040/pico-sdk/lib/tinyusb/src/portable/raspberrypi/rp2040/dcd_rp2040.c.obj
 .text.dcd_int_enable
                0x100053d4       0x2c CMakeFiles/Brushed_main.dir/C_/Users/Pablo/Documents/Programacion/Firmware/RP2040/pico-sdk/lib/tinyusb/src/portable/raspberrypi/rp2040/dcd_rp2040.c.obj
                0x100053d4                dcd_int_enable
 .text.dcd_set_address
                0x10005400       0x2c CMakeFiles/Brushed_main.dir/C_/Users/Pablo/Documents/Programacion/Firmware/RP2040/pico-sdk/lib/tinyusb/src/portable/raspberrypi/rp2040/dcd_rp2040.c.obj
                0x10005400                dcd_set_address
 .text.dcd_connect
                0x1000542c       0x10 CMakeFiles/Brushed_main.dir/C_/Users/Pablo/Documents/Programacion/Firmware/RP2040/pico-sdk/lib/tinyusb/src/portable/raspberrypi/rp2040/dcd_rp2040.c.obj
                0x1000542c                dcd_connect
 .text.dcd_init
                0x1000543c       0x7c CMakeFiles/Brushed_main.dir/C_/Users/Pablo/Documents/Programacion/Firmware/RP2040/pico-sdk/lib/tinyusb/src/portable/raspberrypi/rp2040/dcd_rp2040.c.obj
                0x1000543c                dcd_init
 .text.dcd_edpt0_status_complete
                0x100054b8       0x1c CMakeFiles/Brushed_main.dir/C_/Users/Pablo/Documents/Programacion/Firmware/RP2040/pico-sdk/lib/tinyusb/src/portable/raspberrypi/rp2040/dcd_rp2040.c.obj
                0x100054b8                dcd_edpt0_status_complete
 .text.dcd_edpt_open
                0x100054d4       0x40 CMakeFiles/Brushed_main.dir/C_/Users/Pablo/Documents/Programacion/Firmware/RP2040/pico-sdk/lib/tinyusb/src/portable/raspberrypi/rp2040/dcd_rp2040.c.obj
                0x100054d4                dcd_edpt_open
 .text.dcd_edpt_close_all
                0x10005514        0x8 CMakeFiles/Brushed_main.dir/C_/Users/Pablo/Documents/Programacion/Firmware/RP2040/pico-sdk/lib/tinyusb/src/portable/raspberrypi/rp2040/dcd_rp2040.c.obj
                0x10005514                dcd_edpt_close_all
 .text.dcd_edpt_xfer
                0x1000551c       0x30 CMakeFiles/Brushed_main.dir/C_/Users/Pablo/Documents/Programacion/Firmware/RP2040/pico-sdk/lib/tinyusb/src/portable/raspberrypi/rp2040/dcd_rp2040.c.obj
                0x1000551c                dcd_edpt_xfer
 .text.dcd_edpt_stall
                0x1000554c       0x2c CMakeFiles/Brushed_main.dir/C_/Users/Pablo/Documents/Programacion/Firmware/RP2040/pico-sdk/lib/tinyusb/src/portable/raspberrypi/rp2040/dcd_rp2040.c.obj
                0x1000554c                dcd_edpt_stall
 .text.dcd_edpt_clear_stall
                0x10005578       0x20 CMakeFiles/Brushed_main.dir/C_/Users/Pablo/Documents/Programacion/Firmware/RP2040/pico-sdk/lib/tinyusb/src/portable/raspberrypi/rp2040/dcd_rp2040.c.obj
                0x10005578                dcd_edpt_clear_stall
 .text.prepare_ep_buffer
                0x10005598       0x70 CMakeFiles/Brushed_main.dir/C_/Users/Pablo/Documents/Programacion/Firmware/RP2040/pico-sdk/lib/tinyusb/src/portable/raspberrypi/rp2040/rp2040_usb.c.obj
 .text.sync_ep_buffer
                0x10005608       0x7c CMakeFiles/Brushed_main.dir/C_/Users/Pablo/Documents/Programacion/Firmware/RP2040/pico-sdk/lib/tinyusb/src/portable/raspberrypi/rp2040/rp2040_usb.c.obj
 .text._hw_endpoint_xfer_sync
                0x10005684       0x28 CMakeFiles/Brushed_main.dir/C_/Users/Pablo/Documents/Programacion/Firmware/RP2040/pico-sdk/lib/tinyusb/src/portable/raspberrypi/rp2040/rp2040_usb.c.obj
 .text.rp2040_usb_init
                0x100056ac       0x4c CMakeFiles/Brushed_main.dir/C_/Users/Pablo/Documents/Programacion/Firmware/RP2040/pico-sdk/lib/tinyusb/src/portable/raspberrypi/rp2040/rp2040_usb.c.obj
                0x100056ac                rp2040_usb_init
 .text.hw_endpoint_reset_transfer
                0x100056f8        0xc CMakeFiles/Brushed_main.dir/C_/Users/Pablo/Documents/Programacion/Firmware/RP2040/pico-sdk/lib/tinyusb/src/portable/raspberrypi/rp2040/rp2040_usb.c.obj
                0x100056f8                hw_endpoint_reset_transfer
 .text._hw_endpoint_buffer_control_update32
                0x10005704       0x58 CMakeFiles/Brushed_main.dir/C_/Users/Pablo/Documents/Programacion/Firmware/RP2040/pico-sdk/lib/tinyusb/src/portable/raspberrypi/rp2040/rp2040_usb.c.obj
                0x10005704                _hw_endpoint_buffer_control_update32
 .text._hw_endpoint_start_next_buffer
                0x1000575c       0x74 CMakeFiles/Brushed_main.dir/C_/Users/Pablo/Documents/Programacion/Firmware/RP2040/pico-sdk/lib/tinyusb/src/portable/raspberrypi/rp2040/rp2040_usb.c.obj
 .text.hw_endpoint_xfer_start
                0x100057d0       0x48 CMakeFiles/Brushed_main.dir/C_/Users/Pablo/Documents/Programacion/Firmware/RP2040/pico-sdk/lib/tinyusb/src/portable/raspberrypi/rp2040/rp2040_usb.c.obj
                0x100057d0                hw_endpoint_xfer_start
 .text.hw_endpoint_xfer_continue
                0x10005818       0x38 CMakeFiles/Brushed_main.dir/C_/Users/Pablo/Documents/Programacion/Firmware/RP2040/pico-sdk/lib/tinyusb/src/portable/raspberrypi/rp2040/rp2040_usb.c.obj
                0x10005818                hw_endpoint_xfer_continue
 .text.configuration_reset
                0x10005850       0x84 CMakeFiles/Brushed_main.dir/C_/Users/Pablo/Documents/Programacion/Firmware/RP2040/pico-sdk/lib/tinyusb/src/device/usbd.c.obj
 .text.usbd_reset
                0x100058d4        0xc CMakeFiles/Brushed_main.dir/C_/Users/Pablo/Documents/Programacion/Firmware/RP2040/pico-sdk/lib/tinyusb/src/device/usbd.c.obj
 .text.invoke_class_control
                0x100058e0       0x1a CMakeFiles/Brushed_main.dir/C_/Users/Pablo/Documents/Programacion/Firmware/RP2040/pico-sdk/lib/tinyusb/src/device/usbd.c.obj
 *fill*         0x100058fa        0x2 
 .text.process_set_config
                0x100058fc      0x1b0 CMakeFiles/Brushed_main.dir/C_/Users/Pablo/Documents/Programacion/Firmware/RP2040/pico-sdk/lib/tinyusb/src/device/usbd.c.obj
 .text.process_get_descriptor
                0x10005aac       0xec CMakeFiles/Brushed_main.dir/C_/Users/Pablo/Documents/Programacion/Firmware/RP2040/pico-sdk/lib/tinyusb/src/device/usbd.c.obj
 .text.tud_mounted
                0x10005b98       0x10 CMakeFiles/Brushed_main.dir/C_/Users/Pablo/Documents/Programacion/Firmware/RP2040/pico-sdk/lib/tinyusb/src/device/usbd.c.obj
                0x10005b98                tud_mounted
 .text.tud_suspended
                0x10005ba8       0x10 CMakeFiles/Brushed_main.dir/C_/Users/Pablo/Documents/Programacion/Firmware/RP2040/pico-sdk/lib/tinyusb/src/device/usbd.c.obj
                0x10005ba8                tud_suspended
 .text.tud_inited
                0x10005bb8        0xc CMakeFiles/Brushed_main.dir/C_/Users/Pablo/Documents/Programacion/Firmware/RP2040/pico-sdk/lib/tinyusb/src/device/usbd.c.obj
                0x10005bb8                tud_inited
 .text.tud_init
                0x10005bc4       0xcc CMakeFiles/Brushed_main.dir/C_/Users/Pablo/Documents/Programacion/Firmware/RP2040/pico-sdk/lib/tinyusb/src/device/usbd.c.obj
                0x10005bc4                tud_init
 .text.dcd_event_handler
                0x10005c90      0x1e0 CMakeFiles/Brushed_main.dir/C_/Users/Pablo/Documents/Programacion/Firmware/RP2040/pico-sdk/lib/tinyusb/src/device/usbd.c.obj
                0x10005c90                dcd_event_handler
 .text.dcd_event_bus_signal
                0x10005e70       0x26 CMakeFiles/Brushed_main.dir/C_/Users/Pablo/Documents/Programacion/Firmware/RP2040/pico-sdk/lib/tinyusb/src/device/usbd.c.obj
                0x10005e70                dcd_event_bus_signal
 .text.dcd_event_bus_reset
                0x10005e96       0x2a CMakeFiles/Brushed_main.dir/C_/Users/Pablo/Documents/Programacion/Firmware/RP2040/pico-sdk/lib/tinyusb/src/device/usbd.c.obj
                0x10005e96                dcd_event_bus_reset
 .text.dcd_event_setup_received
                0x10005ec0       0x34 CMakeFiles/Brushed_main.dir/C_/Users/Pablo/Documents/Programacion/Firmware/RP2040/pico-sdk/lib/tinyusb/src/device/usbd.c.obj
                0x10005ec0                dcd_event_setup_received
 .text.dcd_event_xfer_complete
                0x10005ef4       0x44 CMakeFiles/Brushed_main.dir/C_/Users/Pablo/Documents/Programacion/Firmware/RP2040/pico-sdk/lib/tinyusb/src/device/usbd.c.obj
                0x10005ef4                dcd_event_xfer_complete
 .text.usbd_edpt_open
                0x10005f38       0x58 CMakeFiles/Brushed_main.dir/C_/Users/Pablo/Documents/Programacion/Firmware/RP2040/pico-sdk/lib/tinyusb/src/device/usbd.c.obj
                0x10005f38                usbd_edpt_open
 .text.usbd_open_edpt_pair
                0x10005f90       0x8c CMakeFiles/Brushed_main.dir/C_/Users/Pablo/Documents/Programacion/Firmware/RP2040/pico-sdk/lib/tinyusb/src/device/usbd.c.obj
                0x10005f90                usbd_open_edpt_pair
 .text.usbd_edpt_claim
                0x1000601c       0x8c CMakeFiles/Brushed_main.dir/C_/Users/Pablo/Documents/Programacion/Firmware/RP2040/pico-sdk/lib/tinyusb/src/device/usbd.c.obj
                0x1000601c                usbd_edpt_claim
 .text.usbd_edpt_release
                0x100060a8       0x68 CMakeFiles/Brushed_main.dir/C_/Users/Pablo/Documents/Programacion/Firmware/RP2040/pico-sdk/lib/tinyusb/src/device/usbd.c.obj
                0x100060a8                usbd_edpt_release
 .text.usbd_edpt_xfer
                0x10006110       0x80 CMakeFiles/Brushed_main.dir/C_/Users/Pablo/Documents/Programacion/Firmware/RP2040/pico-sdk/lib/tinyusb/src/device/usbd.c.obj
                0x10006110                usbd_edpt_xfer
 .text.usbd_edpt_stall
                0x10006190       0x40 CMakeFiles/Brushed_main.dir/C_/Users/Pablo/Documents/Programacion/Firmware/RP2040/pico-sdk/lib/tinyusb/src/device/usbd.c.obj
                0x10006190                usbd_edpt_stall
 .text.usbd_edpt_clear_stall
                0x100061d0       0x40 CMakeFiles/Brushed_main.dir/C_/Users/Pablo/Documents/Programacion/Firmware/RP2040/pico-sdk/lib/tinyusb/src/device/usbd.c.obj
                0x100061d0                usbd_edpt_clear_stall
 .text.usbd_edpt_stalled
                0x10006210       0x1c CMakeFiles/Brushed_main.dir/C_/Users/Pablo/Documents/Programacion/Firmware/RP2040/pico-sdk/lib/tinyusb/src/device/usbd.c.obj
                0x10006210                usbd_edpt_stalled
 .text.process_control_request
                0x1000622c      0x3b8 CMakeFiles/Brushed_main.dir/C_/Users/Pablo/Documents/Programacion/Firmware/RP2040/pico-sdk/lib/tinyusb/src/device/usbd.c.obj
 .text.tud_task
                0x100065e4      0x218 CMakeFiles/Brushed_main.dir/C_/Users/Pablo/Documents/Programacion/Firmware/RP2040/pico-sdk/lib/tinyusb/src/device/usbd.c.obj
                0x100065e4                tud_task
 .text._data_stage_xact
                0x100067fc       0x58 CMakeFiles/Brushed_main.dir/C_/Users/Pablo/Documents/Programacion/Firmware/RP2040/pico-sdk/lib/tinyusb/src/device/usbd_control.c.obj
 .text.tud_control_status
                0x10006854       0x38 CMakeFiles/Brushed_main.dir/C_/Users/Pablo/Documents/Programacion/Firmware/RP2040/pico-sdk/lib/tinyusb/src/device/usbd_control.c.obj
                0x10006854                tud_control_status
 .text.tud_control_xfer
                0x1000688c       0xa8 CMakeFiles/Brushed_main.dir/C_/Users/Pablo/Documents/Programacion/Firmware/RP2040/pico-sdk/lib/tinyusb/src/device/usbd_control.c.obj
                0x1000688c                tud_control_xfer
 .text.usbd_control_reset
                0x10006934       0x14 CMakeFiles/Brushed_main.dir/C_/Users/Pablo/Documents/Programacion/Firmware/RP2040/pico-sdk/lib/tinyusb/src/device/usbd_control.c.obj
                0x10006934                usbd_control_reset
 .text.usbd_control_set_complete_callback
                0x10006948        0xc CMakeFiles/Brushed_main.dir/C_/Users/Pablo/Documents/Programacion/Firmware/RP2040/pico-sdk/lib/tinyusb/src/device/usbd_control.c.obj
                0x10006948                usbd_control_set_complete_callback
 .text.usbd_control_set_request
                0x10006954       0x1c CMakeFiles/Brushed_main.dir/C_/Users/Pablo/Documents/Programacion/Firmware/RP2040/pico-sdk/lib/tinyusb/src/device/usbd_control.c.obj
                0x10006954                usbd_control_set_request
 .text.usbd_control_xfer_cb
                0x10006970       0xfc CMakeFiles/Brushed_main.dir/C_/Users/Pablo/Documents/Programacion/Firmware/RP2040/pico-sdk/lib/tinyusb/src/device/usbd_control.c.obj
                0x10006970                usbd_control_xfer_cb
 .text._prep_out_transaction
                0x10006a6c       0x46 CMakeFiles/Brushed_main.dir/C_/Users/Pablo/Documents/Programacion/Firmware/RP2040/pico-sdk/lib/tinyusb/src/class/cdc/cdc_device.c.obj
 *fill*         0x10006ab2        0x2 
 .text.tud_cdc_n_connected
                0x10006ab4       0x44 CMakeFiles/Brushed_main.dir/C_/Users/Pablo/Documents/Programacion/Firmware/RP2040/pico-sdk/lib/tinyusb/src/class/cdc/cdc_device.c.obj
                0x10006ab4                tud_cdc_n_connected
 .text.tud_cdc_n_available
                0x10006af8       0x18 CMakeFiles/Brushed_main.dir/C_/Users/Pablo/Documents/Programacion/Firmware/RP2040/pico-sdk/lib/tinyusb/src/class/cdc/cdc_device.c.obj
                0x10006af8                tud_cdc_n_available
 .text.tud_cdc_n_read
                0x10006b10       0x28 CMakeFiles/Brushed_main.dir/C_/Users/Pablo/Documents/Programacion/Firmware/RP2040/pico-sdk/lib/tinyusb/src/class/cdc/cdc_device.c.obj
                0x10006b10                tud_cdc_n_read
 .text.tud_cdc_n_write_flush
                0x10006b38       0xcc CMakeFiles/Brushed_main.dir/C_/Users/Pablo/Documents/Programacion/Firmware/RP2040/pico-sdk/lib/tinyusb/src/class/cdc/cdc_device.c.obj
                0x10006b38                tud_cdc_n_write_flush
 .text.tud_cdc_n_write
                0x10006c04       0x38 CMakeFiles/Brushed_main.dir/C_/Users/Pablo/Documents/Programacion/Firmware/RP2040/pico-sdk/lib/tinyusb/src/class/cdc/cdc_device.c.obj
                0x10006c04                tud_cdc_n_write
 .text.tud_cdc_n_write_available
                0x10006c3c       0x1c CMakeFiles/Brushed_main.dir/C_/Users/Pablo/Documents/Programacion/Firmware/RP2040/pico-sdk/lib/tinyusb/src/class/cdc/cdc_device.c.obj
                0x10006c3c                tud_cdc_n_write_available
 .text.cdcd_init
                0x10006c58       0xbc CMakeFiles/Brushed_main.dir/C_/Users/Pablo/Documents/Programacion/Firmware/RP2040/pico-sdk/lib/tinyusb/src/class/cdc/cdc_device.c.obj
                0x10006c58                cdcd_init
 .text.cdcd_reset
                0x10006d14       0x44 CMakeFiles/Brushed_main.dir/C_/Users/Pablo/Documents/Programacion/Firmware/RP2040/pico-sdk/lib/tinyusb/src/class/cdc/cdc_device.c.obj
                0x10006d14                cdcd_reset
 .text.cdcd_open
                0x10006d58       0xf8 CMakeFiles/Brushed_main.dir/C_/Users/Pablo/Documents/Programacion/Firmware/RP2040/pico-sdk/lib/tinyusb/src/class/cdc/cdc_device.c.obj
                0x10006d58                cdcd_open
 .text.cdcd_control_xfer_cb
                0x10006e50      0x134 CMakeFiles/Brushed_main.dir/C_/Users/Pablo/Documents/Programacion/Firmware/RP2040/pico-sdk/lib/tinyusb/src/class/cdc/cdc_device.c.obj
                0x10006e50                cdcd_control_xfer_cb
 .text.cdcd_xfer_cb
                0x10006f84      0x144 CMakeFiles/Brushed_main.dir/C_/Users/Pablo/Documents/Programacion/Firmware/RP2040/pico-sdk/lib/tinyusb/src/class/cdc/cdc_device.c.obj
                0x10006f84                cdcd_xfer_cb
 .text.tusb_init
                0x100070c8       0x24 CMakeFiles/Brushed_main.dir/C_/Users/Pablo/Documents/Programacion/Firmware/RP2040/pico-sdk/lib/tinyusb/src/tusb.c.obj
                0x100070c8                tusb_init
 .text.tusb_inited
                0x100070ec        0xe CMakeFiles/Brushed_main.dir/C_/Users/Pablo/Documents/Programacion/Firmware/RP2040/pico-sdk/lib/tinyusb/src/tusb.c.obj
                0x100070ec                tusb_inited
 *fill*         0x100070fa        0x2 
 .text.tu_edpt_validate
                0x100070fc       0xa8 CMakeFiles/Brushed_main.dir/C_/Users/Pablo/Documents/Programacion/Firmware/RP2040/pico-sdk/lib/tinyusb/src/tusb.c.obj
                0x100070fc                tu_edpt_validate
 .text.tu_edpt_bind_driver
                0x100071a4       0x2a CMakeFiles/Brushed_main.dir/C_/Users/Pablo/Documents/Programacion/Firmware/RP2040/pico-sdk/lib/tinyusb/src/tusb.c.obj
                0x100071a4                tu_edpt_bind_driver
 .text.advance_pointer
                0x100071ce       0x18 CMakeFiles/Brushed_main.dir/C_/Users/Pablo/Documents/Programacion/Firmware/RP2040/pico-sdk/lib/tinyusb/src/common/tusb_fifo.c.obj
 .text.backward_pointer
                0x100071e6       0x1e CMakeFiles/Brushed_main.dir/C_/Users/Pablo/Documents/Programacion/Firmware/RP2040/pico-sdk/lib/tinyusb/src/common/tusb_fifo.c.obj
 .text.get_relative_pointer
                0x10007204       0x10 CMakeFiles/Brushed_main.dir/C_/Users/Pablo/Documents/Programacion/Firmware/RP2040/pico-sdk/lib/tinyusb/src/common/tusb_fifo.c.obj
 .text._tu_fifo_peek
                0x10007214       0x50 CMakeFiles/Brushed_main.dir/C_/Users/Pablo/Documents/Programacion/Firmware/RP2040/pico-sdk/lib/tinyusb/src/common/tusb_fifo.c.obj
 .text._ff_pull_const_addr
                0x10007264       0x4c CMakeFiles/Brushed_main.dir/C_/Users/Pablo/Documents/Programacion/Firmware/RP2040/pico-sdk/lib/tinyusb/src/common/tusb_fifo.c.obj
 .text._ff_pull_n
                0x100072b0      0x10c CMakeFiles/Brushed_main.dir/C_/Users/Pablo/Documents/Programacion/Firmware/RP2040/pico-sdk/lib/tinyusb/src/common/tusb_fifo.c.obj
 .text._tu_fifo_peek_n
                0x100073bc       0x5e CMakeFiles/Brushed_main.dir/C_/Users/Pablo/Documents/Programacion/Firmware/RP2040/pico-sdk/lib/tinyusb/src/common/tusb_fifo.c.obj
 .text._tu_fifo_read_n
                0x1000741a       0x4e CMakeFiles/Brushed_main.dir/C_/Users/Pablo/Documents/Programacion/Firmware/RP2040/pico-sdk/lib/tinyusb/src/common/tusb_fifo.c.obj
 .text._ff_push_const_addr
                0x10007468       0x40 CMakeFiles/Brushed_main.dir/C_/Users/Pablo/Documents/Programacion/Firmware/RP2040/pico-sdk/lib/tinyusb/src/common/tusb_fifo.c.obj
 .text._ff_push_n
                0x100074a8      0x108 CMakeFiles/Brushed_main.dir/C_/Users/Pablo/Documents/Programacion/Firmware/RP2040/pico-sdk/lib/tinyusb/src/common/tusb_fifo.c.obj
 .text._tu_fifo_write_n
                0x100075b0       0x9e CMakeFiles/Brushed_main.dir/C_/Users/Pablo/Documents/Programacion/Firmware/RP2040/pico-sdk/lib/tinyusb/src/common/tusb_fifo.c.obj
 .text.tu_fifo_config
                0x1000764e       0x72 CMakeFiles/Brushed_main.dir/C_/Users/Pablo/Documents/Programacion/Firmware/RP2040/pico-sdk/lib/tinyusb/src/common/tusb_fifo.c.obj
                0x1000764e                tu_fifo_config
 .text.tu_fifo_count
                0x100076c0       0x26 CMakeFiles/Brushed_main.dir/C_/Users/Pablo/Documents/Programacion/Firmware/RP2040/pico-sdk/lib/tinyusb/src/common/tusb_fifo.c.obj
                0x100076c0                tu_fifo_count
 .text.tu_fifo_empty
                0x100076e6       0x10 CMakeFiles/Brushed_main.dir/C_/Users/Pablo/Documents/Programacion/Firmware/RP2040/pico-sdk/lib/tinyusb/src/common/tusb_fifo.c.obj
                0x100076e6                tu_fifo_empty
 .text.tu_fifo_remaining
                0x100076f6       0x20 CMakeFiles/Brushed_main.dir/C_/Users/Pablo/Documents/Programacion/Firmware/RP2040/pico-sdk/lib/tinyusb/src/common/tusb_fifo.c.obj
                0x100076f6                tu_fifo_remaining
 .text.tu_fifo_read
                0x10007716       0x42 CMakeFiles/Brushed_main.dir/C_/Users/Pablo/Documents/Programacion/Firmware/RP2040/pico-sdk/lib/tinyusb/src/common/tusb_fifo.c.obj
                0x10007716                tu_fifo_read
 .text.tu_fifo_read_n
                0x10007758        0xa CMakeFiles/Brushed_main.dir/C_/Users/Pablo/Documents/Programacion/Firmware/RP2040/pico-sdk/lib/tinyusb/src/common/tusb_fifo.c.obj
                0x10007758                tu_fifo_read_n
 .text.tu_fifo_write
                0x10007762       0x6c CMakeFiles/Brushed_main.dir/C_/Users/Pablo/Documents/Programacion/Firmware/RP2040/pico-sdk/lib/tinyusb/src/common/tusb_fifo.c.obj
                0x10007762                tu_fifo_write
 .text.tu_fifo_write_n
                0x100077ce        0xa CMakeFiles/Brushed_main.dir/C_/Users/Pablo/Documents/Programacion/Firmware/RP2040/pico-sdk/lib/tinyusb/src/common/tusb_fifo.c.obj
                0x100077ce                tu_fifo_write_n
 .text.tu_fifo_clear
                0x100077d8       0x4c CMakeFiles/Brushed_main.dir/C_/Users/Pablo/Documents/Programacion/Firmware/RP2040/pico-sdk/lib/tinyusb/src/common/tusb_fifo.c.obj
                0x100077d8                tu_fifo_clear
 .text.tu_fifo_set_overwritable
                0x10007824       0x3c CMakeFiles/Brushed_main.dir/C_/Users/Pablo/Documents/Programacion/Firmware/RP2040/pico-sdk/lib/tinyusb/src/common/tusb_fifo.c.obj
                0x10007824                tu_fifo_set_overwritable
 .text._retrieve_unique_id_on_boot
                0x10007860       0x10 CMakeFiles/Brushed_main.dir/C_/Users/Pablo/Documents/Programacion/Firmware/RP2040/pico-sdk/src/rp2_common/pico_unique_id/unique_id.c.obj
 .text.pico_get_unique_board_id_string
                0x10007870       0x60 CMakeFiles/Brushed_main.dir/C_/Users/Pablo/Documents/Programacion/Firmware/RP2040/pico-sdk/src/rp2_common/pico_unique_id/unique_id.c.obj
                0x10007870                pico_get_unique_board_id_string
 .text.flash_get_unique_id
                0x100078d0       0x46 CMakeFiles/Brushed_main.dir/C_/Users/Pablo/Documents/Programacion/Firmware/RP2040/pico-sdk/src/rp2_common/hardware_flash/flash.c.obj
                0x100078d0                flash_get_unique_id
 *fill*         0x10007916        0x2 
 .text.adc_init
                0x10007918       0x34 CMakeFiles/Brushed_main.dir/C_/Users/Pablo/Documents/Programacion/Firmware/RP2040/pico-sdk/src/rp2_common/hardware_adc/adc.c.obj
                0x10007918                adc_init
 .text.spi_set_baudrate
                0x1000794c       0x92 CMakeFiles/Brushed_main.dir/C_/Users/Pablo/Documents/Programacion/Firmware/RP2040/pico-sdk/src/rp2_common/hardware_spi/spi.c.obj
                0x1000794c                spi_set_baudrate
 *fill*         0x100079de        0x2 
 .text.spi_init
                0x100079e0       0x68 CMakeFiles/Brushed_main.dir/C_/Users/Pablo/Documents/Programacion/Firmware/RP2040/pico-sdk/src/rp2_common/hardware_spi/spi.c.obj
                0x100079e0                spi_init
 .text.strlen   0x10007a48       0x5c c:/progra~2/gnuarm~1/102021~1.10/bin/../lib/gcc/arm-none-eabi/10.3.1/../../../../arm-none-eabi/lib/thumb/v6-m/nofp\libg.a(lib_a-strlen-stub.o)
                0x10007a48                strlen
 *(.fini)
 .fini          0x10007aa4        0x4 c:/progra~2/gnuarm~1/102021~1.10/bin/../lib/gcc/arm-none-eabi/10.3.1/thumb/v6-m/nofp/crti.o
                0x10007aa4                _fini
 .fini.__stub   0x10007aa8       0x80 linker stubs
 *crtbegin.o(.ctors)
 *crtbegin?.o(.ctors)
 *(EXCLUDE_FILE(*crtend.o *crtend?.o) .ctors)
 *(SORT_BY_NAME(.ctors.*))
 *(.ctors)
 *crtbegin.o(.dtors)
 *crtbegin?.o(.dtors)
 *(EXCLUDE_FILE(*crtend.o *crtend?.o) .dtors)
 *(SORT_BY_NAME(.dtors.*))
 *(.dtors)
 *(.eh_frame*)
 .eh_frame      0x10007b28        0x0 c:/progra~2/gnuarm~1/102021~1.10/bin/../lib/gcc/arm-none-eabi/10.3.1/thumb/v6-m/nofp/crtbegin.o
                0x10007b28                . = ALIGN (0x4)

.glue_7         0x10007b28        0x0
 .glue_7        0x10007b28        0x0 linker stubs

.glue_7t        0x10007b28        0x0
 .glue_7t       0x10007b28        0x0 linker stubs

.vfp11_veneer   0x10007b28        0x0
 .vfp11_veneer  0x10007b28        0x0 linker stubs

.v4_bx          0x10007b28        0x0
 .v4_bx         0x10007b28        0x0 linker stubs

.iplt           0x10007b28        0x0
 .iplt          0x10007b28        0x0 c:/progra~2/gnuarm~1/102021~1.10/bin/../lib/gcc/arm-none-eabi/10.3.1/thumb/v6-m/nofp/crtbegin.o

.rodata         0x10007b28     0x1be4
 *(EXCLUDE_FILE(*libm.a: *libc.a:*lib_a-mem*.o *libgcc.a:) .rodata*)
 .rodata.main.str1.4
                0x10007b28        0x4 CMakeFiles/Brushed_main.dir/Brushed_main.c.obj
 .rodata.diagnosis.str1.4
                0x10007b2c      0x19e CMakeFiles/Brushed_main.dir/Motor.c.obj
 *fill*         0x10007cca        0x2 
 .rodata.diagnosis
                0x10007ccc       0x30 CMakeFiles/Brushed_main.dir/Motor.c.obj
 .rodata.spin_lock_claim_unused.str1.4
                0x10007cfc       0x1b CMakeFiles/Brushed_main.dir/C_/Users/Pablo/Documents/Programacion/Firmware/RP2040/pico-sdk/src/rp2_common/hardware_sync/sync.c.obj
 *fill*         0x10007d17        0x1 
 .rodata.make_branch.str1.4
                0x10007d18       0x91 CMakeFiles/Brushed_main.dir/C_/Users/Pablo/Documents/Programacion/Firmware/RP2040/pico-sdk/src/rp2_common/hardware_irq/irq.c.obj
 *fill*         0x10007da9        0x3 
 .rodata.insert_branch_and_link.str1.4
                0x10007dac       0x10 CMakeFiles/Brushed_main.dir/C_/Users/Pablo/Documents/Programacion/Firmware/RP2040/pico-sdk/src/rp2_common/hardware_irq/irq.c.obj
 .rodata.irq_set_exclusive_handler.str1.4
                0x10007dbc       0x36 CMakeFiles/Brushed_main.dir/C_/Users/Pablo/Documents/Programacion/Firmware/RP2040/pico-sdk/src/rp2_common/hardware_irq/irq.c.obj
 *fill*         0x10007df2        0x2 
 .rodata.irq_add_shared_handler.str1.4
                0x10007df4       0xd9 CMakeFiles/Brushed_main.dir/C_/Users/Pablo/Documents/Programacion/Firmware/RP2040/pico-sdk/src/rp2_common/hardware_irq/irq.c.obj
 *fill*         0x10007ecd        0x3 
 .rodata.irq_remove_handler.str1.4
                0x10007ed0       0x2a CMakeFiles/Brushed_main.dir/C_/Users/Pablo/Documents/Programacion/Firmware/RP2040/pico-sdk/src/rp2_common/hardware_irq/irq.c.obj
 *fill*         0x10007efa        0x2 
 .rodata.irq_add_tail_to_free_list.str1.4
                0x10007efc       0x3a CMakeFiles/Brushed_main.dir/C_/Users/Pablo/Documents/Programacion/Firmware/RP2040/pico-sdk/src/rp2_common/hardware_irq/irq.c.obj
 *fill*         0x10007f36        0x2 
 .rodata.user_irq_claim_unused.str1.4
                0x10007f38       0x1b CMakeFiles/Brushed_main.dir/C_/Users/Pablo/Documents/Programacion/Firmware/RP2040/pico-sdk/src/rp2_common/hardware_irq/irq.c.obj
 *fill*         0x10007f53        0x1 
 .rodata.__func__.0
                0x10007f54       0x1a CMakeFiles/Brushed_main.dir/C_/Users/Pablo/Documents/Programacion/Firmware/RP2040/pico-sdk/src/rp2_common/hardware_irq/irq.c.obj
 *fill*         0x10007f6e        0x2 
 .rodata.__func__.1
                0x10007f70       0x17 CMakeFiles/Brushed_main.dir/C_/Users/Pablo/Documents/Programacion/Firmware/RP2040/pico-sdk/src/rp2_common/hardware_irq/irq.c.obj
 *fill*         0x10007f87        0x1 
 .rodata.__func__.2
                0x10007f88       0x13 CMakeFiles/Brushed_main.dir/C_/Users/Pablo/Documents/Programacion/Firmware/RP2040/pico-sdk/src/rp2_common/hardware_irq/irq.c.obj
 *fill*         0x10007f9b        0x1 
 .rodata.__func__.3
                0x10007f9c        0xc CMakeFiles/Brushed_main.dir/C_/Users/Pablo/Documents/Programacion/Firmware/RP2040/pico-sdk/src/rp2_common/hardware_irq/irq.c.obj
 .rodata.__func__.4
                0x10007fa8        0xf CMakeFiles/Brushed_main.dir/C_/Users/Pablo/Documents/Programacion/Firmware/RP2040/pico-sdk/src/rp2_common/hardware_irq/irq.c.obj
 *fill*         0x10007fb7        0x1 
 .rodata.__func__.5
                0x10007fb8       0x17 CMakeFiles/Brushed_main.dir/C_/Users/Pablo/Documents/Programacion/Firmware/RP2040/pico-sdk/src/rp2_common/hardware_irq/irq.c.obj
 *fill*         0x10007fcf        0x1 
 .rodata.__func__.6
                0x10007fd0       0x1a CMakeFiles/Brushed_main.dir/C_/Users/Pablo/Documents/Programacion/Firmware/RP2040/pico-sdk/src/rp2_common/hardware_irq/irq.c.obj
 *fill*         0x10007fea        0x2 
 .rodata.repeating_timer_callback.str1.4
                0x10007fec       0x6f CMakeFiles/Brushed_main.dir/C_/Users/Pablo/Documents/Programacion/Firmware/RP2040/pico-sdk/src/common/pico_time/time.c.obj
 *fill*         0x1000805b        0x1 
 .rodata.alarm_pool_dump_key.str1.4
                0x1000805c       0x33 CMakeFiles/Brushed_main.dir/C_/Users/Pablo/Documents/Programacion/Firmware/RP2040/pico-sdk/src/common/pico_time/time.c.obj
 *fill*         0x1000808f        0x1 
 .rodata.ph_add_child_node.str1.4
                0x10008090       0xba CMakeFiles/Brushed_main.dir/C_/Users/Pablo/Documents/Programacion/Firmware/RP2040/pico-sdk/src/common/pico_time/time.c.obj
 *fill*         0x1000814a        0x2 
 .rodata.add_alarm_under_lock.str1.4
                0x1000814c       0x28 CMakeFiles/Brushed_main.dir/C_/Users/Pablo/Documents/Programacion/Firmware/RP2040/pico-sdk/src/common/pico_time/time.c.obj
                                 0x2b (size before relaxing)
 .rodata.alarm_pool_alarm_callback.str1.4
                0x10008174      0x10a CMakeFiles/Brushed_main.dir/C_/Users/Pablo/Documents/Programacion/Firmware/RP2040/pico-sdk/src/common/pico_time/time.c.obj
 *fill*         0x1000827e        0x2 
 .rodata.alarm_pool_get_default.str1.4
                0x10008280       0x21 CMakeFiles/Brushed_main.dir/C_/Users/Pablo/Documents/Programacion/Firmware/RP2040/pico-sdk/src/common/pico_time/time.c.obj
 *fill*         0x100082a1        0x3 
 .rodata.alarm_pool_cancel_alarm.str1.4
                0x100082a4       0x27 CMakeFiles/Brushed_main.dir/C_/Users/Pablo/Documents/Programacion/Firmware/RP2040/pico-sdk/src/common/pico_time/time.c.obj
 *fill*         0x100082cb        0x1 
 .rodata.sleep_until.str1.4
                0x100082cc       0x4d CMakeFiles/Brushed_main.dir/C_/Users/Pablo/Documents/Programacion/Firmware/RP2040/pico-sdk/src/common/pico_time/time.c.obj
 *fill*         0x10008319        0x3 
 .rodata.__func__.0
                0x1000831c       0x19 CMakeFiles/Brushed_main.dir/C_/Users/Pablo/Documents/Programacion/Firmware/RP2040/pico-sdk/src/common/pico_time/time.c.obj
 *fill*         0x10008335        0x3 
 .rodata.__func__.1
                0x10008338       0x18 CMakeFiles/Brushed_main.dir/C_/Users/Pablo/Documents/Programacion/Firmware/RP2040/pico-sdk/src/common/pico_time/time.c.obj
 .rodata.__func__.10
                0x10008350       0x15 CMakeFiles/Brushed_main.dir/C_/Users/Pablo/Documents/Programacion/Firmware/RP2040/pico-sdk/src/common/pico_time/time.c.obj
 *fill*         0x10008365        0x3 
 .rodata.__func__.11
                0x10008368       0x1a CMakeFiles/Brushed_main.dir/C_/Users/Pablo/Documents/Programacion/Firmware/RP2040/pico-sdk/src/common/pico_time/time.c.obj
 *fill*         0x10008382        0x2 
 .rodata.__func__.12
                0x10008384        0xa CMakeFiles/Brushed_main.dir/C_/Users/Pablo/Documents/Programacion/Firmware/RP2040/pico-sdk/src/common/pico_time/time.c.obj
 *fill*         0x1000838e        0x2 
 .rodata.__func__.3
                0x10008390       0x17 CMakeFiles/Brushed_main.dir/C_/Users/Pablo/Documents/Programacion/Firmware/RP2040/pico-sdk/src/common/pico_time/time.c.obj
 *fill*         0x100083a7        0x1 
 .rodata.__func__.4
                0x100083a8       0x12 CMakeFiles/Brushed_main.dir/C_/Users/Pablo/Documents/Programacion/Firmware/RP2040/pico-sdk/src/common/pico_time/time.c.obj
 *fill*         0x100083ba        0x2 
 .rodata.__func__.5
                0x100083bc        0xd CMakeFiles/Brushed_main.dir/C_/Users/Pablo/Documents/Programacion/Firmware/RP2040/pico-sdk/src/common/pico_time/time.c.obj
 *fill*         0x100083c9        0x3 
 .rodata.__func__.6
                0x100083cc       0x12 CMakeFiles/Brushed_main.dir/C_/Users/Pablo/Documents/Programacion/Firmware/RP2040/pico-sdk/src/common/pico_time/time.c.obj
 *fill*         0x100083de        0x2 
 .rodata.__func__.7
                0x100083e0        0xf CMakeFiles/Brushed_main.dir/C_/Users/Pablo/Documents/Programacion/Firmware/RP2040/pico-sdk/src/common/pico_time/time.c.obj
 *fill*         0x100083ef        0x1 
 .rodata.__func__.8
                0x100083f0        0xc CMakeFiles/Brushed_main.dir/C_/Users/Pablo/Documents/Programacion/Firmware/RP2040/pico-sdk/src/common/pico_time/time.c.obj
 .rodata.__func__.9
                0x100083fc       0x15 CMakeFiles/Brushed_main.dir/C_/Users/Pablo/Documents/Programacion/Firmware/RP2040/pico-sdk/src/common/pico_time/time.c.obj
 *fill*         0x10008411        0x3 
 .rodata.hardware_alarm_claim.str1.4
                0x10008414       0x22 CMakeFiles/Brushed_main.dir/C_/Users/Pablo/Documents/Programacion/Firmware/RP2040/pico-sdk/src/rp2_common/hardware_timer/timer.c.obj
 .rodata.busy_wait_us.str1.4
                0x10008436       0x85 CMakeFiles/Brushed_main.dir/C_/Users/Pablo/Documents/Programacion/Firmware/RP2040/pico-sdk/src/rp2_common/hardware_timer/timer.c.obj
 *fill*         0x10008436        0x2 
 .rodata.hardware_alarm_set_target.str1.4
                0x10008438       0x89 CMakeFiles/Brushed_main.dir/C_/Users/Pablo/Documents/Programacion/Firmware/RP2040/pico-sdk/src/rp2_common/hardware_timer/timer.c.obj
 *fill*         0x100084c1        0x3 
 .rodata.__func__.0
                0x100084c4       0x1a CMakeFiles/Brushed_main.dir/C_/Users/Pablo/Documents/Programacion/Firmware/RP2040/pico-sdk/src/rp2_common/hardware_timer/timer.c.obj
 *fill*         0x100084de        0x2 
 .rodata.__func__.1
                0x100084e0       0x15 CMakeFiles/Brushed_main.dir/C_/Users/Pablo/Documents/Programacion/Firmware/RP2040/pico-sdk/src/rp2_common/hardware_timer/timer.c.obj
 .rodata.ph_add_child_node.str1.4
                0x100084f5       0xba CMakeFiles/Brushed_main.dir/C_/Users/Pablo/Documents/Programacion/Firmware/RP2040/pico-sdk/src/common/pico_util/pheap.c.obj
 *fill*         0x100084f5        0x3 
 .rodata.ph_remove_any_head.str1.4
                0x100084f8       0xb0 CMakeFiles/Brushed_main.dir/C_/Users/Pablo/Documents/Programacion/Firmware/RP2040/pico-sdk/src/common/pico_util/pheap.c.obj
 .rodata.ph_remove_and_free_node.str1.4
                0x100085a8       0x1e CMakeFiles/Brushed_main.dir/C_/Users/Pablo/Documents/Programacion/Firmware/RP2040/pico-sdk/src/common/pico_util/pheap.c.obj
                                 0x26 (size before relaxing)
 *fill*         0x100085c6        0x2 
 .rodata.__func__.0
                0x100085c8       0x18 CMakeFiles/Brushed_main.dir/C_/Users/Pablo/Documents/Programacion/Firmware/RP2040/pico-sdk/src/common/pico_util/pheap.c.obj
 .rodata.__func__.1
                0x100085e0       0x13 CMakeFiles/Brushed_main.dir/C_/Users/Pablo/Documents/Programacion/Firmware/RP2040/pico-sdk/src/common/pico_util/pheap.c.obj
 *fill*         0x100085f3        0x1 
 .rodata.__func__.2
                0x100085f4       0x12 CMakeFiles/Brushed_main.dir/C_/Users/Pablo/Documents/Programacion/Firmware/RP2040/pico-sdk/src/common/pico_util/pheap.c.obj
 *fill*         0x10008606        0x2 
 .rodata.__func__.3
                0x10008608        0xc CMakeFiles/Brushed_main.dir/C_/Users/Pablo/Documents/Programacion/Firmware/RP2040/pico-sdk/src/common/pico_util/pheap.c.obj
 .rodata.str1.4
                0x10008614       0xad CMakeFiles/Brushed_main.dir/C_/Users/Pablo/Documents/Programacion/Firmware/RP2040/pico-sdk/src/common/pico_sync/mutex.c.obj
                                0x135 (size before relaxing)
 *fill*         0x100086c1        0x3 
 .rodata.__func__.1
                0x100086c4        0xb CMakeFiles/Brushed_main.dir/C_/Users/Pablo/Documents/Programacion/Firmware/RP2040/pico-sdk/src/common/pico_sync/mutex.c.obj
 *fill*         0x100086cf        0x1 
 .rodata.__func__.3
                0x100086d0       0x18 CMakeFiles/Brushed_main.dir/C_/Users/Pablo/Documents/Programacion/Firmware/RP2040/pico-sdk/src/common/pico_sync/mutex.c.obj
 .rodata.__func__.4
                0x100086e8       0x15 CMakeFiles/Brushed_main.dir/C_/Users/Pablo/Documents/Programacion/Firmware/RP2040/pico-sdk/src/common/pico_sync/mutex.c.obj
 *fill*         0x100086fd        0x3 
 .rodata.__assert_func.str1.4
                0x10008700       0x3f CMakeFiles/Brushed_main.dir/C_/Users/Pablo/Documents/Programacion/Firmware/RP2040/pico-sdk/src/rp2_common/pico_runtime/runtime.c.obj
                                 0x43 (size before relaxing)
 *fill*         0x1000873f        0x1 
 .rodata.runtime_init.str1.4
                0x10008740       0x85 CMakeFiles/Brushed_main.dir/C_/Users/Pablo/Documents/Programacion/Firmware/RP2040/pico-sdk/src/rp2_common/pico_runtime/runtime.c.obj
 *fill*         0x100087c5        0x3 
 .rodata.panic.str1.4
                0x100087c8       0x12 CMakeFiles/Brushed_main.dir/C_/Users/Pablo/Documents/Programacion/Firmware/RP2040/pico-sdk/src/rp2_common/pico_runtime/runtime.c.obj
 *fill*         0x100087da        0x2 
 .rodata.__func__.1
                0x100087dc        0xd CMakeFiles/Brushed_main.dir/C_/Users/Pablo/Documents/Programacion/Firmware/RP2040/pico-sdk/src/rp2_common/pico_runtime/runtime.c.obj
 *fill*         0x100087e9        0x3 
 .rodata.clock_configure.str1.4
                0x100087ec       0x7b CMakeFiles/Brushed_main.dir/C_/Users/Pablo/Documents/Programacion/Firmware/RP2040/pico-sdk/src/rp2_common/hardware_clocks/clocks.c.obj
 *fill*         0x10008867        0x1 
 .rodata.__func__.1
                0x10008868       0x10 CMakeFiles/Brushed_main.dir/C_/Users/Pablo/Documents/Programacion/Firmware/RP2040/pico-sdk/src/rp2_common/hardware_clocks/clocks.c.obj
 .rodata.pll_init.str1.4
                0x10008878      0x15f CMakeFiles/Brushed_main.dir/C_/Users/Pablo/Documents/Programacion/Firmware/RP2040/pico-sdk/src/rp2_common/hardware_pll/pll.c.obj
 *fill*         0x100089d7        0x1 
 .rodata.__func__.0
                0x100089d8        0x9 CMakeFiles/Brushed_main.dir/C_/Users/Pablo/Documents/Programacion/Firmware/RP2040/pico-sdk/src/rp2_common/hardware_pll/pll.c.obj
 *fill*         0x100089e1        0x3 
 .rodata._ftoa.str1.4
                0x100089e4       0x15 CMakeFiles/Brushed_main.dir/C_/Users/Pablo/Documents/Programacion/Firmware/RP2040/pico-sdk/src/rp2_common/pico_printf/printf.c.obj
 *fill*         0x100089f9        0x3 
 .rodata._vsnprintf
                0x100089fc      0x1e0 CMakeFiles/Brushed_main.dir/C_/Users/Pablo/Documents/Programacion/Firmware/RP2040/pico-sdk/src/rp2_common/pico_printf/printf.c.obj
 *fill*         0x10008bdc        0x4 
 .rodata.pow10.0
                0x10008be0       0x50 CMakeFiles/Brushed_main.dir/C_/Users/Pablo/Documents/Programacion/Firmware/RP2040/pico-sdk/src/rp2_common/pico_printf/printf.c.obj
 .rodata.__aeabi_double_init.str1.4
                0x10008c30       0xcc CMakeFiles/Brushed_main.dir/C_/Users/Pablo/Documents/Programacion/Firmware/RP2040/pico-sdk/src/rp2_common/pico_double/double_init_rom.c.obj
 .rodata.__func__.0
                0x10008cfc       0x14 CMakeFiles/Brushed_main.dir/C_/Users/Pablo/Documents/Programacion/Firmware/RP2040/pico-sdk/src/rp2_common/pico_double/double_init_rom.c.obj
 .rodata.__aeabi_float_init.str1.4
                0x10008d10       0x9e CMakeFiles/Brushed_main.dir/C_/Users/Pablo/Documents/Programacion/Firmware/RP2040/pico-sdk/src/rp2_common/pico_float/float_init_rom.c.obj
                                 0xa2 (size before relaxing)
 *fill*         0x10008dae        0x2 
 .rodata.__func__.0
                0x10008db0       0x13 CMakeFiles/Brushed_main.dir/C_/Users/Pablo/Documents/Programacion/Firmware/RP2040/pico-sdk/src/rp2_common/pico_float/float_init_rom.c.obj
 *fill*         0x10008dc3        0x1 
 .rodata.str1.4
                0x10008dc4       0x44 CMakeFiles/Brushed_main.dir/C_/Users/Pablo/Documents/Programacion/Firmware/RP2040/pico-sdk/src/rp2_common/pico_standard_link/binary_info.c.obj
 .rodata.__bi_44
                0x10008e08        0xc CMakeFiles/Brushed_main.dir/C_/Users/Pablo/Documents/Programacion/Firmware/RP2040/pico-sdk/src/rp2_common/pico_standard_link/binary_info.c.obj
 .rodata.__bi_75
                0x10008e14        0xc CMakeFiles/Brushed_main.dir/C_/Users/Pablo/Documents/Programacion/Firmware/RP2040/pico-sdk/src/rp2_common/pico_standard_link/binary_info.c.obj
 .rodata.__bi_81
                0x10008e20        0xc CMakeFiles/Brushed_main.dir/C_/Users/Pablo/Documents/Programacion/Firmware/RP2040/pico-sdk/src/rp2_common/pico_standard_link/binary_info.c.obj
 .rodata.__wrap_getchar.str1.4
                0x10008e2c       0x6d CMakeFiles/Brushed_main.dir/C_/Users/Pablo/Documents/Programacion/Firmware/RP2040/pico-sdk/src/rp2_common/pico_stdio/stdio.c.obj
 .rodata.getchar_timeout_us.str1.4
                0x10008e99       0x8b CMakeFiles/Brushed_main.dir/C_/Users/Pablo/Documents/Programacion/Firmware/RP2040/pico-sdk/src/rp2_common/pico_stdio/stdio.c.obj
 *fill*         0x10008e99        0x3 
 .rodata.__func__.0
                0x10008e9c       0x15 CMakeFiles/Brushed_main.dir/C_/Users/Pablo/Documents/Programacion/Firmware/RP2040/pico-sdk/src/rp2_common/pico_stdio/stdio.c.obj
 *fill*         0x10008eb1        0x3 
 .rodata.__func__.1
                0x10008eb4       0x13 CMakeFiles/Brushed_main.dir/C_/Users/Pablo/Documents/Programacion/Firmware/RP2040/pico-sdk/src/rp2_common/pico_stdio/stdio.c.obj
 *fill*         0x10008ec7        0x1 
 .rodata.crlf_str.3
                0x10008ec8        0x2 CMakeFiles/Brushed_main.dir/C_/Users/Pablo/Documents/Programacion/Firmware/RP2040/pico-sdk/src/rp2_common/pico_stdio/stdio.c.obj
 *fill*         0x10008eca        0x2 
 .rodata._resetd_driver
                0x10008ecc       0x18 CMakeFiles/Brushed_main.dir/C_/Users/Pablo/Documents/Programacion/Firmware/RP2040/pico-sdk/src/rp2_common/pico_stdio_usb/reset_interface.c.obj
 .rodata.timer_task.str1.4
                0x10008ee4       0x91 CMakeFiles/Brushed_main.dir/C_/Users/Pablo/Documents/Programacion/Firmware/RP2040/pico-sdk/src/rp2_common/pico_stdio_usb/stdio_usb.c.obj
 .rodata.stdio_usb_init.str1.4
                0x10008f75       0x85 CMakeFiles/Brushed_main.dir/C_/Users/Pablo/Documents/Programacion/Firmware/RP2040/pico-sdk/src/rp2_common/pico_stdio_usb/stdio_usb.c.obj
 *fill*         0x10008f75        0x3 
 .rodata.str1.4
                0x10008f78       0x13 CMakeFiles/Brushed_main.dir/C_/Users/Pablo/Documents/Programacion/Firmware/RP2040/pico-sdk/src/rp2_common/pico_stdio_usb/stdio_usb.c.obj
 *fill*         0x10008f8b        0x1 
 .rodata.__bi_118.2
                0x10008f8c        0xc CMakeFiles/Brushed_main.dir/C_/Users/Pablo/Documents/Programacion/Firmware/RP2040/pico-sdk/src/rp2_common/pico_stdio_usb/stdio_usb.c.obj
 .rodata.__func__.0
                0x10008f98       0x15 CMakeFiles/Brushed_main.dir/C_/Users/Pablo/Documents/Programacion/Firmware/RP2040/pico-sdk/src/rp2_common/pico_stdio_usb/stdio_usb.c.obj
 *fill*         0x10008fad        0x3 
 .rodata.__func__.1
                0x10008fb0        0xb CMakeFiles/Brushed_main.dir/C_/Users/Pablo/Documents/Programacion/Firmware/RP2040/pico-sdk/src/rp2_common/pico_stdio_usb/stdio_usb.c.obj
 *fill*         0x10008fbb        0x1 
 .rodata.str1.4
                0x10008fbc       0x2a CMakeFiles/Brushed_main.dir/C_/Users/Pablo/Documents/Programacion/Firmware/RP2040/pico-sdk/src/rp2_common/pico_stdio_usb/stdio_usb_descriptors.c.obj
 *fill*         0x10008fe6        0x2 
 .rodata.usbd_desc_cfg
                0x10008fe8       0x54 CMakeFiles/Brushed_main.dir/C_/Users/Pablo/Documents/Programacion/Firmware/RP2040/pico-sdk/src/rp2_common/pico_stdio_usb/stdio_usb_descriptors.c.obj
 .rodata.usbd_desc_device
                0x1000903c       0x12 CMakeFiles/Brushed_main.dir/C_/Users/Pablo/Documents/Programacion/Firmware/RP2040/pico-sdk/src/rp2_common/pico_stdio_usb/stdio_usb_descriptors.c.obj
 *fill*         0x1000904e        0x2 
 .rodata.usbd_desc_str
                0x10009050       0x18 CMakeFiles/Brushed_main.dir/C_/Users/Pablo/Documents/Programacion/Firmware/RP2040/pico-sdk/src/rp2_common/pico_stdio_usb/stdio_usb_descriptors.c.obj
 .rodata._hw_endpoint_alloc.str1.4
                0x10009068       0xd9 CMakeFiles/Brushed_main.dir/C_/Users/Pablo/Documents/Programacion/Firmware/RP2040/pico-sdk/lib/tinyusb/src/portable/raspberrypi/rp2040/dcd_rp2040.c.obj
 *fill*         0x10009141        0x3 
 .rodata.dcd_rp2040_irq.str1.4
                0x10009144       0x14 CMakeFiles/Brushed_main.dir/C_/Users/Pablo/Documents/Programacion/Firmware/RP2040/pico-sdk/lib/tinyusb/src/portable/raspberrypi/rp2040/dcd_rp2040.c.obj
 .rodata.dcd_int_enable.str1.4
                0x10009158        0xc CMakeFiles/Brushed_main.dir/C_/Users/Pablo/Documents/Programacion/Firmware/RP2040/pico-sdk/lib/tinyusb/src/portable/raspberrypi/rp2040/dcd_rp2040.c.obj
 .rodata.__func__.0
                0x10009164        0xe CMakeFiles/Brushed_main.dir/C_/Users/Pablo/Documents/Programacion/Firmware/RP2040/pico-sdk/lib/tinyusb/src/portable/raspberrypi/rp2040/dcd_rp2040.c.obj
 *fill*         0x10009172        0x2 
 .rodata.__func__.1
                0x10009174        0xe CMakeFiles/Brushed_main.dir/C_/Users/Pablo/Documents/Programacion/Firmware/RP2040/pico-sdk/lib/tinyusb/src/portable/raspberrypi/rp2040/dcd_rp2040.c.obj
 *fill*         0x10009182        0x2 
 .rodata.__func__.3
                0x10009184       0x10 CMakeFiles/Brushed_main.dir/C_/Users/Pablo/Documents/Programacion/Firmware/RP2040/pico-sdk/lib/tinyusb/src/portable/raspberrypi/rp2040/dcd_rp2040.c.obj
 .rodata.__func__.5
                0x10009194        0xf CMakeFiles/Brushed_main.dir/C_/Users/Pablo/Documents/Programacion/Firmware/RP2040/pico-sdk/lib/tinyusb/src/portable/raspberrypi/rp2040/dcd_rp2040.c.obj
 *fill*         0x100091a3        0x1 
 .rodata.__func__.6
                0x100091a4       0x13 CMakeFiles/Brushed_main.dir/C_/Users/Pablo/Documents/Programacion/Firmware/RP2040/pico-sdk/lib/tinyusb/src/portable/raspberrypi/rp2040/dcd_rp2040.c.obj
 *fill*         0x100091b7        0x1 
 .rodata.__func__.7
                0x100091b8        0x9 CMakeFiles/Brushed_main.dir/C_/Users/Pablo/Documents/Programacion/Firmware/RP2040/pico-sdk/lib/tinyusb/src/portable/raspberrypi/rp2040/dcd_rp2040.c.obj
 *fill*         0x100091c1        0x3 
 .rodata.sync_ep_buffer.str1.4
                0x100091c4       0xb5 CMakeFiles/Brushed_main.dir/C_/Users/Pablo/Documents/Programacion/Firmware/RP2040/pico-sdk/lib/tinyusb/src/portable/raspberrypi/rp2040/rp2040_usb.c.obj
 *fill*         0x10009279        0x3 
 .rodata._hw_endpoint_buffer_control_update32.str1.4
                0x1000927c       0x1f CMakeFiles/Brushed_main.dir/C_/Users/Pablo/Documents/Programacion/Firmware/RP2040/pico-sdk/lib/tinyusb/src/portable/raspberrypi/rp2040/rp2040_usb.c.obj
 *fill*         0x1000929b        0x1 
 .rodata.hw_endpoint_xfer_start.str1.4
                0x1000929c       0x38 CMakeFiles/Brushed_main.dir/C_/Users/Pablo/Documents/Programacion/Firmware/RP2040/pico-sdk/lib/tinyusb/src/portable/raspberrypi/rp2040/rp2040_usb.c.obj
 .rodata.hw_endpoint_xfer_continue.str1.4
                0x100092d4       0x29 CMakeFiles/Brushed_main.dir/C_/Users/Pablo/Documents/Programacion/Firmware/RP2040/pico-sdk/lib/tinyusb/src/portable/raspberrypi/rp2040/rp2040_usb.c.obj
 *fill*         0x100092fd        0x3 
 .rodata.str1.4