Archive member included to satisfy reference by file (symbol)

c:/progra~2/gnuarm~1/102021~1.10/bin/../lib/gcc/arm-none-eabi/10.3.1/thumb/v6-m/nofp\libgcc.a(_dvmd_tls.o)
                              CMakeFiles/Brushed_main.dir/C_/Users/Pablo/Documents/Programacion/Firmware/RP2040/pico-sdk/src/rp2_common/pico_divider/divider.S.obj (__aeabi_idiv0)
c:/progra~2/gnuarm~1/102021~1.10/bin/../lib/gcc/arm-none-eabi/10.3.1/../../../../arm-none-eabi/lib/thumb/v6-m/nofp\libg.a(lib_a-calloc.o)
                              CMakeFiles/Brushed_main.dir/C_/Users/Pablo/Documents/Programacion/Firmware/RP2040/pico-sdk/src/rp2_common/pico_malloc/pico_malloc.c.obj (calloc)
c:/progra~2/gnuarm~1/102021~1.10/bin/../lib/gcc/arm-none-eabi/10.3.1/../../../../arm-none-eabi/lib/thumb/v6-m/nofp\libg.a(lib_a-callocr.o)
                              c:/progra~2/gnuarm~1/102021~1.10/bin/../lib/gcc/arm-none-eabi/10.3.1/../../../../arm-none-eabi/lib/thumb/v6-m/nofp\libg.a(lib_a-calloc.o) (_calloc_r)
c:/progra~2/gnuarm~1/102021~1.10/bin/../lib/gcc/arm-none-eabi/10.3.1/../../../../arm-none-eabi/lib/thumb/v6-m/nofp\libg.a(lib_a-ctype_.o)
                              CMakeFiles/Brushed_main.dir/C_/Users/Pablo/Documents/Programacion/Firmware/RP2040/pico-sdk/lib/tinyusb/src/tusb.c.obj (_ctype_)
c:/progra~2/gnuarm~1/102021~1.10/bin/../lib/gcc/arm-none-eabi/10.3.1/../../../../arm-none-eabi/lib/thumb/v6-m/nofp\libg.a(lib_a-errno.o)
                              c:/progra~2/gnuarm~1/102021~1.10/bin/../lib/gcc/arm-none-eabi/10.3.1/../../../../arm-none-eabi/lib/thumb/v6-m/nofp\libg.a(lib_a-callocr.o) (__errno)
c:/progra~2/gnuarm~1/102021~1.10/bin/../lib/gcc/arm-none-eabi/10.3.1/../../../../arm-none-eabi/lib/thumb/v6-m/nofp\libg.a(lib_a-impure.o)
                              c:/progra~2/gnuarm~1/102021~1.10/bin/../lib/gcc/arm-none-eabi/10.3.1/../../../../arm-none-eabi/lib/thumb/v6-m/nofp\libg.a(lib_a-calloc.o) (_impure_ptr)
c:/progra~2/gnuarm~1/102021~1.10/bin/../lib/gcc/arm-none-eabi/10.3.1/../../../../arm-none-eabi/lib/thumb/v6-m/nofp\libg.a(lib_a-init.o)
                              c:/progra~2/gnuarm~1/102021~1.10/bin/../lib/gcc/arm-none-eabi/10.3.1/../../../../arm-none-eabi/lib/thumb/v6-m/nofp/crt0.o (__libc_init_array)
c:/progra~2/gnuarm~1/102021~1.10/bin/../lib/gcc/arm-none-eabi/10.3.1/../../../../arm-none-eabi/lib/thumb/v6-m/nofp\libg.a(lib_a-malloc.o)
                              CMakeFiles/Brushed_main.dir/C_/Users/Pablo/Documents/Programacion/Firmware/RP2040/pico-sdk/src/rp2_common/pico_malloc/pico_malloc.c.obj (malloc)
c:/progra~2/gnuarm~1/102021~1.10/bin/../lib/gcc/arm-none-eabi/10.3.1/../../../../arm-none-eabi/lib/thumb/v6-m/nofp\libg.a(lib_a-mallocr.o)
                              c:/progra~2/gnuarm~1/102021~1.10/bin/../lib/gcc/arm-none-eabi/10.3.1/../../../../arm-none-eabi/lib/thumb/v6-m/nofp\libg.a(lib_a-callocr.o) (_malloc_r)
c:/progra~2/gnuarm~1/102021~1.10/bin/../lib/gcc/arm-none-eabi/10.3.1/../../../../arm-none-eabi/lib/thumb/v6-m/nofp\libg.a(lib_a-mlock.o)
                              c:/progra~2/gnuarm~1/102021~1.10/bin/../lib/gcc/arm-none-eabi/10.3.1/../../../../arm-none-eabi/lib/thumb/v6-m/nofp\libg.a(lib_a-mallocr.o) (__malloc_lock)
c:/progra~2/gnuarm~1/102021~1.10/bin/../lib/gcc/arm-none-eabi/10.3.1/../../../../arm-none-eabi/lib/thumb/v6-m/nofp\libg.a(lib_a-realloc.o)
                              CMakeFiles/Brushed_main.dir/C_/Users/Pablo/Documents/Programacion/Firmware/RP2040/pico-sdk/src/rp2_common/pico_malloc/pico_malloc.c.obj (realloc)
c:/progra~2/gnuarm~1/102021~1.10/bin/../lib/gcc/arm-none-eabi/10.3.1/../../../../arm-none-eabi/lib/thumb/v6-m/nofp\libg.a(lib_a-reallocr.o)
                              c:/progra~2/gnuarm~1/102021~1.10/bin/../lib/gcc/arm-none-eabi/10.3.1/../../../../arm-none-eabi/lib/thumb/v6-m/nofp\libg.a(lib_a-realloc.o) (_realloc_r)
c:/progra~2/gnuarm~1/102021~1.10/bin/../lib/gcc/arm-none-eabi/10.3.1/../../../../arm-none-eabi/lib/thumb/v6-m/nofp\libg.a(lib_a-sbrkr.o)
                              c:/progra~2/gnuarm~1/102021~1.10/bin/../lib/gcc/arm-none-eabi/10.3.1/../../../../arm-none-eabi/lib/thumb/v6-m/nofp\libg.a(lib_a-mallocr.o) (_sbrk_r)
c:/progra~2/gnuarm~1/102021~1.10/bin/../lib/gcc/arm-none-eabi/10.3.1/../../../../arm-none-eabi/lib/thumb/v6-m/nofp\libg.a(lib_a-strlen-stub.o)
                              CMakeFiles/Brushed_main.dir/C_/Users/Pablo/Documents/Programacion/Firmware/RP2040/pico-sdk/src/rp2_common/pico_stdio/stdio.c.obj (strlen)
c:/progra~2/gnuarm~1/102021~1.10/bin/../lib/gcc/arm-none-eabi/10.3.1/../../../../arm-none-eabi/lib/thumb/v6-m/nofp\libg.a(lib_a-freer.o)
                              c:/progra~2/gnuarm~1/102021~1.10/bin/../lib/gcc/arm-none-eabi/10.3.1/../../../../arm-none-eabi/lib/thumb/v6-m/nofp\libg.a(lib_a-malloc.o) (_free_r)
c:/progra~2/gnuarm~1/102021~1.10/bin/../lib/gcc/arm-none-eabi/10.3.1/../../../../arm-none-eabi/lib/thumb/v6-m/nofp\libg.a(lib_a-lock.o)
[...]
Memory Configuration

Name             Origin             Length             Attributes
FLASH            0x10000000         0x00200000         xr
RAM              0x20000000         0x00040000         xrw
SCRATCH_X        0x20040000         0x00001000         xrw
SCRATCH_Y        0x20041000         0x00001000         xrw
*default*        0x00000000         0xffffffff

Linker script and memory map

LOAD c:/progra~2/gnuarm~1/102021~1.10/bin/../lib/gcc/arm-none-eabi/10.3.1/thumb/v6-m/nofp/crti.o
LOAD c:/progra~2/gnuarm~1/102021~1.10/bin/../lib/gcc/arm-none-eabi/10.3.1/thumb/v6-m/nofp/crtbegin.o
LOAD c:/progra~2/gnuarm~1/102021~1.10/bin/../lib/gcc/arm-none-eabi/10.3.1/../../../../arm-none-eabi/lib/thumb/v6-m/nofp/crt0.o

.flash_begin    0x10000000        0x0
                0x10000000                __flash_binary_start = .

.boot2          0x10000000      0x100
                0x10000000                __boot2_start__ = .
 *(.boot2)
 .boot2         0x10000000      0x100 C:\Users\Pablo\AppData\Local\Temp\ccohGneU.o
                0x10000100                __boot2_end__ = .
                0x00000001                ASSERT (((__boot2_end__ - __boot2_start__) == 0x100), ERROR: Pico second stage bootloader must be 256 bytes in size)

.text           0x10000100     0x7748
                0x10000100                __logical_binary_start = .
 *(.vectors)
 .vectors       0x10000100       0xd4 CMakeFiles/Brushed_main.dir/C_/Users/Pablo/Documents/Programacion/Firmware/RP2040/pico-sdk/src/rp2_common/pico_standard_link/crt0.S.obj
                0x10000100                __VECTOR_TABLE
                0x10000100                __vectors
                0x100001c0                isr_invalid
                0x100001c0                __default_isrs_start
                0x100001c2                isr_nmi
                0x100001c4                isr_hardfault
                0x100001c6                isr_svcall
                0x100001c8                isr_pendsv
                0x100001ca                isr_systick
                0x100001cc                isr_irq23
                0x100001cc                isr_irq18
                0x100001cc                isr_irq11
                0x100001cc                isr_irq28
                0x100001cc                isr_irq19
                0x100001cc                isr_irq0
                0x100001cc                isr_irq6
                0x100001cc                isr_irq5
                0x100001cc                isr_irq12
                0x100001cc                isr_irq22
                0x100001cc                isr_irq31
                0x100001cc                isr_irq17
                0x100001cc                isr_irq27
                0x100001cc                isr_irq30
                0x100001cc                isr_irq2
                0x100001cc                isr_irq10
                0x100001cc                isr_irq8
                0x100001cc                isr_irq24
                0x100001cc                isr_irq1
                0x100001cc                isr_irq7
                0x100001cc                isr_irq21
                0x100001cc                isr_irq20
                0x100001cc                isr_irq15
                0x100001cc                isr_irq25
                0x100001cc                isr_irq13
                0x100001cc                __unhandled_user_irq
                0x100001cc                isr_irq4
                0x100001cc                isr_irq16
                0x100001cc                isr_irq29
                0x100001cc                isr_irq26
                0x100001cc                __default_isrs_end
                0x100001cc                isr_irq3
                0x100001cc                isr_irq14
                0x100001cc                isr_irq9
                0x100001d2                unhandled_user_irq_num_in_r0
 *(.binary_info_header)
 .binary_info_header
                0x100001d4       0x14 CMakeFiles/Brushed_main.dir/C_/Users/Pablo/Documents/Programacion/Firmware/RP2040/pico-sdk/src/rp2_common/pico_standard_link/crt0.S.obj
                0x100001e8                __binary_info_header_end = .
 *(.reset)
 .reset         0x100001e8       0xa8 CMakeFiles/Brushed_main.dir/C_/Users/Pablo/Documents/Programacion/Firmware/RP2040/pico-sdk/src/rp2_common/pico_standard_link/crt0.S.obj
                0x100001e8                _entry_point
                0x10000266                __get_current_exception
 .reset         0x10000290       0x30 CMakeFiles/Brushed_main.dir/C_/Users/Pablo/Documents/Programacion/Firmware/RP2040/pico-sdk/src/rp2_common/pico_standard_link/binary_info.c.obj
 *(.init)
 .init          0x100002c0        0x4 c:/progra~2/gnuarm~1/102021~1.10/bin/../lib/gcc/arm-none-eabi/10.3.1/thumb/v6-m/nofp/crti.o
                0x100002c0                _init
 *(EXCLUDE_FILE(*libm.a: *libc.a:*lib_a-mem*.o *libgcc.a:) .text*)
 .text          0x100002c4       0x48 c:/progra~2/gnuarm~1/102021~1.10/bin/../lib/gcc/arm-none-eabi/10.3.1/thumb/v6-m/nofp/crtbegin.o
 .text.repeating_timer_callback
                0x1000030c       0xd8 CMakeFiles/Brushed_main.dir/Brushed_main.c.obj
                0x1000030c                repeating_timer_callback
 .text.setupADC
                0x100003e4       0x40 CMakeFiles/Brushed_main.dir/Brushed_main.c.obj
                0x100003e4                setupADC
 .text.main     0x10000424       0x78 CMakeFiles/Brushed_main.dir/Brushed_main.c.obj
                0x10000424                main
 .text.motor_setup
                0x1000049c       0x68 CMakeFiles/Brushed_main.dir/Motor.c.obj
                0x1000049c                motor_setup
 .text.motor_pwm
                0x10000504       0x90 CMakeFiles/Brushed_main.dir/Motor.c.obj
                0x10000504                motor_pwm
 .text.gpio_set_function
                0x10000594       0x30 CMakeFiles/Brushed_main.dir/C_/Users/Pablo/Documents/Programacion/Firmware/RP2040/pico-sdk/src/rp2_common/hardware_gpio/gpio.c.obj
                0x10000594                gpio_set_function
 .text.gpio_set_pulls
                0x100005c4       0x34 CMakeFiles/Brushed_main.dir/C_/Users/Pablo/Documents/Programacion/Firmware/RP2040/pico-sdk/src/rp2_common/hardware_gpio/gpio.c.obj
                0x100005c4                gpio_set_pulls
 .text.gpio_set_input_enabled
                0x100005f8       0x30 CMakeFiles/Brushed_main.dir/C_/Users/Pablo/Documents/Programacion/Firmware/RP2040/pico-sdk/src/rp2_common/hardware_gpio/gpio.c.obj
                0x100005f8                gpio_set_input_enabled
 .text.gpio_init
                0x10000628       0x16 CMakeFiles/Brushed_main.dir/C_/Users/Pablo/Documents/Programacion/Firmware/RP2040/pico-sdk/src/rp2_common/hardware_gpio/gpio.c.obj
                0x10000628                gpio_init
 *fill*         0x1000063e        0x2 
 .text.hw_claim_lock
                0x10000640       0x18 CMakeFiles/Brushed_main.dir/C_/Users/Pablo/Documents/Programacion/Firmware/RP2040/pico-sdk/src/rp2_common/hardware_claim/claim.c.obj
                0x10000640                hw_claim_lock
 .text.hw_claim_unlock
                0x10000658       0x14 CMakeFiles/Brushed_main.dir/C_/Users/Pablo/Documents/Programacion/Firmware/RP2040/pico-sdk/src/rp2_common/hardware_claim/claim.c.obj
                0x10000658                hw_claim_unlock
 .text.hw_claim_or_assert
                0x1000066c       0x32 CMakeFiles/Brushed_main.dir/C_/Users/Pablo/Documents/Programacion/Firmware/RP2040/pico-sdk/src/rp2_common/hardware_claim/claim.c.obj
                0x1000066c                hw_claim_or_assert
 .text.hw_claim_unused_from_range
                0x1000069e       0x50 CMakeFiles/Brushed_main.dir/C_/Users/Pablo/Documents/Programacion/Firmware/RP2040/pico-sdk/src/rp2_common/hardware_claim/claim.c.obj
                0x1000069e                hw_claim_unused_from_range
 *fill*         0x100006ee        0x2 
 .text.running_on_fpga
                0x100006f0       0x14 CMakeFiles/Brushed_main.dir/C_/Users/Pablo/Documents/Programacion/Firmware/RP2040/pico-sdk/src/rp2_common/pico_platform/platform.c.obj
                0x100006f0                running_on_fpga
 .text.spin_locks_reset
                0x10000704       0x20 CMakeFiles/Brushed_main.dir/C_/Users/Pablo/Documents/Programacion/Firmware/RP2040/pico-sdk/src/rp2_common/hardware_sync/sync.c.obj
                0x10000704                spin_locks_reset
 .text.next_striped_spin_lock_num
                0x10000724       0x1c CMakeFiles/Brushed_main.dir/C_/Users/Pablo/Documents/Programacion/Firmware/RP2040/pico-sdk/src/rp2_common/hardware_sync/sync.c.obj
                0x10000724                next_striped_spin_lock_num
 .text.spin_lock_claim_unused
                0x10000740       0x20 CMakeFiles/Brushed_main.dir/C_/Users/Pablo/Documents/Programacion/Firmware/RP2040/pico-sdk/src/rp2_common/hardware_sync/sync.c.obj
                0x10000740                spin_lock_claim_unused
 .text.set_raw_irq_handler_and_unlock
                0x10000760       0x28 CMakeFiles/Brushed_main.dir/C_/Users/Pablo/Documents/Programacion/Firmware/RP2040/pico-sdk/src/rp2_common/hardware_irq/irq.c.obj
 .text.make_branch
                0x10000788       0x48 CMakeFiles/Brushed_main.dir/C_/Users/Pablo/Documents/Programacion/Firmware/RP2040/pico-sdk/src/rp2_common/hardware_irq/irq.c.obj
 .text.insert_branch_and_link
                0x100007d0       0x40 CMakeFiles/Brushed_main.dir/C_/Users/Pablo/Documents/Programacion/Firmware/RP2040/pico-sdk/src/rp2_common/hardware_irq/irq.c.obj
 .text.irq_is_enabled
                0x10000810       0x18 CMakeFiles/Brushed_main.dir/C_/Users/Pablo/Documents/Programacion/Firmware/RP2040/pico-sdk/src/rp2_common/hardware_irq/irq.c.obj
                0x10000810                irq_is_enabled
 .text.irq_set_mask_enabled
                0x10000828       0x20 CMakeFiles/Brushed_main.dir/C_/Users/Pablo/Documents/Programacion/Firmware/RP2040/pico-sdk/src/rp2_common/hardware_irq/irq.c.obj
                0x10000828                irq_set_mask_enabled
 .text.irq_set_enabled
                0x10000848        0xe CMakeFiles/Brushed_main.dir/C_/Users/Pablo/Documents/Programacion/Firmware/RP2040/pico-sdk/src/rp2_common/hardware_irq/irq.c.obj
                0x10000848                irq_set_enabled
 *fill*         0x10000856        0x2 
 .text.irq_set_pending
                0x10000858       0x10 CMakeFiles/Brushed_main.dir/C_/Users/Pablo/Documents/Programacion/Firmware/RP2040/pico-sdk/src/rp2_common/hardware_irq/irq.c.obj
                0x10000858                irq_set_pending
 .text.irq_get_vtable_handler
                0x10000868       0x10 CMakeFiles/Brushed_main.dir/C_/Users/Pablo/Documents/Programacion/Firmware/RP2040/pico-sdk/src/rp2_common/hardware_irq/irq.c.obj
                0x10000868                irq_get_vtable_handler
 .text.irq_has_shared_handler
                0x10000878       0x24 CMakeFiles/Brushed_main.dir/C_/Users/Pablo/Documents/Programacion/Firmware/RP2040/pico-sdk/src/rp2_common/hardware_irq/irq.c.obj
                0x10000878                irq_has_shared_handler
 .text.irq_set_exclusive_handler
                0x1000089c       0x54 CMakeFiles/Brushed_main.dir/C_/Users/Pablo/Documents/Programacion/Firmware/RP2040/pico-sdk/src/rp2_common/hardware_irq/irq.c.obj
                0x1000089c                irq_set_exclusive_handler
 .text.irq_add_shared_handler
                0x100008f0      0x230 CMakeFiles/Brushed_main.dir/C_/Users/Pablo/Documents/Programacion/Firmware/RP2040/pico-sdk/src/rp2_common/hardware_irq/irq.c.obj
                0x100008f0                irq_add_shared_handler
 .text.irq_remove_handler
                0x10000b20      0x1a8 CMakeFiles/Brushed_main.dir/C_/Users/Pablo/Documents/Programacion/Firmware/RP2040/pico-sdk/src/rp2_common/hardware_irq/irq.c.obj
                0x10000b20                irq_remove_handler
 .text.irq_add_tail_to_free_list
                0x10000cc8       0xf0 CMakeFiles/Brushed_main.dir/C_/Users/Pablo/Documents/Programacion/Firmware/RP2040/pico-sdk/src/rp2_common/hardware_irq/irq.c.obj
                0x10000cc8                irq_add_tail_to_free_list
 .text.irq_init_priorities
                0x10000db8       0x1c CMakeFiles/Brushed_main.dir/C_/Users/Pablo/Documents/Programacion/Firmware/RP2040/pico-sdk/src/rp2_common/hardware_irq/irq.c.obj
                0x10000db8                irq_init_priorities
 .text.user_irq_claim_unused
                0x10000dd4       0x30 CMakeFiles/Brushed_main.dir/C_/Users/Pablo/Documents/Programacion/Firmware/RP2040/pico-sdk/src/rp2_common/hardware_irq/irq.c.obj
                0x10000dd4                user_irq_claim_unused
 .text.lock_init
                0x10000e04       0x10 CMakeFiles/Brushed_main.dir/C_/Users/Pablo/Documents/Programacion/Firmware/RP2040/pico-sdk/src/common/pico_sync/lock_core.c.obj
                0x10000e04                lock_init
 .text.repeating_timer_callback
                0x10000e14       0x40 CMakeFiles/Brushed_main.dir/C_/Users/Pablo/Documents/Programacion/Firmware/RP2040/pico-sdk/src/common/pico_time/time.c.obj
 .text.alarm_pool_post_alloc_init
                0x10000e54       0x40 CMakeFiles/Brushed_main.dir/C_/Users/Pablo/Documents/Programacion/Firmware/RP2040/pico-sdk/src/common/pico_time/time.c.obj
 .text.sleep_until_callback
                0x10000e94       0x30 CMakeFiles/Brushed_main.dir/C_/Users/Pablo/Documents/Programacion/Firmware/RP2040/pico-sdk/src/common/pico_time/time.c.obj
 .text.timer_pool_entry_comparator
                0x10000ec4       0x7c CMakeFiles/Brushed_main.dir/C_/Users/Pablo/Documents/Programacion/Firmware/RP2040/pico-sdk/src/common/pico_time/time.c.obj
                0x10000ec4                timer_pool_entry_comparator
 .text.ph_add_child_node
                0x10000f40       0xa4 CMakeFiles/Brushed_main.dir/C_/Users/Pablo/Documents/Programacion/Firmware/RP2040/pico-sdk/src/common/pico_time/time.c.obj
 .text.ph_merge_nodes
                0x10000fe4       0x3e CMakeFiles/Brushed_main.dir/C_/Users/Pablo/Documents/Programacion/Firmware/RP2040/pico-sdk/src/common/pico_time/time.c.obj
 *fill*         0x10001022        0x2 
 .text.add_alarm_under_lock
                0x10001024      0x174 CMakeFiles/Brushed_main.dir/C_/Users/Pablo/Documents/Programacion/Firmware/RP2040/pico-sdk/src/common/pico_time/time.c.obj
 .text.alarm_pool_alarm_callback
                0x10001198      0x328 CMakeFiles/Brushed_main.dir/C_/Users/Pablo/Documents/Programacion/Firmware/RP2040/pico-sdk/src/common/pico_time/time.c.obj
 .text.alarm_pool_init_default
                0x100014c0       0x38 CMakeFiles/Brushed_main.dir/C_/Users/Pablo/Documents/Programacion/Firmware/RP2040/pico-sdk/src/common/pico_time/time.c.obj
                0x100014c0                alarm_pool_init_default
 .text.alarm_pool_get_default
                0x100014f8       0x2c CMakeFiles/Brushed_main.dir/C_/Users/Pablo/Documents/Programacion/Firmware/RP2040/pico-sdk/src/common/pico_time/time.c.obj
                0x100014f8                alarm_pool_get_default
 .text.alarm_pool_add_alarm_at
                0x10001524      0x170 CMakeFiles/Brushed_main.dir/C_/Users/Pablo/Documents/Programacion/Firmware/RP2040/pico-sdk/src/common/pico_time/time.c.obj
                0x10001524                alarm_pool_add_alarm_at
 .text.alarm_pool_cancel_alarm
                0x10001694       0xf0 CMakeFiles/Brushed_main.dir/C_/Users/Pablo/Documents/Programacion/Firmware/RP2040/pico-sdk/src/common/pico_time/time.c.obj
                0x10001694                alarm_pool_cancel_alarm
 .text.alarm_pool_add_repeating_timer_us
                0x10001784       0x9c CMakeFiles/Brushed_main.dir/C_/Users/Pablo/Documents/Programacion/Firmware/RP2040/pico-sdk/src/common/pico_time/time.c.obj
                0x10001784                alarm_pool_add_repeating_timer_us
 .text.sleep_until
                0x10001820       0xfc CMakeFiles/Brushed_main.dir/C_/Users/Pablo/Documents/Programacion/Firmware/RP2040/pico-sdk/src/common/pico_time/time.c.obj
                0x10001820                sleep_until
 .text.sleep_us
                0x1000191c       0x58 CMakeFiles/Brushed_main.dir/C_/Users/Pablo/Documents/Programacion/Firmware/RP2040/pico-sdk/src/common/pico_time/time.c.obj
                0x1000191c                sleep_us
 .text.sleep_ms
                0x10001974       0x14 CMakeFiles/Brushed_main.dir/C_/Users/Pablo/Documents/Programacion/Firmware/RP2040/pico-sdk/src/common/pico_time/time.c.obj
                0x10001974                sleep_ms
 .text.best_effort_wfe_or_timeout
                0x10001988       0x80 CMakeFiles/Brushed_main.dir/C_/Users/Pablo/Documents/Programacion/Firmware/RP2040/pico-sdk/src/common/pico_time/time.c.obj
                0x10001988                best_effort_wfe_or_timeout
 .text.hardware_alarm_irq_handler
                0x10001a08       0x8c CMakeFiles/Brushed_main.dir/C_/Users/Pablo/Documents/Programacion/Firmware/RP2040/pico-sdk/src/rp2_common/hardware_timer/timer.c.obj
 .text.hardware_alarm_claim
                0x10001a94       0x18 CMakeFiles/Brushed_main.dir/C_/Users/Pablo/Documents/Programacion/Firmware/RP2040/pico-sdk/src/rp2_common/hardware_timer/timer.c.obj
                0x10001a94                hardware_alarm_claim
 .text.time_us_64
                0x10001aac       0x18 CMakeFiles/Brushed_main.dir/C_/Users/Pablo/Documents/Programacion/Firmware/RP2040/pico-sdk/src/rp2_common/hardware_timer/timer.c.obj
                0x10001aac                time_us_64
 .text.busy_wait_until
                0x10001ac4       0x28 CMakeFiles/Brushed_main.dir/C_/Users/Pablo/Documents/Programacion/Firmware/RP2040/pico-sdk/src/rp2_common/hardware_timer/timer.c.obj
                0x10001ac4                busy_wait_until
 .text.hardware_alarm_set_callback
                0x10001aec       0x90 CMakeFiles/Brushed_main.dir/C_/Users/Pablo/Documents/Programacion/Firmware/RP2040/pico-sdk/src/rp2_common/hardware_timer/timer.c.obj
                0x10001aec                hardware_alarm_set_callback
 .text.hardware_alarm_set_target
                0x10001b7c       0xe8 CMakeFiles/Brushed_main.dir/C_/Users/Pablo/Documents/Programacion/Firmware/RP2040/pico-sdk/src/rp2_common/hardware_timer/timer.c.obj
                0x10001b7c                hardware_alarm_set_target
 .text.hardware_alarm_cancel
                0x10001c64       0x40 CMakeFiles/Brushed_main.dir/C_/Users/Pablo/Documents/Programacion/Firmware/RP2040/pico-sdk/src/rp2_common/hardware_timer/timer.c.obj
                0x10001c64                hardware_alarm_cancel
 .text.ph_add_child_node
                0x10001ca4       0xa4 CMakeFiles/Brushed_main.dir/C_/Users/Pablo/Documents/Programacion/Firmware/RP2040/pico-sdk/src/common/pico_util/pheap.c.obj
 .text.ph_merge_nodes
                0x10001d48       0x3e CMakeFiles/Brushed_main.dir/C_/Users/Pablo/Documents/Programacion/Firmware/RP2040/pico-sdk/src/common/pico_util/pheap.c.obj
 *fill*         0x10001d86        0x2 
 .text.ph_clear
                0x10001d88       0x70 CMakeFiles/Brushed_main.dir/C_/Users/Pablo/Documents/Programacion/Firmware/RP2040/pico-sdk/src/common/pico_util/pheap.c.obj
                0x10001d88                ph_clear
 .text.ph_post_alloc_init
                0x10001df8        0xe CMakeFiles/Brushed_main.dir/C_/Users/Pablo/Documents/Programacion/Firmware/RP2040/pico-sdk/src/common/pico_util/pheap.c.obj
                0x10001df8                ph_post_alloc_init
 *fill*         0x10001e06        0x2 
 .text.ph_merge_two_pass
                0x10001e08       0xa8 CMakeFiles/Brushed_main.dir/C_/Users/Pablo/Documents/Programacion/Firmware/RP2040/pico-sdk/src/common/pico_util/pheap.c.obj
                0x10001e08                ph_merge_two_pass
 .text.ph_remove_any_head
                0x10001eb0      0x108 CMakeFiles/Brushed_main.dir/C_/Users/Pablo/Documents/Programacion/Firmware/RP2040/pico-sdk/src/common/pico_util/pheap.c.obj
 .text.ph_remove_head
                0x10001fb8       0x14 CMakeFiles/Brushed_main.dir/C_/Users/Pablo/Documents/Programacion/Firmware/RP2040/pico-sdk/src/common/pico_util/pheap.c.obj
                0x10001fb8                ph_remove_head
 .text.ph_remove_and_free_node
                0x10001fcc       0xf8 CMakeFiles/Brushed_main.dir/C_/Users/Pablo/Documents/Programacion/Firmware/RP2040/pico-sdk/src/common/pico_util/pheap.c.obj
                0x10001fcc                ph_remove_and_free_node
 .text.mutex_init
                0x100020c4       0x1a CMakeFiles/Brushed_main.dir/C_/Users/Pablo/Documents/Programacion/Firmware/RP2040/pico-sdk/src/common/pico_sync/mutex.c.obj
                0x100020c4                mutex_init
 .text.recursive_mutex_init
                0x100020de       0x1e CMakeFiles/Brushed_main.dir/C_/Users/Pablo/Documents/Programacion/Firmware/RP2040/pico-sdk/src/common/pico_sync/mutex.c.obj
                0x100020de                recursive_mutex_init
 .text.critical_section_init_with_lock_num
                0x100020fc       0x14 CMakeFiles/Brushed_main.dir/C_/Users/Pablo/Documents/Programacion/Firmware/RP2040/pico-sdk/src/common/pico_sync/critical_section.c.obj
                0x100020fc                critical_section_init_with_lock_num
 .text.critical_section_init
                0x10002110       0x14 CMakeFiles/Brushed_main.dir/C_/Users/Pablo/Documents/Programacion/Firmware/RP2040/pico-sdk/src/common/pico_sync/critical_section.c.obj
                0x10002110                critical_section_init
 .text._exit    0x10002124        0x4 CMakeFiles/Brushed_main.dir/C_/Users/Pablo/Documents/Programacion/Firmware/RP2040/pico-sdk/src/rp2_common/pico_runtime/runtime.c.obj
                0x10002124                _exit
 .text.exit     0x10002128        0x6 CMakeFiles/Brushed_main.dir/C_/Users/Pablo/Documents/Programacion/Firmware/RP2040/pico-sdk/src/rp2_common/pico_runtime/runtime.c.obj
                0x10002128                exit
 *fill*         0x1000212e        0x2 
 .text.__assert_func
                0x10002130       0x3c CMakeFiles/Brushed_main.dir/C_/Users/Pablo/Documents/Programacion/Firmware/RP2040/pico-sdk/src/rp2_common/pico_runtime/runtime.c.obj
                0x10002130                __assert_func
 .text.runtime_init
                0x1000216c       0xf8 CMakeFiles/Brushed_main.dir/C_/Users/Pablo/Documents/Programacion/Firmware/RP2040/pico-sdk/src/rp2_common/pico_runtime/runtime.c.obj
                0x1000216c                runtime_init
 .text.panic    0x10002264       0x30 CMakeFiles/Brushed_main.dir/C_/Users/Pablo/Documents/Programacion/Firmware/RP2040/pico-sdk/src/rp2_common/pico_runtime/runtime.c.obj
                0x10002264                panic
 .text.clock_configure
                0x10002294      0x104 CMakeFiles/Brushed_main.dir/C_/Users/Pablo/Documents/Programacion/Firmware/RP2040/pico-sdk/src/rp2_common/hardware_clocks/clocks.c.obj
                0x10002294                clock_configure
 .text.clocks_init
                0x10002398      0x100 CMakeFiles/Brushed_main.dir/C_/Users/Pablo/Documents/Programacion/Firmware/RP2040/pico-sdk/src/rp2_common/hardware_clocks/clocks.c.obj
                0x10002398                clocks_init
 .text.clock_get_hz
                0x10002498        0xc CMakeFiles/Brushed_main.dir/C_/Users/Pablo/Documents/Programacion/Firmware/RP2040/pico-sdk/src/rp2_common/hardware_clocks/clocks.c.obj
                0x10002498                clock_get_hz
 .text.pll_init
                0x100024a4      0x140 CMakeFiles/Brushed_main.dir/C_/Users/Pablo/Documents/Programacion/Firmware/RP2040/pico-sdk/src/rp2_common/hardware_pll/pll.c.obj
                0x100024a4                pll_init
 .text.watchdog_start_tick
                0x100025e4       0x10 CMakeFiles/Brushed_main.dir/C_/Users/Pablo/Documents/Programacion/Firmware/RP2040/pico-sdk/src/rp2_common/hardware_watchdog/watchdog.c.obj
                0x100025e4                watchdog_start_tick
 .text.watchdog_update
                0x100025f4       0x14 CMakeFiles/Brushed_main.dir/C_/Users/Pablo/Documents/Programacion/Firmware/RP2040/pico-sdk/src/rp2_common/hardware_watchdog/watchdog.c.obj
                0x100025f4                watchdog_update
 .text._watchdog_enable
                0x10002608       0x78 CMakeFiles/Brushed_main.dir/C_/Users/Pablo/Documents/Programacion/Firmware/RP2040/pico-sdk/src/rp2_common/hardware_watchdog/watchdog.c.obj
                0x10002608                _watchdog_enable
 .text.watchdog_reboot
                0x10002680       0x48 CMakeFiles/Brushed_main.dir/C_/Users/Pablo/Documents/Programacion/Firmware/RP2040/pico-sdk/src/rp2_common/hardware_watchdog/watchdog.c.obj
                0x10002680                watchdog_reboot
 .text.xosc_init
                0x100026c8       0x28 CMakeFiles/Brushed_main.dir/C_/Users/Pablo/Documents/Programacion/Firmware/RP2040/pico-sdk/src/rp2_common/hardware_xosc/xosc.c.obj
                0x100026c8                xosc_init
 .text._out_null
                0x100026f0        0x2 CMakeFiles/Brushed_main.dir/C_/Users/Pablo/Documents/Programacion/Firmware/RP2040/pico-sdk/src/rp2_common/pico_printf/printf.c.obj
 .text._out_fct
                0x100026f2        0xe CMakeFiles/Brushed_main.dir/C_/Users/Pablo/Documents/Programacion/Firmware/RP2040/pico-sdk/src/rp2_common/pico_printf/printf.c.obj
 .text._atoi    0x10002700       0x24 CMakeFiles/Brushed_main.dir/C_/Users/Pablo/Documents/Programacion/Firmware/RP2040/pico-sdk/src/rp2_common/pico_printf/printf.c.obj
 .text._out_rev
                0x10002724       0xae CMakeFiles/Brushed_main.dir/C_/Users/Pablo/Documents/Programacion/Firmware/RP2040/pico-sdk/src/rp2_common/pico_printf/printf.c.obj
 .text._ntoa_format
                0x100027d2      0x112 CMakeFiles/Brushed_main.dir/C_/Users/Pablo/Documents/Programacion/Firmware/RP2040/pico-sdk/src/rp2_common/pico_printf/printf.c.obj
 .text._ntoa_long
                0x100028e4       0xbc CMakeFiles/Brushed_main.dir/C_/Users/Pablo/Documents/Programacion/Firmware/RP2040/pico-sdk/src/rp2_common/pico_printf/printf.c.obj
 .text._ntoa_long_long
                0x100029a0       0xe2 CMakeFiles/Brushed_main.dir/C_/Users/Pablo/Documents/Programacion/Firmware/RP2040/pico-sdk/src/rp2_common/pico_printf/printf.c.obj
 *fill*         0x10002a82        0x2 
 .text._etoa    0x10002a84      0x414 CMakeFiles/Brushed_main.dir/C_/Users/Pablo/Documents/Programacion/Firmware/RP2040/pico-sdk/src/rp2_common/pico_printf/printf.c.obj
 .text._ftoa    0x10002e98      0x354 CMakeFiles/Brushed_main.dir/C_/Users/Pablo/Documents/Programacion/Firmware/RP2040/pico-sdk/src/rp2_common/pico_printf/printf.c.obj
 .text._vsnprintf
                0x100031ec      0x624 CMakeFiles/Brushed_main.dir/C_/Users/Pablo/Documents/Programacion/Firmware/RP2040/pico-sdk/src/rp2_common/pico_printf/printf.c.obj
 .text.vfctprintf
                0x10003810       0x20 CMakeFiles/Brushed_main.dir/C_/Users/Pablo/Documents/Programacion/Firmware/RP2040/pico-sdk/src/rp2_common/pico_printf/printf.c.obj
                0x10003810                vfctprintf
 .text          0x10003830       0x10 CMakeFiles/Brushed_main.dir/C_/Users/Pablo/Documents/Programacion/Firmware/RP2040/pico-sdk/src/rp2_common/pico_bit_ops/bit_ops_aeabi.S.obj
 .text.rom_func_lookup
                0x10003840       0x10 CMakeFiles/Brushed_main.dir/C_/Users/Pablo/Documents/Programacion/Firmware/RP2040/pico-sdk/src/rp2_common/pico_bootrom/bootrom.c.obj
                0x10003840                rom_func_lookup
 .text.rom_data_lookup
                0x10003850       0x10 CMakeFiles/Brushed_main.dir/C_/Users/Pablo/Documents/Programacion/Firmware/RP2040/pico-sdk/src/rp2_common/pico_bootrom/bootrom.c.obj
                0x10003850                rom_data_lookup
 .text.rom_funcs_lookup
                0x10003860       0x36 CMakeFiles/Brushed_main.dir/C_/Users/Pablo/Documents/Programacion/Firmware/RP2040/pico-sdk/src/rp2_common/pico_bootrom/bootrom.c.obj
                0x10003860                rom_funcs_lookup
 *fill*         0x10003896        0x2 
 .text.__wrap___aeabi_idiv
                0x10003898       0x50 CMakeFiles/Brushed_main.dir/C_/Users/Pablo/Documents/Programacion/Firmware/RP2040/pico-sdk/src/rp2_common/pico_divider/divider.S.obj
                0x10003898                __wrap___aeabi_idivmod
                0x10003898                divmod_s32s32
                0x10003898                div_s32s32
                0x10003898                __wrap___aeabi_idiv
                0x100038a0                divmod_s32s32_unsafe
                0x100038cc                divmod_s32s32_savestate
 .text.__wrap___aeabi_uidiv
                0x100038e8       0x4c CMakeFiles/Brushed_main.dir/C_/Users/Pablo/Documents/Programacion/Firmware/RP2040/pico-sdk/src/rp2_common/pico_divider/divider.S.obj
                0x100038e8                __wrap___aeabi_uidiv
                0x100038e8                __wrap___aeabi_uidivmod
                0x100038e8                div_u32u32
                0x100038e8                divmod_u32u32
                0x100038f0                divmod_u32u32_unsafe
                0x10003918                divmod_u32u32_savestate
 .text.__wrap___aeabi_ldiv
                0x10003934      0x434 CMakeFiles/Brushed_main.dir/C_/Users/Pablo/Documents/Programacion/Firmware/RP2040/pico-sdk/src/rp2_common/pico_divider/divider.S.obj
                0x10003934                div_s64s64
                0x10003934                divmod_s64s64
                0x10003934                __wrap___aeabi_ldivmod
                0x1000396c                divmod_u64u64
                0x1000396c                div_u64u64
                0x1000396c                __wrap___aeabi_uldivmod
                0x1000397c                divmod_u64u64_savestate
                0x100039a4                divmod_s64s64_unsafe
                0x10003a2c                divmod_u64u64_unsafe
 .text.__wrap___aeabi_darithmetic
                0x10003d68       0x80 CMakeFiles/Brushed_main.dir/C_/Users/Pablo/Documents/Programacion/Firmware/RP2040/pico-sdk/src/rp2_common/pico_double/double_aeabi.S.obj
                0x10003d68                __wrap___aeabi_drsub
                0x10003d6e                __wrap___aeabi_dsub
                0x10003d80                __wrap___aeabi_dadd
                0x10003d92                __wrap___aeabi_ddiv
                0x10003dce                __wrap___aeabi_dmul
 .text.__wrap___aeabi_cdcmple
                0x10003de8       0x6c CMakeFiles/Brushed_main.dir/C_/Users/Pablo/Documents/Programacion/Firmware/RP2040/pico-sdk/src/rp2_common/pico_double/double_aeabi.S.obj
                0x10003de8                __wrap___aeabi_cdrcmple
                0x10003df8                __wrap___aeabi_cdcmpeq
                0x10003df8                __wrap___aeabi_cdcmple
 .text.__wrap___aeabi_dcmplt
                0x10003e54        0xc CMakeFiles/Brushed_main.dir/C_/Users/Pablo/Documents/Programacion/Firmware/RP2040/pico-sdk/src/rp2_common/pico_double/double_aeabi.S.obj
                0x10003e54                __wrap___aeabi_dcmplt
 .text.__wrap___aeabi_dcmple
                0x10003e60       0x10 CMakeFiles/Brushed_main.dir/C_/Users/Pablo/Documents/Programacion/Firmware/RP2040/pico-sdk/src/rp2_common/pico_double/double_aeabi.S.obj
                0x10003e60                __wrap___aeabi_dcmple
 .text.__wrap___aeabi_dcmpge
                0x10003e70       0x10 CMakeFiles/Brushed_main.dir/C_/Users/Pablo/Documents/Programacion/Firmware/RP2040/pico-sdk/src/rp2_common/pico_double/double_aeabi.S.obj
                0x10003e70                __wrap___aeabi_dcmpge
 .text.__wrap___aeabi_dcmpgt
                0x10003e80        0xa CMakeFiles/Brushed_main.dir/C_/Users/Pablo/Documents/Programacion/Firmware/RP2040/pico-sdk/src/rp2_common/pico_double/double_aeabi.S.obj
                0x10003e80                __wrap___aeabi_dcmpgt
 .text.__wrap___aeabi_dcmpun
                0x10003e8a       0x1c CMakeFiles/Brushed_main.dir/C_/Users/Pablo/Documents/Programacion/Firmware/RP2040/pico-sdk/src/rp2_common/pico_double/double_aeabi.S.obj
                0x10003e8a                __wrap___aeabi_dcmpun
 *fill*         0x10003ea6        0x2 
 .text.__wrap___aeabi_i2d
                0x10003ea8       0x38 CMakeFiles/Brushed_main.dir/C_/Users/Pablo/Documents/Programacion/Firmware/RP2040/pico-sdk/src/rp2_common/pico_double/double_aeabi.S.obj
                0x10003ea8                __wrap___aeabi_ui2d
                0x10003eb0                __wrap___aeabi_i2d
 .text.__wrap___aeabi_d2iz
                0x10003ee0       0x48 CMakeFiles/Brushed_main.dir/C_/Users/Pablo/Documents/Programacion/Firmware/RP2040/pico-sdk/src/rp2_common/pico_double/double_aeabi.S.obj
                0x10003ee0                double2int_z
                0x10003ee0                __wrap___aeabi_d2iz
 .text.__wrap___aeabi_d2uiz
                0x10003f28       0x18 CMakeFiles/Brushed_main.dir/C_/Users/Pablo/Documents/Programacion/Firmware/RP2040/pico-sdk/src/rp2_common/pico_double/double_aeabi.S.obj
                0x10003f28                __wrap___aeabi_d2uiz
                0x10003f28                double2uint
 .text.__wrap___aeabi_d2f
                0x10003f40       0x18 CMakeFiles/Brushed_main.dir/C_/Users/Pablo/Documents/Programacion/Firmware/RP2040/pico-sdk/src/rp2_common/pico_double/double_aeabi.S.obj
                0x10003f40                __wrap___aeabi_d2f
 .text.__aeabi_double_init
                0x10003f58       0xc8 CMakeFiles/Brushed_main.dir/C_/Users/Pablo/Documents/Programacion/Firmware/RP2040/pico-sdk/src/rp2_common/pico_double/double_init_rom.c.obj
                0x10003f58                __aeabi_double_init
 .text.double_table_shim_on_use_helper
                0x10004020       0x34 CMakeFiles/Brushed_main.dir/C_/Users/Pablo/Documents/Programacion/Firmware/RP2040/pico-sdk/src/rp2_common/pico_double/double_v1_rom_shim.S.obj
                0x10004020                double_table_shim_on_use_helper
 .text.__wrap___aeabi_dsub
                0x10004054       0x10 CMakeFiles/Brushed_main.dir/C_/Users/Pablo/Documents/Programacion/Firmware/RP2040/pico-sdk/src/rp2_common/pico_double/double_v1_rom_shim.S.obj
                0x10004054                drsub_shim
                0x1000405a                dsub_shim
 .text.dadd_shim
                0x10004064      0x15c CMakeFiles/Brushed_main.dir/C_/Users/Pablo/Documents/Programacion/Firmware/RP2040/pico-sdk/src/rp2_common/pico_double/double_v1_rom_shim.S.obj
                0x10004064                dadd_shim
 .text.dmul_shim
                0x100041c0      0x15c CMakeFiles/Brushed_main.dir/C_/Users/Pablo/Documents/Programacion/Firmware/RP2040/pico-sdk/src/rp2_common/pico_double/double_v1_rom_shim.S.obj
                0x100041c0                dmul_shim
 .text.ddiv_shim
                0x1000431c      0x1b0 CMakeFiles/Brushed_main.dir/C_/Users/Pablo/Documents/Programacion/Firmware/RP2040/pico-sdk/src/rp2_common/pico_double/double_v1_rom_shim.S.obj
                0x1000431c                ddiv_shim
 .text.double2uint_shim
                0x100044cc        0xe CMakeFiles/Brushed_main.dir/C_/Users/Pablo/Documents/Programacion/Firmware/RP2040/pico-sdk/src/rp2_common/pico_double/double_v1_rom_shim.S.obj
                0x100044cc                double2uint_shim
                0x100044ce                double2ufix_shim
 *fill*         0x100044da        0x2 
 .text.double2uint64_shim
                0x100044dc       0x70 CMakeFiles/Brushed_main.dir/C_/Users/Pablo/Documents/Programacion/Firmware/RP2040/pico-sdk/src/rp2_common/pico_double/double_v1_rom_shim.S.obj
                0x100044dc                double2uint64_shim
                0x100044de                double2ufix64_shim
                0x100044fe                d2fix_a
 .text.double2float_shim
                0x1000454c       0x5c CMakeFiles/Brushed_main.dir/C_/Users/Pablo/Documents/Programacion/Firmware/RP2040/pico-sdk/src/rp2_common/pico_double/double_v1_rom_shim.S.obj
                0x1000454c                double2float_shim
 .text.dunpacks
                0x100045a8       0x3c CMakeFiles/Brushed_main.dir/C_/Users/Pablo/Documents/Programacion/Firmware/RP2040/pico-sdk/src/rp2_common/pico_double/double_v1_rom_shim.S.obj
                0x100045a8                dunpacks
 .text.__aeabi_lmul
                0x100045e4       0x32 CMakeFiles/Brushed_main.dir/C_/Users/Pablo/Documents/Programacion/Firmware/RP2040/pico-sdk/src/rp2_common/pico_int64_ops/pico_int64_ops_aeabi.S.obj
                0x100045e4                __wrap___aeabi_lmul
 *fill*         0x10004616        0x2 
 .text.__aeabi_float_init
                0x10004618       0xfc CMakeFiles/Brushed_main.dir/C_/Users/Pablo/Documents/Programacion/Firmware/RP2040/pico-sdk/src/rp2_common/pico_float/float_init_rom.c.obj
                0x10004618                __aeabi_float_init
 .text.float_table_shim_on_use_helper
                0x10004714       0x34 CMakeFiles/Brushed_main.dir/C_/Users/Pablo/Documents/Programacion/Firmware/RP2040/pico-sdk/src/rp2_common/pico_float/float_v1_rom_shim.S.obj
                0x10004714                float_table_shim_on_use_helper
 .text          0x10004748       0x10 CMakeFiles/Brushed_main.dir/C_/Users/Pablo/Documents/Programacion/Firmware/RP2040/pico-sdk/src/rp2_common/pico_mem_ops/mem_ops_aeabi.S.obj
                0x10004748                __aeabi_mem_init
 .text.memset   0x10004758        0xc CMakeFiles/Brushed_main.dir/C_/Users/Pablo/Documents/Programacion/Firmware/RP2040/pico-sdk/src/rp2_common/pico_mem_ops/mem_ops_aeabi.S.obj
                0x10004758                __wrap_memset
 .text.memcpy   0x10004764        0xc CMakeFiles/Brushed_main.dir/C_/Users/Pablo/Documents/Programacion/Firmware/RP2040/pico-sdk/src/rp2_common/pico_mem_ops/mem_ops_aeabi.S.obj
                0x10004764                __wrap_memcpy
                0x10004764                __wrap___aeabi_memcpy
 .text.stdio_out_chars_no_crlf
                0x10004770        0xe CMakeFiles/Brushed_main.dir/C_/Users/Pablo/Documents/Programacion/Firmware/RP2040/pico-sdk/src/rp2_common/pico_stdio/stdio.c.obj
 *fill*         0x1000477e        0x2 
 .text.stdio_out_chars_crlf
                0x10004780       0x80 CMakeFiles/Brushed_main.dir/C_/Users/Pablo/Documents/Programacion/Firmware/RP2040/pico-sdk/src/rp2_common/pico_stdio/stdio.c.obj
 .text.stdio_stack_buffer_flush
                0x10004800       0x44 CMakeFiles/Brushed_main.dir/C_/Users/Pablo/Documents/Programacion/Firmware/RP2040/pico-sdk/src/rp2_common/pico_stdio/stdio.c.obj
 .text.stdio_buffered_printer
                0x10004844       0x20 CMakeFiles/Brushed_main.dir/C_/Users/Pablo/Documents/Programacion/Firmware/RP2040/pico-sdk/src/rp2_common/pico_stdio/stdio.c.obj
 .text.stdout_serialize_begin
                0x10004864       0x30 CMakeFiles/Brushed_main.dir/C_/Users/Pablo/Documents/Programacion/Firmware/RP2040/pico-sdk/src/rp2_common/pico_stdio/stdio.c.obj
                0x10004864                stdout_serialize_begin
 .text.stdout_serialize_end
                0x10004894       0x10 CMakeFiles/Brushed_main.dir/C_/Users/Pablo/Documents/Programacion/Firmware/RP2040/pico-sdk/src/rp2_common/pico_stdio/stdio.c.obj
                0x10004894                stdout_serialize_end
 .text.stdio_put_string
                0x100048a4       0x98 CMakeFiles/Brushed_main.dir/C_/Users/Pablo/Documents/Programacion/Firmware/RP2040/pico-sdk/src/rp2_common/pico_stdio/stdio.c.obj
 .text.stdio_set_driver_enabled
                0x1000493c       0x2c CMakeFiles/Brushed_main.dir/C_/Users/Pablo/Documents/Programacion/Firmware/RP2040/pico-sdk/src/rp2_common/pico_stdio/stdio.c.obj
                0x1000493c                stdio_set_driver_enabled
 .text.stdio_flush
                0x10004968       0x20 CMakeFiles/Brushed_main.dir/C_/Users/Pablo/Documents/Programacion/Firmware/RP2040/pico-sdk/src/rp2_common/pico_stdio/stdio.c.obj
                0x10004968                stdio_flush
 .text.__wrap_puts
                0x10004988       0x1e CMakeFiles/Brushed_main.dir/C_/Users/Pablo/Documents/Programacion/Firmware/RP2040/pico-sdk/src/rp2_common/pico_stdio/stdio.c.obj
                0x10004988                __wrap_puts
 *fill*         0x100049a6        0x2 
 .text.__wrap_vprintf
                0x100049a8       0x44 CMakeFiles/Brushed_main.dir/C_/Users/Pablo/Documents/Programacion/Firmware/RP2040/pico-sdk/src/rp2_common/pico_stdio/stdio.c.obj
                0x100049a8                __wrap_vprintf
 .text.__wrap_printf
                0x100049ec       0x18 CMakeFiles/Brushed_main.dir/C_/Users/Pablo/Documents/Programacion/Firmware/RP2040/pico-sdk/src/rp2_common/pico_stdio/stdio.c.obj
                0x100049ec                __wrap_printf
 .text.stdio_init_all
                0x10004a04        0x8 CMakeFiles/Brushed_main.dir/C_/Users/Pablo/Documents/Programacion/Firmware/RP2040/pico-sdk/src/rp2_common/pico_stdio/stdio.c.obj
                0x10004a04                stdio_init_all
 .text.resetd_init
                0x10004a0c        0x2 CMakeFiles/Brushed_main.dir/C_/Users/Pablo/Documents/Programacion/Firmware/RP2040/pico-sdk/src/rp2_common/pico_stdio_usb/reset_interface.c.obj
 *fill*         0x10004a0e        0x2 
 .text.resetd_reset
                0x10004a10        0xc CMakeFiles/Brushed_main.dir/C_/Users/Pablo/Documents/Programacion/Firmware/RP2040/pico-sdk/src/rp2_common/pico_stdio_usb/reset_interface.c.obj
 .text.resetd_open
                0x10004a1c       0x34 CMakeFiles/Brushed_main.dir/C_/Users/Pablo/Documents/Programacion/Firmware/RP2040/pico-sdk/src/rp2_common/pico_stdio_usb/reset_interface.c.obj
 .text.resetd_xfer_cb
                0x10004a50        0x4 CMakeFiles/Brushed_main.dir/C_/Users/Pablo/Documents/Programacion/Firmware/RP2040/pico-sdk/src/rp2_common/pico_stdio_usb/reset_interface.c.obj
 .text.reset_usb_boot
                0x10004a54       0x18 CMakeFiles/Brushed_main.dir/C_/Users/Pablo/Documents/Programacion/Firmware/RP2040/pico-sdk/src/rp2_common/pico_stdio_usb/reset_interface.c.obj
 .text.resetd_control_xfer_cb
                0x10004a6c       0x5c CMakeFiles/Brushed_main.dir/C_/Users/Pablo/Documents/Programacion/Firmware/RP2040/pico-sdk/src/rp2_common/pico_stdio_usb/reset_interface.c.obj
 .text.usbd_app_driver_get_cb
                0x10004ac8        0xc CMakeFiles/Brushed_main.dir/C_/Users/Pablo/Documents/Programacion/Firmware/RP2040/pico-sdk/src/rp2_common/pico_stdio_usb/reset_interface.c.obj
                0x10004ac8                usbd_app_driver_get_cb
 .text.tud_cdc_line_coding_cb
                0x10004ad4       0x28 CMakeFiles/Brushed_main.dir/C_/Users/Pablo/Documents/Programacion/Firmware/RP2040/pico-sdk/src/rp2_common/pico_stdio_usb/reset_interface.c.obj
                0x10004ad4                tud_cdc_line_coding_cb
 .text.stdio_usb_in_chars
                0x10004afc       0x70 CMakeFiles/Brushed_main.dir/C_/Users/Pablo/Documents/Programacion/Firmware/RP2040/pico-sdk/src/rp2_common/pico_stdio_usb/stdio_usb.c.obj
                0x10004afc                stdio_usb_in_chars
 .text.low_priority_worker_irq
                0x10004b6c       0x20 CMakeFiles/Brushed_main.dir/C_/Users/Pablo/Documents/Programacion/Firmware/RP2040/pico-sdk/src/rp2_common/pico_stdio_usb/stdio_usb.c.obj
 .text.stdio_usb_out_chars
                0x10004b8c       0xd4 CMakeFiles/Brushed_main.dir/C_/Users/Pablo/Documents/Programacion/Firmware/RP2040/pico-sdk/src/rp2_common/pico_stdio_usb/stdio_usb.c.obj
 .text.timer_task
                0x10004c60       0x40 CMakeFiles/Brushed_main.dir/C_/Users/Pablo/Documents/Programacion/Firmware/RP2040/pico-sdk/src/rp2_common/pico_stdio_usb/stdio_usb.c.obj
 .text.usb_irq  0x10004ca0       0x10 CMakeFiles/Brushed_main.dir/C_/Users/Pablo/Documents/Programacion/Firmware/RP2040/pico-sdk/src/rp2_common/pico_stdio_usb/stdio_usb.c.obj
 .text.stdio_usb_init
                0x10004cb0       0xec CMakeFiles/Brushed_main.dir/C_/Users/Pablo/Documents/Programacion/Firmware/RP2040/pico-sdk/src/rp2_common/pico_stdio_usb/stdio_usb.c.obj
                0x10004cb0                stdio_usb_init
 .text.tud_descriptor_device_cb
                0x10004d9c        0x8 CMakeFiles/Brushed_main.dir/C_/Users/Pablo/Documents/Programacion/Firmware/RP2040/pico-sdk/src/rp2_common/pico_stdio_usb/stdio_usb_descriptors.c.obj
                0x10004d9c                tud_descriptor_device_cb
 .text.tud_descriptor_configuration_cb
                0x10004da4        0x8 CMakeFiles/Brushed_main.dir/C_/Users/Pablo/Documents/Programacion/Firmware/RP2040/pico-sdk/src/rp2_common/pico_stdio_usb/stdio_usb_descriptors.c.obj
                0x10004da4                tud_descriptor_configuration_cb
 .text.tud_descriptor_string_cb
                0x10004dac       0x6c CMakeFiles/Brushed_main.dir/C_/Users/Pablo/Documents/Programacion/Firmware/RP2040/pico-sdk/src/rp2_common/pico_stdio_usb/stdio_usb_descriptors.c.obj
                0x10004dac                tud_descriptor_string_cb
 .text.hw_endpoint_get_by_addr
                0x10004e18       0x18 CMakeFiles/Brushed_main.dir/C_/Users/Pablo/Documents/Programacion/Firmware/RP2040/pico-sdk/lib/tinyusb/src/portable/raspberrypi/rp2040/dcd_rp2040.c.obj
 .text.reset_ep0_pid
                0x10004e30       0x28 CMakeFiles/Brushed_main.dir/C_/Users/Pablo/Documents/Programacion/Firmware/RP2040/pico-sdk/lib/tinyusb/src/portable/raspberrypi/rp2040/dcd_rp2040.c.obj
 .text._hw_endpoint_alloc
                0x10004e58       0x70 CMakeFiles/Brushed_main.dir/C_/Users/Pablo/Documents/Programacion/Firmware/RP2040/pico-sdk/lib/tinyusb/src/portable/raspberrypi/rp2040/dcd_rp2040.c.obj
 .text.hw_endpoint_init
                0x10004ec8       0x88 CMakeFiles/Brushed_main.dir/C_/Users/Pablo/Documents/Programacion/Firmware/RP2040/pico-sdk/lib/tinyusb/src/portable/raspberrypi/rp2040/dcd_rp2040.c.obj
 .text.reset_non_control_endpoints
                0x10004f50       0x40 CMakeFiles/Brushed_main.dir/C_/Users/Pablo/Documents/Programacion/Firmware/RP2040/pico-sdk/lib/tinyusb/src/portable/raspberrypi/rp2040/dcd_rp2040.c.obj
 .text.hw_handle_buff_status
                0x10004f90       0x8c CMakeFiles/Brushed_main.dir/C_/Users/Pablo/Documents/Programacion/Firmware/RP2040/pico-sdk/lib/tinyusb/src/portable/raspberrypi/rp2040/dcd_rp2040.c.obj
 .text.dcd_rp2040_irq
                0x1000501c       0xc0 CMakeFiles/Brushed_main.dir/C_/Users/Pablo/Documents/Programacion/Firmware/RP2040/pico-sdk/lib/tinyusb/src/portable/raspberrypi/rp2040/dcd_rp2040.c.obj
 .text.hw_endpoint_xfer
                0x100050dc       0x14 CMakeFiles/Brushed_main.dir/C_/Users/Pablo/Documents/Programacion/Firmware/RP2040/pico-sdk/lib/tinyusb/src/portable/raspberrypi/rp2040/dcd_rp2040.c.obj
 .text.dcd_int_enable
                0x100050f0       0x2c CMakeFiles/Brushed_main.dir/C_/Users/Pablo/Documents/Programacion/Firmware/RP2040/pico-sdk/lib/tinyusb/src/portable/raspberrypi/rp2040/dcd_rp2040.c.obj
                0x100050f0                dcd_int_enable
 .text.dcd_set_address
                0x1000511c       0x2c CMakeFiles/Brushed_main.dir/C_/Users/Pablo/Documents/Programacion/Firmware/RP2040/pico-sdk/lib/tinyusb/src/portable/raspberrypi/rp2040/dcd_rp2040.c.obj
                0x1000511c                dcd_set_address
 .text.dcd_connect
                0x10005148       0x10 CMakeFiles/Brushed_main.dir/C_/Users/Pablo/Documents/Programacion/Firmware/RP2040/pico-sdk/lib/tinyusb/src/portable/raspberrypi/rp2040/dcd_rp2040.c.obj
                0x10005148                dcd_connect
 .text.dcd_init
                0x10005158       0x7c CMakeFiles/Brushed_main.dir/C_/Users/Pablo/Documents/Programacion/Firmware/RP2040/pico-sdk/lib/tinyusb/src/portable/raspberrypi/rp2040/dcd_rp2040.c.obj
                0x10005158                dcd_init
 .text.dcd_edpt0_status_complete
                0x100051d4       0x1c CMakeFiles/Brushed_main.dir/C_/Users/Pablo/Documents/Programacion/Firmware/RP2040/pico-sdk/lib/tinyusb/src/portable/raspberrypi/rp2040/dcd_rp2040.c.obj
                0x100051d4                dcd_edpt0_status_complete
 .text.dcd_edpt_open
                0x100051f0       0x40 CMakeFiles/Brushed_main.dir/C_/Users/Pablo/Documents/Programacion/Firmware/RP2040/pico-sdk/lib/tinyusb/src/portable/raspberrypi/rp2040/dcd_rp2040.c.obj
                0x100051f0                dcd_edpt_open
 .text.dcd_edpt_close_all
                0x10005230        0x8 CMakeFiles/Brushed_main.dir/C_/Users/Pablo/Documents/Programacion/Firmware/RP2040/pico-sdk/lib/tinyusb/src/portable/raspberrypi/rp2040/dcd_rp2040.c.obj
                0x10005230                dcd_edpt_close_all
 .text.dcd_edpt_xfer
                0x10005238       0x30 CMakeFiles/Brushed_main.dir/C_/Users/Pablo/Documents/Programacion/Firmware/RP2040/pico-sdk/lib/tinyusb/src/portable/raspberrypi/rp2040/dcd_rp2040.c.obj
                0x10005238                dcd_edpt_xfer
 .text.dcd_edpt_stall
                0x10005268       0x2c CMakeFiles/Brushed_main.dir/C_/Users/Pablo/Documents/Programacion/Firmware/RP2040/pico-sdk/lib/tinyusb/src/portable/raspberrypi/rp2040/dcd_rp2040.c.obj
                0x10005268                dcd_edpt_stall
 .text.dcd_edpt_clear_stall
                0x10005294       0x20 CMakeFiles/Brushed_main.dir/C_/Users/Pablo/Documents/Programacion/Firmware/RP2040/pico-sdk/lib/tinyusb/src/portable/raspberrypi/rp2040/dcd_rp2040.c.obj
                0x10005294                dcd_edpt_clear_stall
 .text.prepare_ep_buffer
                0x100052b4       0x70 CMakeFiles/Brushed_main.dir/C_/Users/Pablo/Documents/Programacion/Firmware/RP2040/pico-sdk/lib/tinyusb/src/portable/raspberrypi/rp2040/rp2040_usb.c.obj
 .text.sync_ep_buffer
                0x10005324       0x7c CMakeFiles/Brushed_main.dir/C_/Users/Pablo/Documents/Programacion/Firmware/RP2040/pico-sdk/lib/tinyusb/src/portable/raspberrypi/rp2040/rp2040_usb.c.obj
 .text._hw_endpoint_xfer_sync
                0x100053a0       0x28 CMakeFiles/Brushed_main.dir/C_/Users/Pablo/Documents/Programacion/Firmware/RP2040/pico-sdk/lib/tinyusb/src/portable/raspberrypi/rp2040/rp2040_usb.c.obj
 .text.rp2040_usb_init
                0x100053c8       0x4c CMakeFiles/Brushed_main.dir/C_/Users/Pablo/Documents/Programacion/Firmware/RP2040/pico-sdk/lib/tinyusb/src/portable/raspberrypi/rp2040/rp2040_usb.c.obj
                0x100053c8                rp2040_usb_init
 .text.hw_endpoint_reset_transfer
                0x10005414        0xc CMakeFiles/Brushed_main.dir/C_/Users/Pablo/Documents/Programacion/Firmware/RP2040/pico-sdk/lib/tinyusb/src/portable/raspberrypi/rp2040/rp2040_usb.c.obj
                0x10005414                hw_endpoint_reset_transfer
 .text._hw_endpoint_buffer_control_update32
                0x10005420       0x58 CMakeFiles/Brushed_main.dir/C_/Users/Pablo/Documents/Programacion/Firmware/RP2040/pico-sdk/lib/tinyusb/src/portable/raspberrypi/rp2040/rp2040_usb.c.obj
                0x10005420                _hw_endpoint_buffer_control_update32
 .text._hw_endpoint_start_next_buffer
                0x10005478       0x74 CMakeFiles/Brushed_main.dir/C_/Users/Pablo/Documents/Programacion/Firmware/RP2040/pico-sdk/lib/tinyusb/src/portable/raspberrypi/rp2040/rp2040_usb.c.obj
 .text.hw_endpoint_xfer_start
                0x100054ec       0x48 CMakeFiles/Brushed_main.dir/C_/Users/Pablo/Documents/Programacion/Firmware/RP2040/pico-sdk/lib/tinyusb/src/portable/raspberrypi/rp2040/rp2040_usb.c.obj
                0x100054ec                hw_endpoint_xfer_start
 .text.hw_endpoint_xfer_continue
                0x10005534       0x38 CMakeFiles/Brushed_main.dir/C_/Users/Pablo/Documents/Programacion/Firmware/RP2040/pico-sdk/lib/tinyusb/src/portable/raspberrypi/rp2040/rp2040_usb.c.obj
                0x10005534                hw_endpoint_xfer_continue
 .text.configuration_reset
                0x1000556c       0x84 CMakeFiles/Brushed_main.dir/C_/Users/Pablo/Documents/Programacion/Firmware/RP2040/pico-sdk/lib/tinyusb/src/device/usbd.c.obj
 .text.usbd_reset
                0x100055f0        0xc CMakeFiles/Brushed_main.dir/C_/Users/Pablo/Documents/Programacion/Firmware/RP2040/pico-sdk/lib/tinyusb/src/device/usbd.c.obj
 .text.invoke_class_control
                0x100055fc       0x1a CMakeFiles/Brushed_main.dir/C_/Users/Pablo/Documents/Programacion/Firmware/RP2040/pico-sdk/lib/tinyusb/src/device/usbd.c.obj
 *fill*         0x10005616        0x2 
 .text.process_set_config
                0x10005618      0x1b0 CMakeFiles/Brushed_main.dir/C_/Users/Pablo/Documents/Programacion/Firmware/RP2040/pico-sdk/lib/tinyusb/src/device/usbd.c.obj
 .text.process_get_descriptor
                0x100057c8       0xec CMakeFiles/Brushed_main.dir/C_/Users/Pablo/Documents/Programacion/Firmware/RP2040/pico-sdk/lib/tinyusb/src/device/usbd.c.obj
 .text.tud_mounted
                0x100058b4       0x10 CMakeFiles/Brushed_main.dir/C_/Users/Pablo/Documents/Programacion/Firmware/RP2040/pico-sdk/lib/tinyusb/src/device/usbd.c.obj
                0x100058b4                tud_mounted
 .text.tud_suspended
                0x100058c4       0x10 CMakeFiles/Brushed_main.dir/C_/Users/Pablo/Documents/Programacion/Firmware/RP2040/pico-sdk/lib/tinyusb/src/device/usbd.c.obj
                0x100058c4                tud_suspended
 .text.tud_inited
                0x100058d4        0xc CMakeFiles/Brushed_main.dir/C_/Users/Pablo/Documents/Programacion/Firmware/RP2040/pico-sdk/lib/tinyusb/src/device/usbd.c.obj
                0x100058d4                tud_inited
 .text.tud_init
                0x100058e0       0xcc CMakeFiles/Brushed_main.dir/C_/Users/Pablo/Documents/Programacion/Firmware/RP2040/pico-sdk/lib/tinyusb/src/device/usbd.c.obj
                0x100058e0                tud_init
 .text.dcd_event_handler
                0x100059ac      0x1e0 CMakeFiles/Brushed_main.dir/C_/Users/Pablo/Documents/Programacion/Firmware/RP2040/pico-sdk/lib/tinyusb/src/device/usbd.c.obj
                0x100059ac                dcd_event_handler
 .text.dcd_event_bus_signal
                0x10005b8c       0x26 CMakeFiles/Brushed_main.dir/C_/Users/Pablo/Documents/Programacion/Firmware/RP2040/pico-sdk/lib/tinyusb/src/device/usbd.c.obj
                0x10005b8c                dcd_event_bus_signal
 .text.dcd_event_bus_reset
                0x10005bb2       0x2a CMakeFiles/Brushed_main.dir/C_/Users/Pablo/Documents/Programacion/Firmware/RP2040/pico-sdk/lib/tinyusb/src/device/usbd.c.obj
                0x10005bb2                dcd_event_bus_reset
 .text.dcd_event_setup_received
                0x10005bdc       0x34 CMakeFiles/Brushed_main.dir/C_/Users/Pablo/Documents/Programacion/Firmware/RP2040/pico-sdk/lib/tinyusb/src/device/usbd.c.obj
                0x10005bdc                dcd_event_setup_received
 .text.dcd_event_xfer_complete
                0x10005c10       0x44 CMakeFiles/Brushed_main.dir/C_/Users/Pablo/Documents/Programacion/Firmware/RP2040/pico-sdk/lib/tinyusb/src/device/usbd.c.obj
                0x10005c10                dcd_event_xfer_complete
 .text.usbd_edpt_open
                0x10005c54       0x58 CMakeFiles/Brushed_main.dir/C_/Users/Pablo/Documents/Programacion/Firmware/RP2040/pico-sdk/lib/tinyusb/src/device/usbd.c.obj
                0x10005c54                usbd_edpt_open
 .text.usbd_open_edpt_pair
                0x10005cac       0x8c CMakeFiles/Brushed_main.dir/C_/Users/Pablo/Documents/Programacion/Firmware/RP2040/pico-sdk/lib/tinyusb/src/device/usbd.c.obj
                0x10005cac                usbd_open_edpt_pair
 .text.usbd_edpt_claim
                0x10005d38       0x8c CMakeFiles/Brushed_main.dir/C_/Users/Pablo/Documents/Programacion/Firmware/RP2040/pico-sdk/lib/tinyusb/src/device/usbd.c.obj
                0x10005d38                usbd_edpt_claim
 .text.usbd_edpt_release
                0x10005dc4       0x68 CMakeFiles/Brushed_main.dir/C_/Users/Pablo/Documents/Programacion/Firmware/RP2040/pico-sdk/lib/tinyusb/src/device/usbd.c.obj
                0x10005dc4                usbd_edpt_release
 .text.usbd_edpt_xfer
                0x10005e2c       0x80 CMakeFiles/Brushed_main.dir/C_/Users/Pablo/Documents/Programacion/Firmware/RP2040/pico-sdk/lib/tinyusb/src/device/usbd.c.obj
                0x10005e2c                usbd_edpt_xfer
 .text.usbd_edpt_stall
                0x10005eac       0x40 CMakeFiles/Brushed_main.dir/C_/Users/Pablo/Documents/Programacion/Firmware/RP2040/pico-sdk/lib/tinyusb/src/device/usbd.c.obj
                0x10005eac                usbd_edpt_stall
 .text.usbd_edpt_clear_stall
                0x10005eec       0x40 CMakeFiles/Brushed_main.dir/C_/Users/Pablo/Documents/Programacion/Firmware/RP2040/pico-sdk/lib/tinyusb/src/device/usbd.c.obj
                0x10005eec                usbd_edpt_clear_stall
 .text.usbd_edpt_stalled
                0x10005f2c       0x1c CMakeFiles/Brushed_main.dir/C_/Users/Pablo/Documents/Programacion/Firmware/RP2040/pico-sdk/lib/tinyusb/src/device/usbd.c.obj
                0x10005f2c                usbd_edpt_stalled
 .text.process_control_request
                0x10005f48      0x3b8 CMakeFiles/Brushed_main.dir/C_/Users/Pablo/Documents/Programacion/Firmware/RP2040/pico-sdk/lib/tinyusb/src/device/usbd.c.obj
 .text.tud_task
                0x10006300      0x218 CMakeFiles/Brushed_main.dir/C_/Users/Pablo/Documents/Programacion/Firmware/RP2040/pico-sdk/lib/tinyusb/src/device/usbd.c.obj
                0x10006300                tud_task
 .text._data_stage_xact
                0x10006518       0x58 CMakeFiles/Brushed_main.dir/C_/Users/Pablo/Documents/Programacion/Firmware/RP2040/pico-sdk/lib/tinyusb/src/device/usbd_control.c.obj
 .text.tud_control_status
                0x10006570       0x38 CMakeFiles/Brushed_main.dir/C_/Users/Pablo/Documents/Programacion/Firmware/RP2040/pico-sdk/lib/tinyusb/src/device/usbd_control.c.obj
                0x10006570                tud_control_status
 .text.tud_control_xfer
                0x100065a8       0xa8 CMakeFiles/Brushed_main.dir/C_/Users/Pablo/Documents/Programacion/Firmware/RP2040/pico-sdk/lib/tinyusb/src/device/usbd_control.c.obj
                0x100065a8                tud_control_xfer
 .text.usbd_control_reset
                0x10006650       0x14 CMakeFiles/Brushed_main.dir/C_/Users/Pablo/Documents/Programacion/Firmware/RP2040/pico-sdk/lib/tinyusb/src/device/usbd_control.c.obj
                0x10006650                usbd_control_reset
 .text.usbd_control_set_complete_callback
                0x10006664        0xc CMakeFiles/Brushed_main.dir/C_/Users/Pablo/Documents/Programacion/Firmware/RP2040/pico-sdk/lib/tinyusb/src/device/usbd_control.c.obj
                0x10006664                usbd_control_set_complete_callback
 .text.usbd_control_set_request
                0x10006670       0x1c CMakeFiles/Brushed_main.dir/C_/Users/Pablo/Documents/Programacion/Firmware/RP2040/pico-sdk/lib/tinyusb/src/device/usbd_control.c.obj
                0x10006670                usbd_control_set_request
 .text.usbd_control_xfer_cb
                0x1000668c       0xfc CMakeFiles/Brushed_main.dir/C_/Users/Pablo/Documents/Programacion/Firmware/RP2040/pico-sdk/lib/tinyusb/src/device/usbd_control.c.obj
                0x1000668c                usbd_control_xfer_cb
 .text._prep_out_transaction
                0x10006788       0x46 CMakeFiles/Brushed_main.dir/C_/Users/Pablo/Documents/Programacion/Firmware/RP2040/pico-sdk/lib/tinyusb/src/class/cdc/cdc_device.c.obj
 *fill*         0x100067ce        0x2 
 .text.tud_cdc_n_connected
                0x100067d0       0x44 CMakeFiles/Brushed_main.dir/C_/Users/Pablo/Documents/Programacion/Firmware/RP2040/pico-sdk/lib/tinyusb/src/class/cdc/cdc_device.c.obj
                0x100067d0                tud_cdc_n_connected
 .text.tud_cdc_n_available
                0x10006814       0x18 CMakeFiles/Brushed_main.dir/C_/Users/Pablo/Documents/Programacion/Firmware/RP2040/pico-sdk/lib/tinyusb/src/class/cdc/cdc_device.c.obj
                0x10006814                tud_cdc_n_available
 .text.tud_cdc_n_read
                0x1000682c       0x28 CMakeFiles/Brushed_main.dir/C_/Users/Pablo/Documents/Programacion/Firmware/RP2040/pico-sdk/lib/tinyusb/src/class/cdc/cdc_device.c.obj
                0x1000682c                tud_cdc_n_read
 .text.tud_cdc_n_write_flush
                0x10006854       0xcc CMakeFiles/Brushed_main.dir/C_/Users/Pablo/Documents/Programacion/Firmware/RP2040/pico-sdk/lib/tinyusb/src/class/cdc/cdc_device.c.obj
                0x10006854                tud_cdc_n_write_flush
 .text.tud_cdc_n_write
                0x10006920       0x38 CMakeFiles/Brushed_main.dir/C_/Users/Pablo/Documents/Programacion/Firmware/RP2040/pico-sdk/lib/tinyusb/src/class/cdc/cdc_device.c.obj
                0x10006920                tud_cdc_n_write
 .text.tud_cdc_n_write_available
                0x10006958       0x1c CMakeFiles/Brushed_main.dir/C_/Users/Pablo/Documents/Programacion/Firmware/RP2040/pico-sdk/lib/tinyusb/src/class/cdc/cdc_device.c.obj
                0x10006958                tud_cdc_n_write_available
 .text.cdcd_init
                0x10006974       0xbc CMakeFiles/Brushed_main.dir/C_/Users/Pablo/Documents/Programacion/Firmware/RP2040/pico-sdk/lib/tinyusb/src/class/cdc/cdc_device.c.obj
                0x10006974                cdcd_init
 .text.cdcd_reset
                0x10006a30       0x44 CMakeFiles/Brushed_main.dir/C_/Users/Pablo/Documents/Programacion/Firmware/RP2040/pico-sdk/lib/tinyusb/src/class/cdc/cdc_device.c.obj
                0x10006a30                cdcd_reset
 .text.cdcd_open
                0x10006a74       0xf8 CMakeFiles/Brushed_main.dir/C_/Users/Pablo/Documents/Programacion/Firmware/RP2040/pico-sdk/lib/tinyusb/src/class/cdc/cdc_device.c.obj
                0x10006a74                cdcd_open
 .text.cdcd_control_xfer_cb
                0x10006b6c      0x134 CMakeFiles/Brushed_main.dir/C_/Users/Pablo/Documents/Programacion/Firmware/RP2040/pico-sdk/lib/tinyusb/src/class/cdc/cdc_device.c.obj
                0x10006b6c                cdcd_control_xfer_cb
 .text.cdcd_xfer_cb
                0x10006ca0      0x144 CMakeFiles/Brushed_main.dir/C_/Users/Pablo/Documents/Programacion/Firmware/RP2040/pico-sdk/lib/tinyusb/src/class/cdc/cdc_device.c.obj
                0x10006ca0                cdcd_xfer_cb
 .text.tusb_init
                0x10006de4       0x24 CMakeFiles/Brushed_main.dir/C_/Users/Pablo/Documents/Programacion/Firmware/RP2040/pico-sdk/lib/tinyusb/src/tusb.c.obj
                0x10006de4                tusb_init
 .text.tusb_inited
                0x10006e08        0xe CMakeFiles/Brushed_main.dir/C_/Users/Pablo/Documents/Programacion/Firmware/RP2040/pico-sdk/lib/tinyusb/src/tusb.c.obj
                0x10006e08                tusb_inited
 *fill*         0x10006e16        0x2 
 .text.tu_edpt_validate
                0x10006e18       0xa8 CMakeFiles/Brushed_main.dir/C_/Users/Pablo/Documents/Programacion/Firmware/RP2040/pico-sdk/lib/tinyusb/src/tusb.c.obj
                0x10006e18                tu_edpt_validate
 .text.tu_edpt_bind_driver
                0x10006ec0       0x2a CMakeFiles/Brushed_main.dir/C_/Users/Pablo/Documents/Programacion/Firmware/RP2040/pico-sdk/lib/tinyusb/src/tusb.c.obj
                0x10006ec0                tu_edpt_bind_driver
 .text.advance_pointer
                0x10006eea       0x18 CMakeFiles/Brushed_main.dir/C_/Users/Pablo/Documents/Programacion/Firmware/RP2040/pico-sdk/lib/tinyusb/src/common/tusb_fifo.c.obj
 .text.backward_pointer
                0x10006f02       0x1e CMakeFiles/Brushed_main.dir/C_/Users/Pablo/Documents/Programacion/Firmware/RP2040/pico-sdk/lib/tinyusb/src/common/tusb_fifo.c.obj
 .text.get_relative_pointer
                0x10006f20       0x10 CMakeFiles/Brushed_main.dir/C_/Users/Pablo/Documents/Programacion/Firmware/RP2040/pico-sdk/lib/tinyusb/src/common/tusb_fifo.c.obj
 .text._tu_fifo_peek
                0x10006f30       0x50 CMakeFiles/Brushed_main.dir/C_/Users/Pablo/Documents/Programacion/Firmware/RP2040/pico-sdk/lib/tinyusb/src/common/tusb_fifo.c.obj
 .text._ff_pull_const_addr
                0x10006f80       0x4c CMakeFiles/Brushed_main.dir/C_/Users/Pablo/Documents/Programacion/Firmware/RP2040/pico-sdk/lib/tinyusb/src/common/tusb_fifo.c.obj
 .text._ff_pull_n
                0x10006fcc      0x10c CMakeFiles/Brushed_main.dir/C_/Users/Pablo/Documents/Programacion/Firmware/RP2040/pico-sdk/lib/tinyusb/src/common/tusb_fifo.c.obj
 .text._tu_fifo_peek_n
                0x100070d8       0x5e CMakeFiles/Brushed_main.dir/C_/Users/Pablo/Documents/Programacion/Firmware/RP2040/pico-sdk/lib/tinyusb/src/common/tusb_fifo.c.obj
 .text._tu_fifo_read_n
                0x10007136       0x4e CMakeFiles/Brushed_main.dir/C_/Users/Pablo/Documents/Programacion/Firmware/RP2040/pico-sdk/lib/tinyusb/src/common/tusb_fifo.c.obj
 .text._ff_push_const_addr
                0x10007184       0x40 CMakeFiles/Brushed_main.dir/C_/Users/Pablo/Documents/Programacion/Firmware/RP2040/pico-sdk/lib/tinyusb/src/common/tusb_fifo.c.obj
 .text._ff_push_n
                0x100071c4      0x108 CMakeFiles/Brushed_main.dir/C_/Users/Pablo/Documents/Programacion/Firmware/RP2040/pico-sdk/lib/tinyusb/src/common/tusb_fifo.c.obj
 .text._tu_fifo_write_n
                0x100072cc       0x9e CMakeFiles/Brushed_main.dir/C_/Users/Pablo/Documents/Programacion/Firmware/RP2040/pico-sdk/lib/tinyusb/src/common/tusb_fifo.c.obj
 .text.tu_fifo_config
                0x1000736a       0x72 CMakeFiles/Brushed_main.dir/C_/Users/Pablo/Documents/Programacion/Firmware/RP2040/pico-sdk/lib/tinyusb/src/common/tusb_fifo.c.obj
                0x1000736a                tu_fifo_config
 .text.tu_fifo_count
                0x100073dc       0x26 CMakeFiles/Brushed_main.dir/C_/Users/Pablo/Documents/Programacion/Firmware/RP2040/pico-sdk/lib/tinyusb/src/common/tusb_fifo.c.obj
                0x100073dc                tu_fifo_count
 .text.tu_fifo_empty
                0x10007402       0x10 CMakeFiles/Brushed_main.dir/C_/Users/Pablo/Documents/Programacion/Firmware/RP2040/pico-sdk/lib/tinyusb/src/common/tusb_fifo.c.obj
                0x10007402                tu_fifo_empty
 .text.tu_fifo_remaining
                0x10007412       0x20 CMakeFiles/Brushed_main.dir/C_/Users/Pablo/Documents/Programacion/Firmware/RP2040/pico-sdk/lib/tinyusb/src/common/tusb_fifo.c.obj
                0x10007412                tu_fifo_remaining
 .text.tu_fifo_read
                0x10007432       0x42 CMakeFiles/Brushed_main.dir/C_/Users/Pablo/Documents/Programacion/Firmware/RP2040/pico-sdk/lib/tinyusb/src/common/tusb_fifo.c.obj
                0x10007432                tu_fifo_read
 .text.tu_fifo_read_n
                0x10007474        0xa CMakeFiles/Brushed_main.dir/C_/Users/Pablo/Documents/Programacion/Firmware/RP2040/pico-sdk/lib/tinyusb/src/common/tusb_fifo.c.obj
                0x10007474                tu_fifo_read_n
 .text.tu_fifo_write
                0x1000747e       0x6c CMakeFiles/Brushed_main.dir/C_/Users/Pablo/Documents/Programacion/Firmware/RP2040/pico-sdk/lib/tinyusb/src/common/tusb_fifo.c.obj
                0x1000747e                tu_fifo_write
 .text.tu_fifo_write_n
                0x100074ea        0xa CMakeFiles/Brushed_main.dir/C_/Users/Pablo/Documents/Programacion/Firmware/RP2040/pico-sdk/lib/tinyusb/src/common/tusb_fifo.c.obj
                0x100074ea                tu_fifo_write_n
 .text.tu_fifo_clear
                0x100074f4       0x4c CMakeFiles/Brushed_main.dir/C_/Users/Pablo/Documents/Programacion/Firmware/RP2040/pico-sdk/lib/tinyusb/src/common/tusb_fifo.c.obj
                0x100074f4                tu_fifo_clear
 .text.tu_fifo_set_overwritable
                0x10007540       0x3c CMakeFiles/Brushed_main.dir/C_/Users/Pablo/Documents/Programacion/Firmware/RP2040/pico-sdk/lib/tinyusb/src/common/tusb_fifo.c.obj
                0x10007540                tu_fifo_set_overwritable
 .text._retrieve_unique_id_on_boot
                0x1000757c       0x10 CMakeFiles/Brushed_main.dir/C_/Users/Pablo/Documents/Programacion/Firmware/RP2040/pico-sdk/src/rp2_common/pico_unique_id/unique_id.c.obj
 .text.pico_get_unique_board_id_string
                0x1000758c       0x60 CMakeFiles/Brushed_main.dir/C_/Users/Pablo/Documents/Programacion/Firmware/RP2040/pico-sdk/src/rp2_common/pico_unique_id/unique_id.c.obj
                0x1000758c                pico_get_unique_board_id_string
 .text.flash_get_unique_id
                0x100075ec       0x46 CMakeFiles/Brushed_main.dir/C_/Users/Pablo/Documents/Programacion/Firmware/RP2040/pico-sdk/src/rp2_common/hardware_flash/flash.c.obj
                0x100075ec                flash_get_unique_id
 *fill*         0x10007632        0x2 
 .text.adc_init
                0x10007634       0x34 CMakeFiles/Brushed_main.dir/C_/Users/Pablo/Documents/Programacion/Firmware/RP2040/pico-sdk/src/rp2_common/hardware_adc/adc.c.obj
                0x10007634                adc_init
 .text.spi_set_baudrate
                0x10007668       0x92 CMakeFiles/Brushed_main.dir/C_/Users/Pablo/Documents/Programacion/Firmware/RP2040/pico-sdk/src/rp2_common/hardware_spi/spi.c.obj
                0x10007668                spi_set_baudrate
 *fill*         0x100076fa        0x2 
 .text.spi_init
                0x100076fc       0x68 CMakeFiles/Brushed_main.dir/C_/Users/Pablo/Documents/Programacion/Firmware/RP2040/pico-sdk/src/rp2_common/hardware_spi/spi.c.obj
                0x100076fc                spi_init
 .text.strlen   0x10007764       0x5c c:/progra~2/gnuarm~1/102021~1.10/bin/../lib/gcc/arm-none-eabi/10.3.1/../../../../arm-none-eabi/lib/thumb/v6-m/nofp\libg.a(lib_a-strlen-stub.o)
                0x10007764                strlen
 *(.fini)
 .fini          0x100077c0        0x4 c:/progra~2/gnuarm~1/102021~1.10/bin/../lib/gcc/arm-none-eabi/10.3.1/thumb/v6-m/nofp/crti.o
                0x100077c0                _fini
 *fill*         0x100077c4        0x4 
 .fini.__stub   0x100077c8       0x80 linker stubs
 *crtbegin.o(.ctors)
 *crtbegin?.o(.ctors)
 *(EXCLUDE_FILE(*crtend.o *crtend?.o) .ctors)
 *(SORT_BY_NAME(.ctors.*))
 *(.ctors)
 *crtbegin.o(.dtors)
 *crtbegin?.o(.dtors)
 *(EXCLUDE_FILE(*crtend.o *crtend?.o) .dtors)
 *(SORT_BY_NAME(.dtors.*))
 *(.dtors)
 *(.eh_frame*)
 .eh_frame      0x10007848        0x0 c:/progra~2/gnuarm~1/102021~1.10/bin/../lib/gcc/arm-none-eabi/10.3.1/thumb/v6-m/nofp/crtbegin.o
                0x10007848                . = ALIGN (0x4)

.glue_7         0x10007848        0x0
 .glue_7        0x10007848        0x0 linker stubs

.glue_7t        0x10007848        0x0
 .glue_7t       0x10007848        0x0 linker stubs

.vfp11_veneer   0x10007848        0x0
 .vfp11_veneer  0x10007848        0x0 linker stubs

.v4_bx          0x10007848        0x0
 .v4_bx         0x10007848        0x0 linker stubs

.iplt           0x10007848        0x0
 .iplt          0x10007848        0x0 c:/progra~2/gnuarm~1/102021~1.10/bin/../lib/gcc/arm-none-eabi/10.3.1/thumb/v6-m/nofp/crtbegin.o

.rodata         0x10007848     0x1960
 *(EXCLUDE_FILE(*libm.a: *libc.a:*lib_a-mem*.o *libgcc.a:) .rodata*)
 .rodata.main.str1.4
                0x10007848        0x4 CMakeFiles/Brushed_main.dir/Brushed_main.c.obj
 .rodata.spin_lock_claim_unused.str1.4
                0x1000784c       0x1b CMakeFiles/Brushed_main.dir/C_/Users/Pablo/Documents/Programacion/Firmware/RP2040/pico-sdk/src/rp2_common/hardware_sync/sync.c.obj
 *fill*         0x10007867        0x1 
 .rodata.make_branch.str1.4
                0x10007868       0x91 CMakeFiles/Brushed_main.dir/C_/Users/Pablo/Documents/Programacion/Firmware/RP2040/pico-sdk/src/rp2_common/hardware_irq/irq.c.obj
 *fill*         0x100078f9        0x3 
 .rodata.insert_branch_and_link.str1.4
                0x100078fc       0x10 CMakeFiles/Brushed_main.dir/C_/Users/Pablo/Documents/Programacion/Firmware/RP2040/pico-sdk/src/rp2_common/hardware_irq/irq.c.obj
 .rodata.irq_set_exclusive_handler.str1.4
                0x1000790c       0x36 CMakeFiles/Brushed_main.dir/C_/Users/Pablo/Documents/Programacion/Firmware/RP2040/pico-sdk/src/rp2_common/hardware_irq/irq.c.obj
 *fill*         0x10007942        0x2 
 .rodata.irq_add_shared_handler.str1.4
                0x10007944       0xd9 CMakeFiles/Brushed_main.dir/C_/Users/Pablo/Documents/Programacion/Firmware/RP2040/pico-sdk/src/rp2_common/hardware_irq/irq.c.obj
 *fill*         0x10007a1d        0x3 
 .rodata.irq_remove_handler.str1.4
                0x10007a20       0x2a CMakeFiles/Brushed_main.dir/C_/Users/Pablo/Documents/Programacion/Firmware/RP2040/pico-sdk/src/rp2_common/hardware_irq/irq.c.obj
 *fill*         0x10007a4a        0x2 
 .rodata.irq_add_tail_to_free_list.str1.4
                0x10007a4c       0x3a CMakeFiles/Brushed_main.dir/C_/Users/Pablo/Documents/Programacion/Firmware/RP2040/pico-sdk/src/rp2_common/hardware_irq/irq.c.obj
 *fill*         0x10007a86        0x2 
 .rodata.user_irq_claim_unused.str1.4
                0x10007a88       0x1b CMakeFiles/Brushed_main.dir/C_/Users/Pablo/Documents/Programacion/Firmware/RP2040/pico-sdk/src/rp2_common/hardware_irq/irq.c.obj
 *fill*         0x10007aa3        0x1 
 .rodata.__func__.0
                0x10007aa4       0x1a CMakeFiles/Brushed_main.dir/C_/Users/Pablo/Documents/Programacion/Firmware/RP2040/pico-sdk/src/rp2_common/hardware_irq/irq.c.obj
 *fill*         0x10007abe        0x2 
 .rodata.__func__.1
                0x10007ac0       0x17 CMakeFiles/Brushed_main.dir/C_/Users/Pablo/Documents/Programacion/Firmware/RP2040/pico-sdk/src/rp2_common/hardware_irq/irq.c.obj
 *fill*         0x10007ad7        0x1 
 .rodata.__func__.2
                0x10007ad8       0x13 CMakeFiles/Brushed_main.dir/C_/Users/Pablo/Documents/Programacion/Firmware/RP2040/pico-sdk/src/rp2_common/hardware_irq/irq.c.obj
 *fill*         0x10007aeb        0x1 
 .rodata.__func__.3
                0x10007aec        0xc CMakeFiles/Brushed_main.dir/C_/Users/Pablo/Documents/Programacion/Firmware/RP2040/pico-sdk/src/rp2_common/hardware_irq/irq.c.obj
 .rodata.__func__.4
                0x10007af8        0xf CMakeFiles/Brushed_main.dir/C_/Users/Pablo/Documents/Programacion/Firmware/RP2040/pico-sdk/src/rp2_common/hardware_irq/irq.c.obj
 *fill*         0x10007b07        0x1 
 .rodata.__func__.5
                0x10007b08       0x17 CMakeFiles/Brushed_main.dir/C_/Users/Pablo/Documents/Programacion/Firmware/RP2040/pico-sdk/src/rp2_common/hardware_irq/irq.c.obj
 *fill*         0x10007b1f        0x1 
 .rodata.__func__.6
                0x10007b20       0x1a CMakeFiles/Brushed_main.dir/C_/Users/Pablo/Documents/Programacion/Firmware/RP2040/pico-sdk/src/rp2_common/hardware_irq/irq.c.obj
 *fill*         0x10007b3a        0x2 
 .rodata.repeating_timer_callback.str1.4
                0x10007b3c       0x6f CMakeFiles/Brushed_main.dir/C_/Users/Pablo/Documents/Programacion/Firmware/RP2040/pico-sdk/src/common/pico_time/time.c.obj
 *fill*         0x10007bab        0x1 
 .rodata.alarm_pool_dump_key.str1.4
                0x10007bac       0x33 CMakeFiles/Brushed_main.dir/C_/Users/Pablo/Documents/Programacion/Firmware/RP2040/pico-sdk/src/common/pico_time/time.c.obj
 *fill*         0x10007bdf        0x1 
 .rodata.ph_add_child_node.str1.4
                0x10007be0       0xba CMakeFiles/Brushed_main.dir/C_/Users/Pablo/Documents/Programacion/Firmware/RP2040/pico-sdk/src/common/pico_time/time.c.obj
 *fill*         0x10007c9a        0x2 
 .rodata.add_alarm_under_lock.str1.4
                0x10007c9c       0x28 CMakeFiles/Brushed_main.dir/C_/Users/Pablo/Documents/Programacion/Firmware/RP2040/pico-sdk/src/common/pico_time/time.c.obj
                                 0x2b (size before relaxing)
 .rodata.alarm_pool_alarm_callback.str1.4
                0x10007cc4      0x10a CMakeFiles/Brushed_main.dir/C_/Users/Pablo/Documents/Programacion/Firmware/RP2040/pico-sdk/src/common/pico_time/time.c.obj
 *fill*         0x10007dce        0x2 
 .rodata.alarm_pool_get_default.str1.4
                0x10007dd0       0x21 CMakeFiles/Brushed_main.dir/C_/Users/Pablo/Documents/Programacion/Firmware/RP2040/pico-sdk/src/common/pico_time/time.c.obj
 *fill*         0x10007df1        0x3 
 .rodata.alarm_pool_cancel_alarm.str1.4
                0x10007df4       0x27 CMakeFiles/Brushed_main.dir/C_/Users/Pablo/Documents/Programacion/Firmware/RP2040/pico-sdk/src/common/pico_time/time.c.obj
 *fill*         0x10007e1b        0x1 
 .rodata.sleep_until.str1.4
                0x10007e1c       0x4d CMakeFiles/Brushed_main.dir/C_/Users/Pablo/Documents/Programacion/Firmware/RP2040/pico-sdk/src/common/pico_time/time.c.obj
 *fill*         0x10007e69        0x3 
 .rodata.__func__.0
                0x10007e6c       0x19 CMakeFiles/Brushed_main.dir/C_/Users/Pablo/Documents/Programacion/Firmware/RP2040/pico-sdk/src/common/pico_time/time.c.obj
 *fill*         0x10007e85        0x3 
 .rodata.__func__.1
                0x10007e88       0x18 CMakeFiles/Brushed_main.dir/C_/Users/Pablo/Documents/Programacion/Firmware/RP2040/pico-sdk/src/common/pico_time/time.c.obj
 .rodata.__func__.10
                0x10007ea0       0x15 CMakeFiles/Brushed_main.dir/C_/Users/Pablo/Documents/Programacion/Firmware/RP2040/pico-sdk/src/common/pico_time/time.c.obj
 *fill*         0x10007eb5        0x3 
 .rodata.__func__.11
                0x10007eb8       0x1a CMakeFiles/Brushed_main.dir/C_/Users/Pablo/Documents/Programacion/Firmware/RP2040/pico-sdk/src/common/pico_time/time.c.obj
 *fill*         0x10007ed2        0x2 
 .rodata.__func__.12
                0x10007ed4        0xa CMakeFiles/Brushed_main.dir/C_/Users/Pablo/Documents/Programacion/Firmware/RP2040/pico-sdk/src/common/pico_time/time.c.obj
 *fill*         0x10007ede        0x2 
 .rodata.__func__.3
                0x10007ee0       0x17 CMakeFiles/Brushed_main.dir/C_/Users/Pablo/Documents/Programacion/Firmware/RP2040/pico-sdk/src/common/pico_time/time.c.obj
 *fill*         0x10007ef7        0x1 
 .rodata.__func__.4
                0x10007ef8       0x12 CMakeFiles/Brushed_main.dir/C_/Users/Pablo/Documents/Programacion/Firmware/RP2040/pico-sdk/src/common/pico_time/time.c.obj
 *fill*         0x10007f0a        0x2 
 .rodata.__func__.5
                0x10007f0c        0xd CMakeFiles/Brushed_main.dir/C_/Users/Pablo/Documents/Programacion/Firmware/RP2040/pico-sdk/src/common/pico_time/time.c.obj
 *fill*         0x10007f19        0x3 
 .rodata.__func__.6
                0x10007f1c       0x12 CMakeFiles/Brushed_main.dir/C_/Users/Pablo/Documents/Programacion/Firmware/RP2040/pico-sdk/src/common/pico_time/time.c.obj
 *fill*         0x10007f2e        0x2 
 .rodata.__func__.7
                0x10007f30        0xf CMakeFiles/Brushed_main.dir/C_/Users/Pablo/Documents/Programacion/Firmware/RP2040/pico-sdk/src/common/pico_time/time.c.obj
 *fill*         0x10007f3f        0x1 
 .rodata.__func__.8
                0x10007f40        0xc CMakeFiles/Brushed_main.dir/C_/Users/Pablo/Documents/Programacion/Firmware/RP2040/pico-sdk/src/common/pico_time/time.c.obj
 .rodata.__func__.9
                0x10007f4c       0x15 CMakeFiles/Brushed_main.dir/C_/Users/Pablo/Documents/Programacion/Firmware/RP2040/pico-sdk/src/common/pico_time/time.c.obj
 *fill*         0x10007f61        0x3 
 .rodata.hardware_alarm_claim.str1.4
                0x10007f64       0x22 CMakeFiles/Brushed_main.dir/C_/Users/Pablo/Documents/Programacion/Firmware/RP2040/pico-sdk/src/rp2_common/hardware_timer/timer.c.obj
 *fill*         0x10007f86        0x2 
 .rodata.hardware_alarm_set_target.str1.4
                0x10007f88       0x89 CMakeFiles/Brushed_main.dir/C_/Users/Pablo/Documents/Programacion/Firmware/RP2040/pico-sdk/src/rp2_common/hardware_timer/timer.c.obj
 *fill*         0x10008011        0x3 
 .rodata.__func__.0
                0x10008014       0x1a CMakeFiles/Brushed_main.dir/C_/Users/Pablo/Documents/Programacion/Firmware/RP2040/pico-sdk/src/rp2_common/hardware_timer/timer.c.obj
 .rodata.ph_add_child_node.str1.4
                0x1000802e       0xba CMakeFiles/Brushed_main.dir/C_/Users/Pablo/Documents/Programacion/Firmware/RP2040/pico-sdk/src/common/pico_util/pheap.c.obj
 *fill*         0x1000802e        0x2 
 .rodata.ph_remove_any_head.str1.4
                0x10008030       0xb0 CMakeFiles/Brushed_main.dir/C_/Users/Pablo/Documents/Programacion/Firmware/RP2040/pico-sdk/src/common/pico_util/pheap.c.obj
 .rodata.ph_remove_and_free_node.str1.4
                0x100080e0       0x1e CMakeFiles/Brushed_main.dir/C_/Users/Pablo/Documents/Programacion/Firmware/RP2040/pico-sdk/src/common/pico_util/pheap.c.obj
                                 0x26 (size before relaxing)
 *fill*         0x100080fe        0x2 
 .rodata.__func__.0
                0x10008100       0x18 CMakeFiles/Brushed_main.dir/C_/Users/Pablo/Documents/Programacion/Firmware/RP2040/pico-sdk/src/common/pico_util/pheap.c.obj
 .rodata.__func__.1
                0x10008118       0x13 CMakeFiles/Brushed_main.dir/C_/Users/Pablo/Documents/Programacion/Firmware/RP2040/pico-sdk/src/common/pico_util/pheap.c.obj
 *fill*         0x1000812b        0x1 
 .rodata.__func__.2
                0x1000812c       0x12 CMakeFiles/Brushed_main.dir/C_/Users/Pablo/Documents/Programacion/Firmware/RP2040/pico-sdk/src/common/pico_util/pheap.c.obj
 *fill*         0x1000813e        0x2 
 .rodata.__func__.3
                0x10008140        0xc CMakeFiles/Brushed_main.dir/C_/Users/Pablo/Documents/Programacion/Firmware/RP2040/pico-sdk/src/common/pico_util/pheap.c.obj
 .rodata.str1.4
                0x1000814c       0xad CMakeFiles/Brushed_main.dir/C_/Users/Pablo/Documents/Programacion/Firmware/RP2040/pico-sdk/src/common/pico_sync/mutex.c.obj
                                0x135 (size before relaxing)
 *fill*         0x100081f9        0x3 
 .rodata.__func__.1
                0x100081fc        0xb CMakeFiles/Brushed_main.dir/C_/Users/Pablo/Documents/Programacion/Firmware/RP2040/pico-sdk/src/common/pico_sync/mutex.c.obj
 *fill*         0x10008207        0x1 
 .rodata.__func__.3
                0x10008208       0x18 CMakeFiles/Brushed_main.dir/C_/Users/Pablo/Documents/Programacion/Firmware/RP2040/pico-sdk/src/common/pico_sync/mutex.c.obj
 .rodata.__func__.4
                0x10008220       0x15 CMakeFiles/Brushed_main.dir/C_/Users/Pablo/Documents/Programacion/Firmware/RP2040/pico-sdk/src/common/pico_sync/mutex.c.obj
 *fill*         0x10008235        0x3 
 .rodata.__assert_func.str1.4
                0x10008238       0x3f CMakeFiles/Brushed_main.dir/C_/Users/Pablo/Documents/Programacion/Firmware/RP2040/pico-sdk/src/rp2_common/pico_runtime/runtime.c.obj
                                 0x43 (size before relaxing)
 *fill*         0x10008277        0x1 
 .rodata.runtime_init.str1.4
                0x10008278       0x85 CMakeFiles/Brushed_main.dir/C_/Users/Pablo/Documents/Programacion/Firmware/RP2040/pico-sdk/src/rp2_common/pico_runtime/runtime.c.obj
 *fill*         0x100082fd        0x3 
 .rodata.panic.str1.4
                0x10008300       0x12 CMakeFiles/Brushed_main.dir/C_/Users/Pablo/Documents/Programacion/Firmware/RP2040/pico-sdk/src/rp2_common/pico_runtime/runtime.c.obj
 *fill*         0x10008312        0x2 
 .rodata.__func__.1
                0x10008314        0xd CMakeFiles/Brushed_main.dir/C_/Users/Pablo/Documents/Programacion/Firmware/RP2040/pico-sdk/src/rp2_common/pico_runtime/runtime.c.obj
 *fill*         0x10008321        0x3 
 .rodata.clock_configure.str1.4
                0x10008324       0x7b CMakeFiles/Brushed_main.dir/C_/Users/Pablo/Documents/Programacion/Firmware/RP2040/pico-sdk/src/rp2_common/hardware_clocks/clocks.c.obj
 *fill*         0x1000839f        0x1 
 .rodata.__func__.1
                0x100083a0       0x10 CMakeFiles/Brushed_main.dir/C_/Users/Pablo/Documents/Programacion/Firmware/RP2040/pico-sdk/src/rp2_common/hardware_clocks/clocks.c.obj
 .rodata.pll_init.str1.4
                0x100083b0      0x15f CMakeFiles/Brushed_main.dir/C_/Users/Pablo/Documents/Programacion/Firmware/RP2040/pico-sdk/src/rp2_common/hardware_pll/pll.c.obj
 *fill*         0x1000850f        0x1 
 .rodata.__func__.0
                0x10008510        0x9 CMakeFiles/Brushed_main.dir/C_/Users/Pablo/Documents/Programacion/Firmware/RP2040/pico-sdk/src/rp2_common/hardware_pll/pll.c.obj
 *fill*         0x10008519        0x3 
 .rodata._ftoa.str1.4
                0x1000851c       0x15 CMakeFiles/Brushed_main.dir/C_/Users/Pablo/Documents/Programacion/Firmware/RP2040/pico-sdk/src/rp2_common/pico_printf/printf.c.obj
 *fill*         0x10008531        0x3 
 .rodata._vsnprintf
                0x10008534      0x1e0 CMakeFiles/Brushed_main.dir/C_/Users/Pablo/Documents/Programacion/Firmware/RP2040/pico-sdk/src/rp2_common/pico_printf/printf.c.obj
 *fill*         0x10008714        0x4 
 .rodata.pow10.0
                0x10008718       0x50 CMakeFiles/Brushed_main.dir/C_/Users/Pablo/Documents/Programacion/Firmware/RP2040/pico-sdk/src/rp2_common/pico_printf/printf.c.obj
 .rodata.__aeabi_double_init.str1.4
                0x10008768       0xcc CMakeFiles/Brushed_main.dir/C_/Users/Pablo/Documents/Programacion/Firmware/RP2040/pico-sdk/src/rp2_common/pico_double/double_init_rom.c.obj
 .rodata.__func__.0
                0x10008834       0x14 CMakeFiles/Brushed_main.dir/C_/Users/Pablo/Documents/Programacion/Firmware/RP2040/pico-sdk/src/rp2_common/pico_double/double_init_rom.c.obj
 .rodata.__aeabi_float_init.str1.4
                0x10008848       0x9e CMakeFiles/Brushed_main.dir/C_/Users/Pablo/Documents/Programacion/Firmware/RP2040/pico-sdk/src/rp2_common/pico_float/float_init_rom.c.obj
                                 0xa2 (size before relaxing)
 *fill*         0x100088e6        0x2 
 .rodata.__func__.0
                0x100088e8       0x13 CMakeFiles/Brushed_main.dir/C_/Users/Pablo/Documents/Programacion/Firmware/RP2040/pico-sdk/src/rp2_common/pico_float/float_init_rom.c.obj
 *fill*         0x100088fb        0x1 
 .rodata.str1.4
                0x100088fc       0x44 CMakeFiles/Brushed_main.dir/C_/Users/Pablo/Documents/Programacion/Firmware/RP2040/pico-sdk/src/rp2_common/pico_standard_link/binary_info.c.obj
 .rodata.__bi_44
                0x10008940        0xc CMakeFiles/Brushed_main.dir/C_/Users/Pablo/Documents/Programacion/Firmware/RP2040/pico-sdk/src/rp2_common/pico_standard_link/binary_info.c.obj
 .rodata.__bi_75
                0x1000894c        0xc CMakeFiles/Brushed_main.dir/C_/Users/Pablo/Documents/Programacion/Firmware/RP2040/pico-sdk/src/rp2_common/pico_standard_link/binary_info.c.obj
 .rodata.__bi_81
                0x10008958        0xc CMakeFiles/Brushed_main.dir/C_/Users/Pablo/Documents/Programacion/Firmware/RP2040/pico-sdk/src/rp2_common/pico_standard_link/binary_info.c.obj
 .rodata.crlf_str.3
                0x10008964        0x2 CMakeFiles/Brushed_main.dir/C_/Users/Pablo/Documents/Programacion/Firmware/RP2040/pico-sdk/src/rp2_common/pico_stdio/stdio.c.obj
 *fill*         0x10008966        0x2 
 .rodata._resetd_driver
                0x10008968       0x18 CMakeFiles/Brushed_main.dir/C_/Users/Pablo/Documents/Programacion/Firmware/RP2040/pico-sdk/src/rp2_common/pico_stdio_usb/reset_interface.c.obj
 .rodata.timer_task.str1.4
                0x10008980       0x91 CMakeFiles/Brushed_main.dir/C_/Users/Pablo/Documents/Programacion/Firmware/RP2040/pico-sdk/src/rp2_common/pico_stdio_usb/stdio_usb.c.obj
 .rodata.stdio_usb_init.str1.4
                0x10008a11       0x85 CMakeFiles/Brushed_main.dir/C_/Users/Pablo/Documents/Programacion/Firmware/RP2040/pico-sdk/src/rp2_common/pico_stdio_usb/stdio_usb.c.obj
 *fill*         0x10008a11        0x3 
 .rodata.str1.4
                0x10008a14       0x13 CMakeFiles/Brushed_main.dir/C_/Users/Pablo/Documents/Programacion/Firmware/RP2040/pico-sdk/src/rp2_common/pico_stdio_usb/stdio_usb.c.obj
 *fill*         0x10008a27        0x1 
 .rodata.__bi_118.2
                0x10008a28        0xc CMakeFiles/Brushed_main.dir/C_/Users/Pablo/Documents/Programacion/Firmware/RP2040/pico-sdk/src/rp2_common/pico_stdio_usb/stdio_usb.c.obj
 .rodata.__func__.0
                0x10008a34       0x15 CMakeFiles/Brushed_main.dir/C_/Users/Pablo/Documents/Programacion/Firmware/RP2040/pico-sdk/src/rp2_common/pico_stdio_usb/stdio_usb.c.obj
 *fill*         0x10008a49        0x3 
 .rodata.__func__.1
                0x10008a4c        0xb CMakeFiles/Brushed_main.dir/C_/Users/Pablo/Documents/Programacion/Firmware/RP2040/pico-sdk/src/rp2_common/pico_stdio_usb/stdio_usb.c.obj
 *fill*         0x10008a57        0x1 
 .rodata.str1.4
                0x10008a58       0x2a CMakeFiles/Brushed_main.dir/C_/Users/Pablo/Documents/Programacion/Firmware/RP2040/pico-sdk/src/rp2_common/pico_stdio_usb/stdio_usb_descriptors.c.obj
 *fill*         0x10008a82        0x2 
 .rodata.usbd_desc_cfg
                0x10008a84       0x54 CMakeFiles/Brushed_main.dir/C_/Users/Pablo/Documents/Programacion/Firmware/RP2040/pico-sdk/src/rp2_common/pico_stdio_usb/stdio_usb_descriptors.c.obj
 .rodata.usbd_desc_device
                0x10008ad8       0x12 CMakeFiles/Brushed_main.dir/C_/Users/Pablo/Documents/Programacion/Firmware/RP2040/pico-sdk/src/rp2_common/pico_stdio_usb/stdio_usb_descriptors.c.obj
 *fill*         0x10008aea        0x2 
 .rodata.usbd_desc_str
                0x10008aec       0x18 CMakeFiles/Brushed_main.dir/C_/Users/Pablo/Documents/Programacion/Firmware/RP2040/pico-sdk/src/rp2_common/pico_stdio_usb/stdio_usb_descriptors.c.obj
 .rodata._hw_endpoint_alloc.str1.4
                0x10008b04       0xd9 CMakeFiles/Brushed_main.dir/C_/Users/Pablo/Documents/Programacion/Firmware/RP2040/pico-sdk/lib/tinyusb/src/portable/raspberrypi/rp2040/dcd_rp2040.c.obj
 *fill*         0x10008bdd        0x3 
 .rodata.dcd_rp2040_irq.str1.4
                0x10008be0       0x14 CMakeFiles/Brushed_main.dir/C_/Users/Pablo/Documents/Programacion/Firmware/RP2040/pico-sdk/lib/tinyusb/src/portable/raspberrypi/rp2040/dcd_rp2040.c.obj
 .rodata.dcd_int_enable.str1.4
                0x10008bf4        0xc CMakeFiles/Brushed_main.dir/C_/Users/Pablo/Documents/Programacion/Firmware/RP2040/pico-sdk/lib/tinyusb/src/portable/raspberrypi/rp2040/dcd_rp2040.c.obj
 .rodata.__func__.0
                0x10008c00        0xe CMakeFiles/Brushed_main.dir/C_/Users/Pablo/Documents/Programacion/Firmware/RP2040/pico-sdk/lib/tinyusb/src/portable/raspberrypi/rp2040/dcd_rp2040.c.obj
 *fill*         0x10008c0e        0x2 
 .rodata.__func__.1
                0x10008c10        0xe CMakeFiles/Brushed_main.dir/C_/Users/Pablo/Documents/Programacion/Firmware/RP2040/pico-sdk/lib/tinyusb/src/portable/raspberrypi/rp2040/dcd_rp2040.c.obj
 *fill*         0x10008c1e        0x2 
 .rodata.__func__.3
                0x10008c20       0x10 CMakeFiles/Brushed_main.dir/C_/Users/Pablo/Documents/Programacion/Firmware/RP2040/pico-sdk/lib/tinyusb/src/portable/raspberrypi/rp2040/dcd_rp2040.c.obj
 .rodata.__func__.5
                0x10008c30        0xf CMakeFiles/Brushed_main.dir/C_/Users/Pablo/Documents/Programacion/Firmware/RP2040/pico-sdk/lib/tinyusb/src/portable/raspberrypi/rp2040/dcd_rp2040.c.obj
 *fill*         0x10008c3f        0x1 
 .rodata.__func__.6
                0x10008c40       0x13 CMakeFiles/Brushed_main.dir/C_/Users/Pablo/Documents/Programacion/Firmware/RP2040/pico-sdk/lib/tinyusb/src/portable/raspberrypi/rp2040/dcd_rp2040.c.obj
 *fill*         0x10008c53        0x1 
 .rodata.__func__.7
                0x10008c54        0x9 CMakeFiles/Brushed_main.dir/C_/Users/Pablo/Documents/Programacion/Firmware/RP2040/pico-sdk/lib/tinyusb/src/portable/raspberrypi/rp2040/dcd_rp2040.c.obj
 *fill*         0x10008c5d        0x3 
 .rodata.sync_ep_buffer.str1.4
                0x10008c60       0xb5 CMakeFiles/Brushed_main.dir/C_/Users/Pablo/Documents/Programacion/Firmware/RP2040/pico-sdk/lib/tinyusb/src/portable/raspberrypi/rp2040/rp2040_usb.c.obj
 *fill*         0x10008d15        0x3 
 .rodata._hw_endpoint_buffer_control_update32.str1.4
                0x10008d18       0x1f CMakeFiles/Brushed_main.dir/C_/Users/Pablo/Documents/Programacion/Firmware/RP2040/pico-sdk/lib/tinyusb/src/portable/raspberrypi/rp2040/rp2040_usb.c.obj
 *fill*         0x10008d37        0x1 
 .rodata.hw_endpoint_xfer_start.str1.4
                0x10008d38       0x38 CMakeFiles/Brushed_main.dir/C_/Users/Pablo/Documents/Programacion/Firmware/RP2040/pico-sdk/lib/tinyusb/src/portable/raspberrypi/rp2040/rp2040_usb.c.obj
 .rodata.hw_endpoint_xfer_continue.str1.4
                0x10008d70       0x29 CMakeFiles/Brushed_main.dir/C_/Users/Pablo/Documents/Programacion/Firmware/RP2040/pico-sdk/lib/tinyusb/src/portable/raspberrypi/rp2040/rp2040_usb.c.obj
 *fill*         0x10008d99        0x3 
 .rodata.str1.4
                0x10008d9c        0x7 CMakeFiles/Brushed_main.dir/C_/Users/Pablo/Documents/Programacion/Firmware/RP2040/pico-sdk/lib/tinyusb/src/portable/raspberrypi/rp2040/rp2040_usb.c.obj
 *fill*         0x10008da3        0x1 
 .rodata.__func__.0
                0x10008da4        0xf CMakeFiles/Brushed_main.dir/C_/Users/Pablo/Documents/Programacion/Firmware/RP2040/pico-sdk/lib/tinyusb/src/portable/raspberrypi/rp2040/rp2040_usb.c.obj
 *fill*         0x10008db3        0x1 
 .rodata.process_set_config.str1.4
                0x10008db4       0x17 CMakeFiles/Brushed_main.dir/C_/Users/Pablo/Documents/Programacion/Firmware/RP2040/pico-sdk/lib/tinyusb/src/device/usbd.c.obj
 *fill*         0x10008dcb        0x1 
 .rodata.process_get_descriptor
                0x10008dcc       0x40 CMakeFiles/Brushed_main.dir/C_/Users/Pablo/Documents/Programacion/Firmware/RP2040/pico-sdk/lib/tinyusb/src/device/usbd.c.obj
 .rodata.process_control_request
                0x10008e0c       0x28 CMakeFiles/Brushed_main.dir/C_/Users/Pablo/Documents/Programacion/Firmware/RP2040/pico-sdk/lib/tinyusb/src/device/usbd.c.obj
 .rodata.tud_task
                0x10008e34       0x24 CMakeFiles/Brushed_main.dir/C_/Users/Pablo/Documents/Programacion/Firmware/RP2040/pico-sdk/lib/tinyusb/src/device/usbd.c.obj
 .rodata.__func__.2
                0x10008e58        0xf CMakeFiles/Brushed_main.dir/C_/Users/Pablo/Documents/Programacion/Firmware/RP2040/pico-sdk/lib/tinyusb/src/device/usbd.c.obj
 *fill*         0x10008e67        0x1 
 .rodata.__func__.3
                0x10008e68        0xf CMakeFiles/Brushed_main.dir/C_/Users/Pablo/Documents/Programacion/Firmware/RP2040/pico-sdk/lib/tinyusb/src/device/usbd.c.obj
 *fill*         0x10008e77        0x1 
 .rodata.__func__.4
                0x10008e78       0x14 CMakeFiles/Brushed_main.dir/C_/Users/Pablo/Documents/Programacion/Firmware/RP2040/pico-sdk/lib/tinyusb/src/device/usbd.c.obj
 .rodata.__func__.5
                0x10008e8c       0x10 CMakeFiles/Brushed_main.dir/C_/Users/Pablo/Documents/Programacion/Firmware/RP2040/pico-sdk/lib/tinyusb/src/device/usbd.c.obj
 .rodata.__func__.6
                0x10008e9c       0x17 CMakeFiles/Brushed_main.dir/C_/Users/Pablo/Documents/Programacion/Firmware/RP2040/pico-sdk/lib/tinyusb/src/device/usbd.c.obj
 *fill*         0x10008eb3        0x1 
 .rodata.__func__.7
                0x10008eb4       0x13 CMakeFiles/Brushed_main.dir/C_/Users/Pablo/Documents/Programacion/Firmware/RP2040/pico-sdk/lib/tinyusb/src/device/usbd.c.obj
 *fill*         0x10008ec7        0x1 
 .rodata.__func__.8
                0x10008ec8       0x18 CMakeFiles/Brushed_main.dir/C_/Users/Pablo/Documents/Programacion/Firmware/RP2040/pico-sdk/lib/tinyusb/src/device/usbd.c.obj
 .rodata.__func__.9